data_storage.c:31:6:init_data_st	8	static
data_storage.c:40:6:backup_dateTime	8	static
data_storage.c:45:6:send_time	8	static
data_storage.c:49:6:send_date	8	static
data_storage.c:53:6:send_temp_unit	8	static
data_storage.c:59:6:send_dateTime	16	static
data_storage.c:64:6:dateTimeToString	40	static
data_storage.c:69:6:TemperatureAndPressureToString	48	static
data_storage.c:75:6:get_Time	16	static
data_storage.c:79:6:get_Date	24	static
data_storage.c:83:6:change_time	16	static
data_storage.c:89:6:change_date	24	static
data_storage.c:101:6:change_temp_unit	16	static
data_storage.c:108:5:nextField	16	static
data_storage.c:112:5:get_CurrentField	4	static
data_storage.c:116:8:celsius	8	static
data_storage.c:120:8:celsius_to_fahrenheit	16	static
data_storage.c:124:6:get_Temperature	24	static
