data_storage.c:97:6:init_data_st	8	static
data_storage.c:106:6:backup_dateTime	8	static
data_storage.c:111:6:send_time	8	static
data_storage.c:115:6:send_date	8	static
data_storage.c:119:6:send_temp_unit	8	static
data_storage.c:125:6:send_dateTime	16	static
data_storage.c:130:6:dateTimeToString	40	static
data_storage.c:135:6:TemperatureAndPressureToString	48	static
data_storage.c:141:6:get_Time	16	static
data_storage.c:145:6:get_Date	24	static
data_storage.c:149:6:change_time	16	static
data_storage.c:155:6:change_date	24	static
data_storage.c:167:6:change_temp_unit	16	static
data_storage.c:174:5:nextField	16	static
data_storage.c:178:5:get_CurrentField	4	static
data_storage.c:182:8:celsius	8	static
data_storage.c:186:8:celsius_to_fahrenheit	16	static
data_storage.c:190:6:get_Temperature	24	static
