Archive member included to satisfy reference by file (symbol)

D:\Isel\19-20\Inverno\SE1\CMSIS_CORE_LPC17xx\Debug\libCMSIS_CORE_LPC17xx.a(system_LPC17xx.o)
                              ./src/cr_startup_lpc175x_6x.o (SystemInit)
D:\Isel\19-20\Inverno\SE1\SE1920\Debug\libSE1920.a(BMP280.o)
                              ./src/data_storage.o (current_temp)
D:\Isel\19-20\Inverno\SE1\SE1920\Debug\libSE1920.a(button.o)
                              ./src/menu.o (BUTTON_GetButtonsEvents)
D:\Isel\19-20\Inverno\SE1\SE1920\Debug\libSE1920.a(flash.o)
                              ./src/data_storage.o (writeToFlash)
D:\Isel\19-20\Inverno\SE1\SE1920\Debug\libSE1920.a(iap.o)
                              D:\Isel\19-20\Inverno\SE1\SE1920\Debug\libSE1920.a(flash.o) (FLASH_WriteData)
D:\Isel\19-20\Inverno\SE1\SE1920\Debug\libSE1920.a(lcd.o)
                              ./src/menu_maintenance.o (LCDText_Locate)
D:\Isel\19-20\Inverno\SE1\SE1920\Debug\libSE1920.a(led.o)
                              ./src/menu.o (turn_off_led)
D:\Isel\19-20\Inverno\SE1\SE1920\Debug\libSE1920.a(peripherals.o)
                              ./src/menu.o (init_peripherals)
D:\Isel\19-20\Inverno\SE1\SE1920\Debug\libSE1920.a(rtc.o)
                              D:\Isel\19-20\Inverno\SE1\SE1920\Debug\libSE1920.a(peripherals.o) (init_RTC)
D:\Isel\19-20\Inverno\SE1\SE1920\Debug\libSE1920.a(spi.o)
                              D:\Isel\19-20\Inverno\SE1\SE1920\Debug\libSE1920.a(peripherals.o) (init_spi)
D:\Isel\19-20\Inverno\SE1\SE1920\Debug\libSE1920.a(ui.o)
                              D:\Isel\19-20\Inverno\SE1\SE1920\Debug\libSE1920.a(peripherals.o) (init_ui)
D:\Isel\19-20\Inverno\SE1\SE1920\Debug\libSE1920.a(wait.o)
                              D:\Isel\19-20\Inverno\SE1\SE1920\Debug\libSE1920.a(peripherals.o) (init_wait)
c:/nxp/mcuxpressoide_11.0.1_2563/ide/plugins/com.nxp.mcuxpresso.tools.win32_11.0.1.201907311258/tools/bin/../lib/gcc/arm-none-eabi/8.2.1/../../../../arm-none-eabi/lib/thumb/v7-m/nofp\libcr_semihost.a(_cr__main.o)
                              ./src/cr_startup_lpc175x_6x.o (__main)
c:/nxp/mcuxpressoide_11.0.1_2563/ide/plugins/com.nxp.mcuxpresso.tools.win32_11.0.1.201907311258/tools/bin/../lib/gcc/arm-none-eabi/8.2.1/../../../../arm-none-eabi/lib/thumb/v7-m/nofp\libcr_c.a(memcpy.o)
                              D:\Isel\19-20\Inverno\SE1\SE1920\Debug\libSE1920.a(iap.o) (memcpy)
c:/nxp/mcuxpressoide_11.0.1_2563/ide/plugins/com.nxp.mcuxpresso.tools.win32_11.0.1.201907311258/tools/bin/../lib/gcc/arm-none-eabi/8.2.1/../../../../arm-none-eabi/lib/thumb/v7-m/nofp\libcr_c.a(fpprintf.o)
                              ./src/data_storage.o (sprintf)
c:/nxp/mcuxpressoide_11.0.1_2563/ide/plugins/com.nxp.mcuxpresso.tools.win32_11.0.1.201907311258/tools/bin/../lib/gcc/arm-none-eabi/8.2.1/../../../../arm-none-eabi/lib/thumb/v7-m/nofp\libcr_c.a(initio.o)
                              c:/nxp/mcuxpressoide_11.0.1_2563/ide/plugins/com.nxp.mcuxpresso.tools.win32_11.0.1.201907311258/tools/bin/../lib/gcc/arm-none-eabi/8.2.1/../../../../arm-none-eabi/lib/thumb/v7-m/nofp\libcr_semihost.a(_cr__main.o) (_initio)
c:/nxp/mcuxpressoide_11.0.1_2563/ide/plugins/com.nxp.mcuxpresso.tools.win32_11.0.1.201907311258/tools/bin/../lib/gcc/arm-none-eabi/8.2.1/../../../../arm-none-eabi/lib/thumb/v7-m/nofp\libcr_c.a(itoa.o)
                              D:\Isel\19-20\Inverno\SE1\SE1920\Debug\libSE1920.a(lcd.o) (itoa)
c:/nxp/mcuxpressoide_11.0.1_2563/ide/plugins/com.nxp.mcuxpresso.tools.win32_11.0.1.201907311258/tools/bin/../lib/gcc/arm-none-eabi/8.2.1/../../../../arm-none-eabi/lib/thumb/v7-m/nofp\libcr_c.a(printf.o)
                              c:/nxp/mcuxpressoide_11.0.1_2563/ide/plugins/com.nxp.mcuxpresso.tools.win32_11.0.1.201907311258/tools/bin/../lib/gcc/arm-none-eabi/8.2.1/../../../../arm-none-eabi/lib/thumb/v7-m/nofp\libcr_c.a(fpprintf.o) (__vfprintf)
c:/nxp/mcuxpressoide_11.0.1_2563/ide/plugins/com.nxp.mcuxpresso.tools.win32_11.0.1.201907311258/tools/bin/../lib/gcc/arm-none-eabi/8.2.1/../../../../arm-none-eabi/lib/thumb/v7-m/nofp\libcr_c.a(setvbuf.o)
                              c:/nxp/mcuxpressoide_11.0.1_2563/ide/plugins/com.nxp.mcuxpresso.tools.win32_11.0.1.201907311258/tools/bin/../lib/gcc/arm-none-eabi/8.2.1/../../../../arm-none-eabi/lib/thumb/v7-m/nofp\libcr_c.a(initio.o) (setvbuf)
c:/nxp/mcuxpressoide_11.0.1_2563/ide/plugins/com.nxp.mcuxpresso.tools.win32_11.0.1.201907311258/tools/bin/../lib/gcc/arm-none-eabi/8.2.1/../../../../arm-none-eabi/lib/thumb/v7-m/nofp\libcr_c.a(strlen.o)
                              c:/nxp/mcuxpressoide_11.0.1_2563/ide/plugins/com.nxp.mcuxpresso.tools.win32_11.0.1.201907311258/tools/bin/../lib/gcc/arm-none-eabi/8.2.1/../../../../arm-none-eabi/lib/thumb/v7-m/nofp\libcr_c.a(printf.o) (strlen)
c:/nxp/mcuxpressoide_11.0.1_2563/ide/plugins/com.nxp.mcuxpresso.tools.win32_11.0.1.201907311258/tools/bin/../lib/gcc/arm-none-eabi/8.2.1/../../../../arm-none-eabi/lib/thumb/v7-m/nofp\libcr_c.a(time.o)
[...]
Memory Configuration

Name             Origin             Length             Attributes
MFlash512        0x00000000         0x00080000         xr
RamLoc32         0x10000000         0x00008000         xrw
RamAHB32         0x2007c000         0x00008000         xrw
*default*        0x00000000         0xffffffff

Linker script and memory map

LOAD ./src/cr_startup_lpc175x_6x.o
LOAD ./src/crp.o
LOAD ./src/data_storage.o
LOAD ./src/menu.o
LOAD ./src/menu_maintenance.o
LOAD ./src/menu_normal.o
LOAD ./src/project.o
LOAD ./src/view.o
LOAD D:\Isel\19-20\Inverno\SE1\CMSIS_CORE_LPC17xx\Debug\libCMSIS_CORE_LPC17xx.a
LOAD D:\Isel\19-20\Inverno\SE1\SE1920\Debug\libSE1920.a
START GROUP
LOAD c:/nxp/mcuxpressoide_11.0.1_2563/ide/plugins/com.nxp.mcuxpresso.tools.win32_11.0.1.201907311258/tools/bin/../lib/gcc/arm-none-eabi/8.2.1/../../../../arm-none-eabi/lib/thumb/v7-m/nofp\libcr_semihost.a
LOAD c:/nxp/mcuxpressoide_11.0.1_2563/ide/plugins/com.nxp.mcuxpresso.tools.win32_11.0.1.201907311258/tools/bin/../lib/gcc/arm-none-eabi/8.2.1/../../../../arm-none-eabi/lib/thumb/v7-m/nofp\libcr_c.a
LOAD c:/nxp/mcuxpressoide_11.0.1_2563/ide/plugins/com.nxp.mcuxpresso.tools.win32_11.0.1.201907311258/tools/bin/../lib/gcc/arm-none-eabi/8.2.1/thumb/v7-m/nofp\libcr_eabihelpers.a
LOAD c:/nxp/mcuxpressoide_11.0.1_2563/ide/plugins/com.nxp.mcuxpresso.tools.win32_11.0.1.201907311258/tools/bin/../lib/gcc/arm-none-eabi/8.2.1/thumb/v7-m/nofp\libgcc.a
END GROUP
                0x00000000                __base_MFlash512 = 0x0
                0x00000000                __base_Flash = 0x0
                0x00080000                __top_MFlash512 = 0x80000
                0x00080000                __top_Flash = 0x80000
                0x10000000                __base_RamLoc32 = 0x10000000
                0x10000000                __base_RAM = 0x10000000
                0x10008000                __top_RamLoc32 = 0x10008000
                0x10008000                __top_RAM = 0x10008000
                0x2007c000                __base_RamAHB32 = 0x2007c000
                0x2007c000                __base_RAM2 = 0x2007c000
                0x20084000                __top_RamAHB32 = 0x20084000
                0x20084000                __top_RAM2 = 0x20084000

.text           0x00000000     0x4e60
 FILL mask 0xff
                0x00000000                __vectors_start__ = ABSOLUTE (.)
 *(.isr_vector)
 .isr_vector    0x00000000       0xcc ./src/cr_startup_lpc175x_6x.o
                0x00000000                g_pfnVectors
                0x000000cc                . = ALIGN (0x4)
                0x000000cc                __section_table_start = .
                0x000000cc                __data_section_table = .
                0x000000cc        0x4 LONG 0x4e60 LOADADDR (.data)
                0x000000d0        0x4 LONG 0x10000000 ADDR (.data)
                0x000000d4        0x4 LONG 0xc0 SIZEOF (.data)
                0x000000d8        0x4 LONG 0x4e60 LOADADDR (.data_RAM2)
                0x000000dc        0x4 LONG 0x2007c000 ADDR (.data_RAM2)
                0x000000e0        0x4 LONG 0x0 SIZEOF (.data_RAM2)
                0x000000e4                __data_section_table_end = .
                0x000000e4                __bss_section_table = .
                0x000000e4        0x4 LONG 0x100000c0 ADDR (.bss)
                0x000000e8        0x4 LONG 0x2dc SIZEOF (.bss)
                0x000000ec        0x4 LONG 0x2007c000 ADDR (.bss_RAM2)
                0x000000f0        0x4 LONG 0x0 SIZEOF (.bss_RAM2)
                0x000000f4                __bss_section_table_end = .
                0x000000f4                __section_table_end = .
 *(.after_vectors*)
 .after_vectors
                0x000000f4      0x12c ./src/cr_startup_lpc175x_6x.o
                0x000000f4                data_init
                0x00000136                bss_init
                0x0000016c                ResetISR
                0x000001e4                NMI_Handler
                0x000001ea                HardFault_Handler
                0x000001f0                MemManage_Handler
                0x000001f6                BusFault_Handler
                0x000001fc                UsageFault_Handler
                0x00000202                SVC_Handler
                0x00000208                DebugMon_Handler
                0x0000020e                PendSV_Handler
                0x0000021a                UART1_IRQHandler
                0x0000021a                EINT3_IRQHandler
                0x0000021a                CANActivity_IRQHandler
                0x0000021a                TIMER3_IRQHandler
                0x0000021a                UART0_IRQHandler
                0x0000021a                USBActivity_IRQHandler
                0x0000021a                EINT2_IRQHandler
                0x0000021a                IntDefaultHandler
                0x0000021a                PLL0_IRQHandler
                0x0000021a                CAN_IRQHandler
                0x0000021a                I2C0_IRQHandler
                0x0000021a                SSP0_IRQHandler
                0x0000021a                I2C1_IRQHandler
                0x0000021a                I2C2_IRQHandler
                0x0000021a                RTC_IRQHandler
                0x0000021a                TIMER0_IRQHandler
                0x0000021a                SPI_IRQHandler
                0x0000021a                RIT_IRQHandler
                0x0000021a                EINT1_IRQHandler
                0x0000021a                TIMER1_IRQHandler
                0x0000021a                UART2_IRQHandler
                0x0000021a                ADC_IRQHandler
                0x0000021a                SSP1_IRQHandler
                0x0000021a                USB_IRQHandler
                0x0000021a                BOD_IRQHandler
                0x0000021a                PWM1_IRQHandler
                0x0000021a                WDT_IRQHandler
                0x0000021a                I2S_IRQHandler
                0x0000021a                QEI_IRQHandler
                0x0000021a                EINT0_IRQHandler
                0x0000021a                PLL1_IRQHandler
                0x0000021a                DMA_IRQHandler
                0x0000021a                TIMER2_IRQHandler
                0x0000021a                UART3_IRQHandler
                0x0000021a                MCPWM_IRQHandler
                0x0000021a                ENET_IRQHandler
                0x000002fc                . = 0x2fc
 *fill*         0x00000220       0xdc ff
                0x000002fc                PROVIDE (__CRP_WORD_START__ = .)
 *(.crp)
 .crp           0x000002fc        0x4 ./src/crp.o
                0x000002fc                CRP_WORD
                0x00000300                PROVIDE (__CRP_WORD_END__ = .)
                0x00000001                ASSERT (! ((__CRP_WORD_START__ == __CRP_WORD_END__)), Linker CRP Enabled, but no CRP_WORD provided within application)
 *(.text*)
 .text.init_data_st
                0x00000300       0x40 ./src/data_storage.o
                0x00000300                init_data_st
 .text.backup_dateTime
                0x00000340       0x1c ./src/data_storage.o
                0x00000340                backup_dateTime
 .text.send_time
                0x0000035c        0xe ./src/data_storage.o
                0x0000035c                send_time
 .text.send_date
                0x0000036a        0xe ./src/data_storage.o
                0x0000036a                send_date
 .text.send_temp_unit
                0x00000378       0x2c ./src/data_storage.o
                0x00000378                send_temp_unit
 .text.send_dateTime
                0x000003a4       0x2c ./src/data_storage.o
                0x000003a4                send_dateTime
 .text.dateTimeToString
                0x000003d0       0x64 ./src/data_storage.o
                0x000003d0                dateTimeToString
 .text.TemperatureAndPressureToString
                0x00000434       0x7c ./src/data_storage.o
                0x00000434                TemperatureAndPressureToString
 .text.get_Time
                0x000004b0       0x28 ./src/data_storage.o
                0x000004b0                get_Time
 .text.get_Date
                0x000004d8       0x38 ./src/data_storage.o
                0x000004d8                get_Date
 .text.change_time
                0x00000510       0xb0 ./src/data_storage.o
                0x00000510                change_time
 .text.change_date
                0x000005c0      0x170 ./src/data_storage.o
                0x000005c0                change_date
 .text.change_temp_unit
                0x00000730       0x30 ./src/data_storage.o
                0x00000730                change_temp_unit
 .text.nextField
                0x00000760       0x34 ./src/data_storage.o
                0x00000760                nextField
 .text.get_CurrentField
                0x00000794       0x18 ./src/data_storage.o
                0x00000794                get_CurrentField
 .text.celsius  0x000007ac       0x18 ./src/data_storage.o
 *fill*         0x000007c4        0x4 ff
 .text.celsius_to_fahrenheit
                0x000007c8       0x40 ./src/data_storage.o
 .text.get_Temperature
                0x00000808       0x48 ./src/data_storage.o
                0x00000808                get_Temperature
 .text.init_menu
                0x00000850       0x1c ./src/menu.o
                0x00000850                init_menu
 .text.up_and_down_pressed
                0x0000086c       0xbc ./src/menu.o
                0x0000086c                up_and_down_pressed
 .text.maintenance_execution
                0x00000928      0x124 ./src/menu_maintenance.o
                0x00000928                maintenance_execution
 .text.maintenance_buttons_interaction
                0x00000a4c      0x128 ./src/menu_maintenance.o
 .text.select_up_pressed
                0x00000b74       0x54 ./src/menu_maintenance.o
 .text.select_down_pressed
                0x00000bc8       0x50 ./src/menu_maintenance.o
 .text.select_enter_pressed
                0x00000c18       0x40 ./src/menu_maintenance.o
 .text.select_field
                0x00000c58       0x40 ./src/menu_maintenance.o
 .text.time_up_down_pressed
                0x00000c98       0xa0 ./src/menu_maintenance.o
 .text.time_enter_pressed
                0x00000d38       0x74 ./src/menu_maintenance.o
 .text.date_up_down_pressed
                0x00000dac       0xa0 ./src/menu_maintenance.o
 .text.date_enter_pressed
                0x00000e4c       0x74 ./src/menu_maintenance.o
 .text.temp_up_down_pressed
                0x00000ec0       0x80 ./src/menu_maintenance.o
 .text.temp_enter_pressed
                0x00000f40       0x38 ./src/menu_maintenance.o
 .text.maintenance_change_time
                0x00000f78       0x28 ./src/menu_maintenance.o
 .text.maintenance_change_date
                0x00000fa0       0x3e ./src/menu_maintenance.o
 .text.maintenance_change_temperature_units
                0x00000fde       0x14 ./src/menu_maintenance.o
 *fill*         0x00000ff2        0x2 ff
 .text.normal_execution
                0x00000ff4       0x60 ./src/menu_normal.o
                0x00000ff4                normal_execution
 .text.main     0x00001054       0x18 ./src/project.o
                0x00001054                main
 .text.view_normal
                0x0000106c       0x34 ./src/view.o
                0x0000106c                view_normal
 .text.view_maintenance
                0x000010a0       0x40 ./src/view.o
                0x000010a0                view_maintenance
 .text.view_change_time
                0x000010e0       0x18 ./src/view.o
                0x000010e0                view_change_time
 .text.view_change_date
                0x000010f8       0x18 ./src/view.o
                0x000010f8                view_change_date
 .text.view_change_temperature_units
                0x00001110       0x18 ./src/view.o
                0x00001110                view_change_temperature_units
 .text.SystemInit
                0x00001128       0xdc D:\Isel\19-20\Inverno\SE1\CMSIS_CORE_LPC17xx\Debug\libCMSIS_CORE_LPC17xx.a(system_LPC17xx.o)
                0x00001128                SystemInit
 .text.write_spi
                0x00001204       0x40 D:\Isel\19-20\Inverno\SE1\SE1920\Debug\libSE1920.a(BMP280.o)
 .text.get_calib_data
                0x00001244       0x88 D:\Isel\19-20\Inverno\SE1\SE1920\Debug\libSE1920.a(BMP280.o)
 .text.set_default_use
                0x000012cc       0x44 D:\Isel\19-20\Inverno\SE1\SE1920\Debug\libSE1920.a(BMP280.o)
 .text.init_bmp280
                0x00001310       0x3c D:\Isel\19-20\Inverno\SE1\SE1920\Debug\libSE1920.a(BMP280.o)
                0x00001310                init_bmp280
 .text.measure  0x0000134c       0x94 D:\Isel\19-20\Inverno\SE1\SE1920\Debug\libSE1920.a(BMP280.o)
                0x0000134c                measure
 .text.measure_temp
                0x000013e0      0x174 D:\Isel\19-20\Inverno\SE1\SE1920\Debug\libSE1920.a(BMP280.o)
 *fill*         0x00001554        0x4 ff
 .text.measure_pressure
                0x00001558      0x3c8 D:\Isel\19-20\Inverno\SE1\SE1920\Debug\libSE1920.a(BMP280.o)
 .text.init_BUTTON
                0x00001920       0x34 D:\Isel\19-20\Inverno\SE1\SE1920\Debug\libSE1920.a(button.o)
                0x00001920                init_BUTTON
 .text.BUTTON_Hit
                0x00001954       0x28 D:\Isel\19-20\Inverno\SE1\SE1920\Debug\libSE1920.a(button.o)
                0x00001954                BUTTON_Hit
 .text.BUTTON_check
                0x0000197c       0x82 D:\Isel\19-20\Inverno\SE1\SE1920\Debug\libSE1920.a(button.o)
                0x0000197c                BUTTON_check
 *fill*         0x000019fe        0x2 ff
 .text.BUTTON_GetButtonsEvents
                0x00001a00       0x78 D:\Isel\19-20\Inverno\SE1\SE1920\Debug\libSE1920.a(button.o)
                0x00001a00                BUTTON_GetButtonsEvents
 .text.writeToFlash
                0x00001a78       0x24 D:\Isel\19-20\Inverno\SE1\SE1920\Debug\libSE1920.a(flash.o)
                0x00001a78                writeToFlash
 .text.readFromFlash
                0x00001a9c       0x20 D:\Isel\19-20\Inverno\SE1\SE1920\Debug\libSE1920.a(flash.o)
                0x00001a9c                readFromFlash
 .text.FLASH_PrepareForWrite
                0x00001abc       0x40 D:\Isel\19-20\Inverno\SE1\SE1920\Debug\libSE1920.a(iap.o)
 .text.FLASH_EraseSectors
                0x00001afc       0x58 D:\Isel\19-20\Inverno\SE1\SE1920\Debug\libSE1920.a(iap.o)
                0x00001afc                FLASH_EraseSectors
 .text.getSector
                0x00001b54       0x26 D:\Isel\19-20\Inverno\SE1\SE1920\Debug\libSE1920.a(iap.o)
 .text.getAddr  0x00001b7a       0x24 D:\Isel\19-20\Inverno\SE1\SE1920\Debug\libSE1920.a(iap.o)
 *fill*         0x00001b9e        0x2 ff
 .text.FLASH_WriteData
                0x00001ba0      0x124 D:\Isel\19-20\Inverno\SE1\SE1920\Debug\libSE1920.a(iap.o)
                0x00001ba0                FLASH_WriteData
 .text.FLASH_VerifyData
                0x00001cc4       0x80 D:\Isel\19-20\Inverno\SE1\SE1920\Debug\libSE1920.a(iap.o)
                0x00001cc4                FLASH_VerifyData
 .text.LCDText_Send_4bits
                0x00001d44       0x7c D:\Isel\19-20\Inverno\SE1\SE1920\Debug\libSE1920.a(lcd.o)
 .text.LCDText_Write_4bits
                0x00001dc0       0x2c D:\Isel\19-20\Inverno\SE1\SE1920\Debug\libSE1920.a(lcd.o)
 .text.init_LCDText
                0x00001dec       0xc8 D:\Isel\19-20\Inverno\SE1\SE1920\Debug\libSE1920.a(lcd.o)
                0x00001dec                init_LCDText
 .text.LCDText_WriteChar
                0x00001eb4       0x9c D:\Isel\19-20\Inverno\SE1\SE1920\Debug\libSE1920.a(lcd.o)
                0x00001eb4                LCDText_WriteChar
 .text.LCDText_WriteString
                0x00001f50       0x3c D:\Isel\19-20\Inverno\SE1\SE1920\Debug\libSE1920.a(lcd.o)
                0x00001f50                LCDText_WriteString
 .text.LCDText_Locate
                0x00001f8c       0x44 D:\Isel\19-20\Inverno\SE1\SE1920\Debug\libSE1920.a(lcd.o)
                0x00001f8c                LCDText_Locate
 .text.LCDText_Cursor
                0x00001fd0       0x28 D:\Isel\19-20\Inverno\SE1\SE1920\Debug\libSE1920.a(lcd.o)
                0x00001fd0                LCDText_Cursor
 .text.LCDText_Clear
                0x00001ff8       0x2c D:\Isel\19-20\Inverno\SE1\SE1920\Debug\libSE1920.a(lcd.o)
                0x00001ff8                LCDText_Clear
 .text.init_led
                0x00002024       0x1c D:\Isel\19-20\Inverno\SE1\SE1920\Debug\libSE1920.a(led.o)
                0x00002024                init_led
 .text.turn_on_led
                0x00002040       0x24 D:\Isel\19-20\Inverno\SE1\SE1920\Debug\libSE1920.a(led.o)
                0x00002040                turn_on_led
 .text.turn_off_led
                0x00002064       0x24 D:\Isel\19-20\Inverno\SE1\SE1920\Debug\libSE1920.a(led.o)
                0x00002064                turn_off_led
 .text.init_peripherals
                0x00002088       0x1a D:\Isel\19-20\Inverno\SE1\SE1920\Debug\libSE1920.a(peripherals.o)
                0x00002088                init_peripherals
 *fill*         0x000020a2        0x2 ff
 .text.init_RTC
                0x000020a4       0x2c D:\Isel\19-20\Inverno\SE1\SE1920\Debug\libSE1920.a(rtc.o)
                0x000020a4                init_RTC
 .text.RTC_GetValue
                0x000020d0       0x88 D:\Isel\19-20\Inverno\SE1\SE1920\Debug\libSE1920.a(rtc.o)
                0x000020d0                RTC_GetValue
 .text.RTC_SetMaskedValue
                0x00002158      0x114 D:\Isel\19-20\Inverno\SE1\SE1920\Debug\libSE1920.a(rtc.o)
                0x00002158                RTC_SetMaskedValue
 .text.RTC_SetValue
                0x0000226c       0xc0 D:\Isel\19-20\Inverno\SE1\SE1920\Debug\libSE1920.a(rtc.o)
                0x0000226c                RTC_SetValue
 .text.init_spi
                0x0000232c       0x58 D:\Isel\19-20\Inverno\SE1\SE1920\Debug\libSE1920.a(spi.o)
                0x0000232c                init_spi
 .text.SPI_ConfigTransfer
                0x00002384       0xc0 D:\Isel\19-20\Inverno\SE1\SE1920\Debug\libSE1920.a(spi.o)
                0x00002384                SPI_ConfigTransfer
 .text.SPI_Transfer
                0x00002444       0xa8 D:\Isel\19-20\Inverno\SE1\SE1920\Debug\libSE1920.a(spi.o)
                0x00002444                SPI_Transfer
 .text.init_ui  0x000024ec       0x14 D:\Isel\19-20\Inverno\SE1\SE1920\Debug\libSE1920.a(ui.o)
                0x000024ec                init_ui
 .text.NVIC_SetPriority
                0x00002500       0x54 D:\Isel\19-20\Inverno\SE1\SE1920\Debug\libSE1920.a(wait.o)
 .text.SysTick_Config
                0x00002554       0x44 D:\Isel\19-20\Inverno\SE1\SE1920\Debug\libSE1920.a(wait.o)
 .text.init_wait
                0x00002598       0x5c D:\Isel\19-20\Inverno\SE1\SE1920\Debug\libSE1920.a(wait.o)
                0x00002598                init_wait
 .text.wait_ms  0x000025f4       0x2c D:\Isel\19-20\Inverno\SE1\SE1920\Debug\libSE1920.a(wait.o)
                0x000025f4                wait_ms
 .text.wait_elapsed
                0x00002620       0x2c D:\Isel\19-20\Inverno\SE1\SE1920\Debug\libSE1920.a(wait.o)
                0x00002620                wait_elapsed
 .text.wait_ChronoUs
                0x0000264c       0x42 D:\Isel\19-20\Inverno\SE1\SE1920\Debug\libSE1920.a(wait.o)
                0x0000264c                wait_ChronoUs
 *fill*         0x0000268e        0x2 ff
 .text.SysTick_Handler
                0x00002690       0x1c D:\Isel\19-20\Inverno\SE1\SE1920\Debug\libSE1920.a(wait.o)
                0x00002690                SysTick_Handler
 .text.__main   0x000026ac        0xe c:/nxp/mcuxpressoide_11.0.1_2563/ide/plugins/com.nxp.mcuxpresso.tools.win32_11.0.1.201907311258/tools/bin/../lib/gcc/arm-none-eabi/8.2.1/../../../../arm-none-eabi/lib/thumb/v7-m/nofp\libcr_semihost.a(_cr__main.o)
                0x000026ac                __CR_SEMIHOST
                0x000026ac                __main
 .text.memcpy   0x000026ba        0x4 c:/nxp/mcuxpressoide_11.0.1_2563/ide/plugins/com.nxp.mcuxpresso.tools.win32_11.0.1.201907311258/tools/bin/../lib/gcc/arm-none-eabi/8.2.1/../../../../arm-none-eabi/lib/thumb/v7-m/nofp\libcr_c.a(memcpy.o)
                0x000026ba                memcpy
 .text.fp_round
                0x000026be       0x4c c:/nxp/mcuxpressoide_11.0.1_2563/ide/plugins/com.nxp.mcuxpresso.tools.win32_11.0.1.201907311258/tools/bin/../lib/gcc/arm-none-eabi/8.2.1/../../../../arm-none-eabi/lib/thumb/v7-m/nofp\libcr_c.a(fpprintf.o)
 .text.pr_dec.constprop.1
                0x0000270a       0x26 c:/nxp/mcuxpressoide_11.0.1_2563/ide/plugins/com.nxp.mcuxpresso.tools.win32_11.0.1.201907311258/tools/bin/../lib/gcc/arm-none-eabi/8.2.1/../../../../arm-none-eabi/lib/thumb/v7-m/nofp\libcr_c.a(fpprintf.o)
 .text.sprintf  0x00002730       0x6c c:/nxp/mcuxpressoide_11.0.1_2563/ide/plugins/com.nxp.mcuxpresso.tools.win32_11.0.1.201907311258/tools/bin/../lib/gcc/arm-none-eabi/8.2.1/../../../../arm-none-eabi/lib/thumb/v7-m/nofp\libcr_c.a(fpprintf.o)
                0x00002730                sprintf
 *fill*         0x0000279c        0x4 ff
 .text.fp_display
                0x000027a0      0x948 c:/nxp/mcuxpressoide_11.0.1_2563/ide/plugins/com.nxp.mcuxpresso.tools.win32_11.0.1.201907311258/tools/bin/../lib/gcc/arm-none-eabi/8.2.1/../../../../arm-none-eabi/lib/thumb/v7-m/nofp\libcr_c.a(fpprintf.o)
 .text._initio  0x000030e8       0x78 c:/nxp/mcuxpressoide_11.0.1_2563/ide/plugins/com.nxp.mcuxpresso.tools.win32_11.0.1.201907311258/tools/bin/../lib/gcc/arm-none-eabi/8.2.1/../../../../arm-none-eabi/lib/thumb/v7-m/nofp\libcr_c.a(initio.o)
                0x000030e8                _initio
 .text.__vfprintf
                0x00003160      0xbd4 c:/nxp/mcuxpressoide_11.0.1_2563/ide/plugins/com.nxp.mcuxpresso.tools.win32_11.0.1.201907311258/tools/bin/../lib/gcc/arm-none-eabi/8.2.1/../../../../arm-none-eabi/lib/thumb/v7-m/nofp\libcr_c.a(printf.o)
                0x00003160                __vfprintf
 .text.setvbuf  0x00003d34       0x40 c:/nxp/mcuxpressoide_11.0.1_2563/ide/plugins/com.nxp.mcuxpresso.tools.win32_11.0.1.201907311258/tools/bin/../lib/gcc/arm-none-eabi/8.2.1/../../../../arm-none-eabi/lib/thumb/v7-m/nofp\libcr_c.a(setvbuf.o)
                0x00003d34                setvbuf
 .text.strlen   0x00003d74       0x4c c:/nxp/mcuxpressoide_11.0.1_2563/ide/plugins/com.nxp.mcuxpresso.tools.win32_11.0.1.201907311258/tools/bin/../lib/gcc/arm-none-eabi/8.2.1/../../../../arm-none-eabi/lib/thumb/v7-m/nofp\libcr_c.a(strlen.o)
                0x00003d74                strlen
 .text.localtime
                0x00003dc0       0xc0 c:/nxp/mcuxpressoide_11.0.1_2563/ide/plugins/com.nxp.mcuxpresso.tools.win32_11.0.1.201907311258/tools/bin/../lib/gcc/arm-none-eabi/8.2.1/../../../../arm-none-eabi/lib/thumb/v7-m/nofp\libcr_c.a(time.o)
                0x00003dc0                localtime
 .text.gmtime   0x00003e80        0x4 c:/nxp/mcuxpressoide_11.0.1_2563/ide/plugins/com.nxp.mcuxpresso.tools.win32_11.0.1.201907311258/tools/bin/../lib/gcc/arm-none-eabi/8.2.1/../../../../arm-none-eabi/lib/thumb/v7-m/nofp\libcr_c.a(time.o)
                0x00003e80                gmtime
 .text.memset   0x00003e84        0x4 c:/nxp/mcuxpressoide_11.0.1_2563/ide/plugins/com.nxp.mcuxpresso.tools.win32_11.0.1.201907311258/tools/bin/../lib/gcc/arm-none-eabi/8.2.1/../../../../arm-none-eabi/lib/thumb/v7-m/nofp\libcr_c.a(memset.o)
                0x00003e84                memset
 .text._deferredlazyseek
                0x00003e88       0x40 c:/nxp/mcuxpressoide_11.0.1_2563/ide/plugins/com.nxp.mcuxpresso.tools.win32_11.0.1.201907311258/tools/bin/../lib/gcc/arm-none-eabi/8.2.1/../../../../arm-none-eabi/lib/thumb/v7-m/nofp\libcr_c.a(_deferredlazyseek.o)
                0x00003e88                _deferredlazyseek
 .text.__flsbuf
                0x00003ec8      0x140 c:/nxp/mcuxpressoide_11.0.1_2563/ide/plugins/com.nxp.mcuxpresso.tools.win32_11.0.1.201907311258/tools/bin/../lib/gcc/arm-none-eabi/8.2.1/../../../../arm-none-eabi/lib/thumb/v7-m/nofp\libcr_c.a(_deferredlazyseek.o)
                0x00003ec8                __flsbuf
 .text._fdopen  0x00004008       0x68 c:/nxp/mcuxpressoide_11.0.1_2563/ide/plugins/com.nxp.mcuxpresso.tools.win32_11.0.1.201907311258/tools/bin/../lib/gcc/arm-none-eabi/8.2.1/../../../../arm-none-eabi/lib/thumb/v7-m/nofp\libcr_c.a(_fdopen.o)
                0x00004008                _fdopen
 .text._fflush  0x00004070       0x52 c:/nxp/mcuxpressoide_11.0.1_2563/ide/plugins/com.nxp.mcuxpresso.tools.win32_11.0.1.201907311258/tools/bin/../lib/gcc/arm-none-eabi/8.2.1/../../../../arm-none-eabi/lib/thumb/v7-m/nofp\libcr_c.a(_fflush.o)
                0x00004070                _fflush
 .text._frexpl  0x000040c2       0x56 c:/nxp/mcuxpressoide_11.0.1_2563/ide/plugins/com.nxp.mcuxpresso.tools.win32_11.0.1.201907311258/tools/bin/../lib/gcc/arm-none-eabi/8.2.1/../../../../arm-none-eabi/lib/thumb/v7-m/nofp\libcr_c.a(_frexpl.o)
                0x000040c2                _frexpl
 .text._ldexpl  0x00004118       0x48 c:/nxp/mcuxpressoide_11.0.1_2563/ide/plugins/com.nxp.mcuxpresso.tools.win32_11.0.1.201907311258/tools/bin/../lib/gcc/arm-none-eabi/8.2.1/../../../../arm-none-eabi/lib/thumb/v7-m/nofp\libcr_c.a(_ldexpl.o)
                0x00004118                _ldexpl
 .text._Cwritebuf
                0x00004160       0x6c c:/nxp/mcuxpressoide_11.0.1_2563/ide/plugins/com.nxp.mcuxpresso.tools.win32_11.0.1.201907311258/tools/bin/../lib/gcc/arm-none-eabi/8.2.1/../../../../arm-none-eabi/lib/thumb/v7-m/nofp\libcr_c.a(_writebuf.o)
                0x00004160                _Cwritebuf
 .text.malloc   0x000041cc       0xc8 c:/nxp/mcuxpressoide_11.0.1_2563/ide/plugins/com.nxp.mcuxpresso.tools.win32_11.0.1.201907311258/tools/bin/../lib/gcc/arm-none-eabi/8.2.1/../../../../arm-none-eabi/lib/thumb/v7-m/nofp\libcr_c.a(alloc.o)
                0x000041cc                malloc
 .text.free     0x00004294       0x30 c:/nxp/mcuxpressoide_11.0.1_2563/ide/plugins/com.nxp.mcuxpresso.tools.win32_11.0.1.201907311258/tools/bin/../lib/gcc/arm-none-eabi/8.2.1/../../../../arm-none-eabi/lib/thumb/v7-m/nofp\libcr_c.a(alloc.o)
                0x00004294                free
 .text._Csys_alloc
                0x000042c4       0x20 c:/nxp/mcuxpressoide_11.0.1_2563/ide/plugins/com.nxp.mcuxpresso.tools.win32_11.0.1.201907311258/tools/bin/../lib/gcc/arm-none-eabi/8.2.1/../../../../arm-none-eabi/lib/thumb/v7-m/nofp\libcr_c.a(alloc.o)
                0x000042c4                _Csys_alloc
 .text.fclose   0x000042e4       0x58 c:/nxp/mcuxpressoide_11.0.1_2563/ide/plugins/com.nxp.mcuxpresso.tools.win32_11.0.1.201907311258/tools/bin/../lib/gcc/arm-none-eabi/8.2.1/../../../../arm-none-eabi/lib/thumb/v7-m/nofp\libcr_c.a(fclose.o)
                0x000042e4                fclose
 .text.fflush   0x0000433c       0x44 c:/nxp/mcuxpressoide_11.0.1_2563/ide/plugins/com.nxp.mcuxpresso.tools.win32_11.0.1.201907311258/tools/bin/../lib/gcc/arm-none-eabi/8.2.1/../../../../arm-none-eabi/lib/thumb/v7-m/nofp\libcr_c.a(fflush.o)
                0x0000433c                fflush
 .text.fseek    0x00004380      0x100 c:/nxp/mcuxpressoide_11.0.1_2563/ide/plugins/com.nxp.mcuxpresso.tools.win32_11.0.1.201907311258/tools/bin/../lib/gcc/arm-none-eabi/8.2.1/../../../../arm-none-eabi/lib/thumb/v7-m/nofp\libcr_c.a(fseek.o)
                0x00004380                fseek
 .text.ftell    0x00004480       0x48 c:/nxp/mcuxpressoide_11.0.1_2563/ide/plugins/com.nxp.mcuxpresso.tools.win32_11.0.1.201907311258/tools/bin/../lib/gcc/arm-none-eabi/8.2.1/../../../../arm-none-eabi/lib/thumb/v7-m/nofp\libcr_c.a(ftell.o)
                0x00004480                ftell
 .text.remove   0x000044c8       0x14 c:/nxp/mcuxpressoide_11.0.1_2563/ide/plugins/com.nxp.mcuxpresso.tools.win32_11.0.1.201907311258/tools/bin/../lib/gcc/arm-none-eabi/8.2.1/../../../../arm-none-eabi/lib/thumb/v7-m/nofp\libcr_c.a(remove.o)
                0x000044c8                remove
 .text._sbrk    0x000044dc       0x3c c:/nxp/mcuxpressoide_11.0.1_2563/ide/plugins/com.nxp.mcuxpresso.tools.win32_11.0.1.201907311258/tools/bin/../lib/gcc/arm-none-eabi/8.2.1/../../../../arm-none-eabi/lib/thumb/v7-m/nofp\libcr_c.a(_cr_sbrk.o)
                0x000044dc                _sbrk
 .text._do_fflush
                0x00004518       0x40 c:/nxp/mcuxpressoide_11.0.1_2563/ide/plugins/com.nxp.mcuxpresso.tools.win32_11.0.1.201907311258/tools/bin/../lib/gcc/arm-none-eabi/8.2.1/../../../../arm-none-eabi/lib/thumb/v7-m/nofp\libcr_c.a(_do_fflush.o)
                0x00004518                _do_fflush
 .text.__check_heap_overflow
                0x00004558       0x18 c:/nxp/mcuxpressoide_11.0.1_2563/ide/plugins/com.nxp.mcuxpresso.tools.win32_11.0.1.201907311258/tools/bin/../lib/gcc/arm-none-eabi/8.2.1/../../../../arm-none-eabi/lib/thumb/v7-m/nofp\libcr_c.a(_cr_check_heap.o)
                0x00004558                __check_heap_overflow
 .text.__aeabi_dmul
                0x00004570      0x10c c:/nxp/mcuxpressoide_11.0.1_2563/ide/plugins/com.nxp.mcuxpresso.tools.win32_11.0.1.201907311258/tools/bin/../lib/gcc/arm-none-eabi/8.2.1/thumb/v7-m/nofp\libcr_eabihelpers.a(double.o)
                0x00004570                __aeabi_dmul
 .text.__aeabi_ddiv
                0x0000467c      0x140 c:/nxp/mcuxpressoide_11.0.1_2563/ide/plugins/com.nxp.mcuxpresso.tools.win32_11.0.1.201907311258/tools/bin/../lib/gcc/arm-none-eabi/8.2.1/thumb/v7-m/nofp\libcr_eabihelpers.a(double.o)
                0x0000467c                __aeabi_ddiv
 .text.__aeabi_dsub
                0x000047bc      0x1a8 c:/nxp/mcuxpressoide_11.0.1_2563/ide/plugins/com.nxp.mcuxpresso.tools.win32_11.0.1.201907311258/tools/bin/../lib/gcc/arm-none-eabi/8.2.1/thumb/v7-m/nofp\libcr_eabihelpers.a(double.o)
                0x000047bc                __aeabi_dsub
 .text.__aeabi_dadd
                0x00004964      0x108 c:/nxp/mcuxpressoide_11.0.1_2563/ide/plugins/com.nxp.mcuxpresso.tools.win32_11.0.1.201907311258/tools/bin/../lib/gcc/arm-none-eabi/8.2.1/thumb/v7-m/nofp\libcr_eabihelpers.a(double.o)
                0x00004964                __aeabi_dadd
 .text.__aeabi_d2iz
                0x00004a6c       0x40 c:/nxp/mcuxpressoide_11.0.1_2563/ide/plugins/com.nxp.mcuxpresso.tools.win32_11.0.1.201907311258/tools/bin/../lib/gcc/arm-none-eabi/8.2.1/thumb/v7-m/nofp\libcr_eabihelpers.a(double.o)
                0x00004a6c                __aeabi_d2iz
 .text.__bhs_ui2d
                0x00004aac       0x46 c:/nxp/mcuxpressoide_11.0.1_2563/ide/plugins/com.nxp.mcuxpresso.tools.win32_11.0.1.201907311258/tools/bin/../lib/gcc/arm-none-eabi/8.2.1/thumb/v7-m/nofp\libcr_eabihelpers.a(double.o)
                0x00004aac                __bhs_ui2d
 .text.__aeabi_i2d
                0x00004af2       0x12 c:/nxp/mcuxpressoide_11.0.1_2563/ide/plugins/com.nxp.mcuxpresso.tools.win32_11.0.1.201907311258/tools/bin/../lib/gcc/arm-none-eabi/8.2.1/thumb/v7-m/nofp\libcr_eabihelpers.a(double.o)
                0x00004af2                __aeabi_i2d
 .text.__aeabi_ui2d
                0x00004b04        0x8 c:/nxp/mcuxpressoide_11.0.1_2563/ide/plugins/com.nxp.mcuxpresso.tools.win32_11.0.1.201907311258/tools/bin/../lib/gcc/arm-none-eabi/8.2.1/thumb/v7-m/nofp\libcr_eabihelpers.a(double.o)
                0x00004b04                __aeabi_ui2d
 .text.__aeabi_dcmpeq
                0x00004b0c       0x2a c:/nxp/mcuxpressoide_11.0.1_2563/ide/plugins/com.nxp.mcuxpresso.tools.win32_11.0.1.201907311258/tools/bin/../lib/gcc/arm-none-eabi/8.2.1/thumb/v7-m/nofp\libcr_eabihelpers.a(double.o)
                0x00004b0c                __aeabi_dcmpeq
 .text.__aeabi_dcmplt
                0x00004b36       0x52 c:/nxp/mcuxpressoide_11.0.1_2563/ide/plugins/com.nxp.mcuxpresso.tools.win32_11.0.1.201907311258/tools/bin/../lib/gcc/arm-none-eabi/8.2.1/thumb/v7-m/nofp\libcr_eabihelpers.a(double.o)
                0x00004b36                __aeabi_dcmplt
 .text.__aeabi_dcmple
                0x00004b88       0x52 c:/nxp/mcuxpressoide_11.0.1_2563/ide/plugins/com.nxp.mcuxpresso.tools.win32_11.0.1.201907311258/tools/bin/../lib/gcc/arm-none-eabi/8.2.1/thumb/v7-m/nofp\libcr_eabihelpers.a(double.o)
                0x00004b88                __aeabi_dcmple
 .text.__aeabi_dcmpge
                0x00004bda       0x58 c:/nxp/mcuxpressoide_11.0.1_2563/ide/plugins/com.nxp.mcuxpresso.tools.win32_11.0.1.201907311258/tools/bin/../lib/gcc/arm-none-eabi/8.2.1/thumb/v7-m/nofp\libcr_eabihelpers.a(double.o)
                0x00004bda                __aeabi_dcmpge
 .text.__aeabi_memcpy
                0x00004c32       0x34 c:/nxp/mcuxpressoide_11.0.1_2563/ide/plugins/com.nxp.mcuxpresso.tools.win32_11.0.1.201907311258/tools/bin/../lib/gcc/arm-none-eabi/8.2.1/thumb/v7-m/nofp\libcr_eabihelpers.a(memcpy.o)
                0x00004c32                __aeabi_memcpy
                0x00004c3c                __aeabi_memcpy8
                0x00004c3c                __aeabi_memcpy4
 .text.__aeabi_memset_lowlevel
                0x00004c66       0x32 c:/nxp/mcuxpressoide_11.0.1_2563/ide/plugins/com.nxp.mcuxpresso.tools.win32_11.0.1.201907311258/tools/bin/../lib/gcc/arm-none-eabi/8.2.1/thumb/v7-m/nofp\libcr_eabihelpers.a(memcpy.o)
                0x00004c66                __aeabi_lowlevel_memset
 .text.__sys_appexit
                0x00004c98        0xc c:/nxp/mcuxpressoide_11.0.1_2563/ide/plugins/com.nxp.mcuxpresso.tools.win32_11.0.1.201907311258/tools/bin/../lib/gcc/arm-none-eabi/8.2.1/../../../../arm-none-eabi/lib/thumb/v7-m/nofp\libcr_semihost.a(__sys_appexit.o)
                0x00004c98                __sys_appexit
                0x00004c98                __exit
 .text.__sys_close
                0x00004ca4        0xc c:/nxp/mcuxpressoide_11.0.1_2563/ide/plugins/com.nxp.mcuxpresso.tools.win32_11.0.1.201907311258/tools/bin/../lib/gcc/arm-none-eabi/8.2.1/../../../../arm-none-eabi/lib/thumb/v7-m/nofp\libcr_semihost.a(__sys_close.o)
                0x00004ca4                __sys_close
 .text.__sys_flen
                0x00004cb0        0xc c:/nxp/mcuxpressoide_11.0.1_2563/ide/plugins/com.nxp.mcuxpresso.tools.win32_11.0.1.201907311258/tools/bin/../lib/gcc/arm-none-eabi/8.2.1/../../../../arm-none-eabi/lib/thumb/v7-m/nofp\libcr_semihost.a(__sys_flen.o)
                0x00004cb0                __sys_flen
 .text.__sys_istty
                0x00004cbc        0xc c:/nxp/mcuxpressoide_11.0.1_2563/ide/plugins/com.nxp.mcuxpresso.tools.win32_11.0.1.201907311258/tools/bin/../lib/gcc/arm-none-eabi/8.2.1/../../../../arm-none-eabi/lib/thumb/v7-m/nofp\libcr_semihost.a(__sys_istty.o)
                0x00004cbc                __sys_istty
 .text.__sys_remove
                0x00004cc8        0xc c:/nxp/mcuxpressoide_11.0.1_2563/ide/plugins/com.nxp.mcuxpresso.tools.win32_11.0.1.201907311258/tools/bin/../lib/gcc/arm-none-eabi/8.2.1/../../../../arm-none-eabi/lib/thumb/v7-m/nofp\libcr_semihost.a(__sys_remove.o)
                0x00004cc8                __sys_remove
 .text.__sys_seek
                0x00004cd4        0xc c:/nxp/mcuxpressoide_11.0.1_2563/ide/plugins/com.nxp.mcuxpresso.tools.win32_11.0.1.201907311258/tools/bin/../lib/gcc/arm-none-eabi/8.2.1/../../../../arm-none-eabi/lib/thumb/v7-m/nofp\libcr_semihost.a(__sys_seek.o)
                0x00004cd4                __sys_seek
 .text.__sys_tmpnam
                0x00004ce0        0xc c:/nxp/mcuxpressoide_11.0.1_2563/ide/plugins/com.nxp.mcuxpresso.tools.win32_11.0.1.201907311258/tools/bin/../lib/gcc/arm-none-eabi/8.2.1/../../../../arm-none-eabi/lib/thumb/v7-m/nofp\libcr_semihost.a(__sys_tmpnam.o)
                0x00004ce0                __sys_tmpnam
 .text.__sys_write
                0x00004cec        0xc c:/nxp/mcuxpressoide_11.0.1_2563/ide/plugins/com.nxp.mcuxpresso.tools.win32_11.0.1.201907311258/tools/bin/../lib/gcc/arm-none-eabi/8.2.1/../../../../arm-none-eabi/lib/thumb/v7-m/nofp\libcr_semihost.a(__sys_write.o)
                0x00004cec                __sys_write
 *(.rodata .rodata.* .constdata .constdata.*)
 .rodata.MAX_DAYS_MAP
                0x00004cf8        0xc ./src/data_storage.o
 .rodata.SEC_CHARACTER
                0x00004d04        0x2 ./src/data_storage.o
                0x00004d04                SEC_CHARACTER
 *fill*         0x00004d06        0x2 ff
 .rodata.TEMPERATURE_UNIT
                0x00004d08        0x2 ./src/data_storage.o
                0x00004d08                TEMPERATURE_UNIT
 *fill*         0x00004d0a        0x2 ff
 .rodata.MAX_TIMES
                0x00004d0c        0x8 ./src/data_storage.o
                0x00004d0c                MAX_TIMES
 .rodata        0x00004d14       0x54 ./src/data_storage.o
 .rodata        0x00004d68       0x28 ./src/view.o
 .rodata        0x00004d90        0x8 D:\Isel\19-20\Inverno\SE1\SE1920\Debug\libSE1920.a(BMP280.o)
 .rodata        0x00004d98        0xc D:\Isel\19-20\Inverno\SE1\SE1920\Debug\libSE1920.a(button.o)
 .rodata.fp_display.str1.1
                0x00004da4       0x34 c:/nxp/mcuxpressoide_11.0.1_2563/ide/plugins/com.nxp.mcuxpresso.tools.win32_11.0.1.201907311258/tools/bin/../lib/gcc/arm-none-eabi/8.2.1/../../../../arm-none-eabi/lib/thumb/v7-m/nofp\libcr_c.a(fpprintf.o)
                                 0x35 (size before relaxing)
 .rodata._initio.str1.1
                0x00004dd8        0x4 c:/nxp/mcuxpressoide_11.0.1_2563/ide/plugins/com.nxp.mcuxpresso.tools.win32_11.0.1.201907311258/tools/bin/../lib/gcc/arm-none-eabi/8.2.1/../../../../arm-none-eabi/lib/thumb/v7-m/nofp\libcr_c.a(initio.o)
 .rodata.__vfprintf.str1.1
                0x00004ddc       0x31 c:/nxp/mcuxpressoide_11.0.1_2563/ide/plugins/com.nxp.mcuxpresso.tools.win32_11.0.1.201907311258/tools/bin/../lib/gcc/arm-none-eabi/8.2.1/../../../../arm-none-eabi/lib/thumb/v7-m/nofp\libcr_c.a(printf.o)
                                 0x38 (size before relaxing)
 *fill*         0x00004e0d        0x3 ff
 .rodata.monlen
                0x00004e10       0x34 c:/nxp/mcuxpressoide_11.0.1_2563/ide/plugins/com.nxp.mcuxpresso.tools.win32_11.0.1.201907311258/tools/bin/../lib/gcc/arm-none-eabi/8.2.1/../../../../arm-none-eabi/lib/thumb/v7-m/nofp\libcr_c.a(time.o)
 .rodata._Csys_alloc.str1.1
                0x00004e44       0x18 c:/nxp/mcuxpressoide_11.0.1_2563/ide/plugins/com.nxp.mcuxpresso.tools.win32_11.0.1.201907311258/tools/bin/../lib/gcc/arm-none-eabi/8.2.1/../../../../arm-none-eabi/lib/thumb/v7-m/nofp\libcr_c.a(alloc.o)
 .rodata.__num_Ciob_streams
                0x00004e5c        0x4 c:/nxp/mcuxpressoide_11.0.1_2563/ide/plugins/com.nxp.mcuxpresso.tools.win32_11.0.1.201907311258/tools/bin/../lib/gcc/arm-none-eabi/8.2.1/../../../../arm-none-eabi/lib/thumb/v7-m/nofp\libcr_semihost.a(__ciob.o)
                0x00004e5c                __num_Ciob_streams
                0x00004e60                . = ALIGN (0x4)

.glue_7         0x00004e60        0x0
 .glue_7        0x00004e60        0x0 linker stubs

.glue_7t        0x00004e60        0x0
 .glue_7t       0x00004e60        0x0 linker stubs

.vfp11_veneer   0x00004e60        0x0
 .vfp11_veneer  0x00004e60        0x0 linker stubs

.v4_bx          0x00004e60        0x0
 .v4_bx         0x00004e60        0x0 linker stubs

.iplt           0x00004e60        0x0
 .iplt          0x00004e60        0x0 ./src/cr_startup_lpc175x_6x.o

.rel.dyn        0x00004e60        0x0
 .rel.iplt      0x00004e60        0x0 ./src/cr_startup_lpc175x_6x.o

.ARM.extab
 *(.ARM.extab* .gnu.linkonce.armextab.*)
                0x00004e60                __exidx_start = .

.ARM.exidx
 *(.ARM.exidx* .gnu.linkonce.armexidx.*)
                0x00004e60                __exidx_end = .
                0x00004e60                _etext = .

.data_RAM2      0x2007c000        0x0 load address 0x00004e60
 FILL mask 0xff
                [!provide]                PROVIDE (__start_data_RAM2 = .)
 *(.ramfunc.$RAM2)
 *(.ramfunc.$RamAHB32)
 *(.data.$RAM2)
 *(.data.$RamAHB32)
 *(.data.$RAM2.*)
 *(.data.$RamAHB32.*)
                0x2007c000                . = ALIGN (0x4)
                [!provide]                PROVIDE (__end_data_RAM2 = .)

.uninit_RESERVED
                0x10000000        0x0
                0x10000000                . = ALIGN (0x4)
 *(.bss.$RESERVED*)
                0x10000000                . = ALIGN (0x4)
                0x10000000                _end_uninit_RESERVED = .

.data           0x10000000       0xc0 load address 0x00004e60
 FILL mask 0xff
                0x10000000                _data = .
 *(vtable)
 *(.ramfunc*)
 *(CodeQuickAccess)
 *(DataQuickAccess)
 *(RamFunction)
 *(.data*)
 .data.TIME_PTRS
                0x10000000        0x8 ./src/data_storage.o
                0x10000000                TIME_PTRS
 .data.DATE_PTRS
                0x10000008        0xc ./src/data_storage.o
                0x10000008                DATE_PTRS
 .data.MAX_DATES
                0x10000014        0xc ./src/data_storage.o
                0x10000014                MAX_DATES
 .data.DATE_OFFSETS
                0x10000020        0xc ./src/data_storage.o
                0x10000020                DATE_OFFSETS
 .data.temperatureUnit
                0x1000002c        0x8 ./src/data_storage.o
                0x1000002c                temperatureUnit
 .data.view     0x10000034        0xc ./src/menu_maintenance.o
                0x10000034                view
 .data.mode     0x10000040       0x10 ./src/menu_maintenance.o
                0x10000040                mode
 .data.enter_funcs
                0x10000050       0x10 ./src/menu_maintenance.o
                0x10000050                enter_funcs
 .data.up_down_func
                0x10000060       0x14 ./src/menu_maintenance.o
                0x10000060                up_down_func
 .data.MAINTENANCE_CHANGE_TITLE
                0x10000074        0xc ./src/view.o
                0x10000074                MAINTENANCE_CHANGE_TITLE
 .data.SystemCoreClock
                0x10000080        0x4 D:\Isel\19-20\Inverno\SE1\CMSIS_CORE_LPC17xx\Debug\libCMSIS_CORE_LPC17xx.a(system_LPC17xx.o)
                0x10000080                SystemCoreClock
 .data.calib_signed_ptr
                0x10000084       0x30 D:\Isel\19-20\Inverno\SE1\SE1920\Debug\libSE1920.a(BMP280.o)
 .data.Flash_ADDR
                0x100000b4        0x4 D:\Isel\19-20\Inverno\SE1\SE1920\Debug\libSE1920.a(flash.o)
 .data.iap      0x100000b8        0x4 D:\Isel\19-20\Inverno\SE1\SE1920\Debug\libSE1920.a(iap.o)
 .data.sram_buffer
                0x100000bc        0x4 D:\Isel\19-20\Inverno\SE1\SE1920\Debug\libSE1920.a(iap.o)
                0x100000c0                . = ALIGN (0x4)
                0x100000c0                _edata = .

.igot.plt       0x100000c0        0x0 load address 0x00004f20
 .igot.plt      0x100000c0        0x0 ./src/cr_startup_lpc175x_6x.o

.bss_RAM2       0x2007c000        0x0
                0x2007c000                . = ALIGN (0x4)
                [!provide]                PROVIDE (__start_bss_RAM2 = .)
 *(.bss.$RAM2)
 *(.bss.$RamAHB32)
 *(.bss.$RAM2.*)
 *(.bss.$RamAHB32.*)
                0x2007c000                . = ALIGN ((. != 0x0)?0x4:0x1)
                [!provide]                PROVIDE (__end_bss_RAM2 = .)

.bss            0x100000c0      0x2dc
                0x100000c0                . = ALIGN (0x4)
                0x100000c0                _bss = .
 *(.bss*)
 .bss.dateTime  0x100000c0       0x24 ./src/data_storage.o
                0x100000c0                dateTime
 .bss.fieldToChange
                0x100000e4        0x2 ./src/data_storage.o
 *fill*         0x100000e6        0x2 
 .bss.unit      0x100000e8        0x4 ./src/data_storage.o
 .bss.aux       0x100000ec        0x4 ./src/data_storage.o
 .bss.count     0x100000f0        0x4 ./src/menu.o
                0x100000f0                count
 .bss.button_map
                0x100000f4        0x4 ./src/menu.o
                0x100000f4                button_map
 .bss.count_10  0x100000f8        0x4 ./src/menu_maintenance.o
                0x100000f8                count_10
 .bss.count_pressing_button
                0x100000fc        0x4 ./src/menu_maintenance.o
                0x100000fc                count_pressing_button
 .bss.count_continuos_pressing
                0x10000100        0x4 ./src/menu_maintenance.o
                0x10000100                count_continuos_pressing
 .bss.view_idx  0x10000104        0x2 ./src/menu_maintenance.o
                0x10000104                view_idx
 .bss.mode_idx  0x10000106        0x2 ./src/menu_maintenance.o
                0x10000106                mode_idx
 .bss.str       0x10000108       0x20 ./src/view.o
                0x10000108                str
 .bss.calib_data
                0x10000128       0x18 D:\Isel\19-20\Inverno\SE1\SE1920\Debug\libSE1920.a(BMP280.o)
 .bss.current_temp
                0x10000140        0x8 D:\Isel\19-20\Inverno\SE1\SE1920\Debug\libSE1920.a(BMP280.o)
                0x10000140                current_temp
 .bss.current_press
                0x10000148        0x8 D:\Isel\19-20\Inverno\SE1\SE1920\Debug\libSE1920.a(BMP280.o)
                0x10000148                current_press
 .bss.buttons_state
                0x10000150        0x6 D:\Isel\19-20\Inverno\SE1\SE1920\Debug\libSE1920.a(button.o)
                0x10000150                buttons_state
 *fill*         0x10000156        0x2 
 .bss.cmd       0x10000158       0x14 D:\Isel\19-20\Inverno\SE1\SE1920\Debug\libSE1920.a(iap.o)
 .bss.ret       0x1000016c       0x14 D:\Isel\19-20\Inverno\SE1\SE1920\Debug\libSE1920.a(iap.o)
 .bss.row       0x10000180        0x2 D:\Isel\19-20\Inverno\SE1\SE1920\Debug\libSE1920.a(lcd.o)
                0x10000180                row
 .bss.col       0x10000182        0x2 D:\Isel\19-20\Inverno\SE1\SE1920\Debug\libSE1920.a(lcd.o)
                0x10000182                col
 .bss.led_state
                0x10000184        0x4 D:\Isel\19-20\Inverno\SE1\SE1920\Debug\libSE1920.a(led.o)
 .bss.__ms      0x10000188        0x4 D:\Isel\19-20\Inverno\SE1\SE1920\Debug\libSE1920.a(wait.o)
 .bss._tms.4159
                0x1000018c       0x24 c:/nxp/mcuxpressoide_11.0.1_2563/ide/plugins/com.nxp.mcuxpresso.tools.win32_11.0.1.201907311258/tools/bin/../lib/gcc/arm-none-eabi/8.2.1/../../../../arm-none-eabi/lib/thumb/v7-m/nofp\libcr_c.a(time.o)
 .bss.errno     0x100001b0        0x4 c:/nxp/mcuxpressoide_11.0.1_2563/ide/plugins/com.nxp.mcuxpresso.tools.win32_11.0.1.201907311258/tools/bin/../lib/gcc/arm-none-eabi/8.2.1/../../../../arm-none-eabi/lib/thumb/v7-m/nofp\libcr_c.a(errno.o)
                0x100001b0                errno
 .bss.__end_of_heap
                0x100001b4        0x4 c:/nxp/mcuxpressoide_11.0.1_2563/ide/plugins/com.nxp.mcuxpresso.tools.win32_11.0.1.201907311258/tools/bin/../lib/gcc/arm-none-eabi/8.2.1/../../../../arm-none-eabi/lib/thumb/v7-m/nofp\libcr_c.a(__init_alloc.o)
                0x100001b4                __end_of_heap
 .bss.__heaps   0x100001b8        0x4 c:/nxp/mcuxpressoide_11.0.1_2563/ide/plugins/com.nxp.mcuxpresso.tools.win32_11.0.1.201907311258/tools/bin/../lib/gcc/arm-none-eabi/8.2.1/../../../../arm-none-eabi/lib/thumb/v7-m/nofp\libcr_c.a(__init_alloc.o)
                0x100001b8                __heaps
 .bss.__Ciob    0x100001bc      0x1e0 c:/nxp/mcuxpressoide_11.0.1_2563/ide/plugins/com.nxp.mcuxpresso.tools.win32_11.0.1.201907311258/tools/bin/../lib/gcc/arm-none-eabi/8.2.1/../../../../arm-none-eabi/lib/thumb/v7-m/nofp\libcr_semihost.a(__ciob.o)
                0x100001bc                __Ciob
 *(COMMON)
                0x1000039c                . = ALIGN (0x4)
                0x1000039c                _ebss = .
                [!provide]                PROVIDE (end = .)

.noinit_RAM2    0x2007c000        0x0
                0x2007c000                . = ALIGN (0x4)
 *(.noinit.$RAM2)
 *(.noinit.$RamAHB32)
 *(.noinit.$RAM2.*)
 *(.noinit.$RamAHB32.*)
                0x2007c000                . = ALIGN (0x4)

.noinit         0x1000039c        0x0
                0x1000039c                . = ALIGN (0x4)
                0x1000039c                _noinit = .
 *(.noinit*)
                0x1000039c                . = ALIGN (0x4)
                0x1000039c                _end_noinit = .
                0x1000039c                PROVIDE (_pvHeapStart = DEFINED (__user_heap_base)?__user_heap_base:.)
                0x10008000                PROVIDE (_vStackTop = DEFINED (__user_stack_top)?__user_stack_top:(__top_RamLoc32 - 0x0))
                0xefff74de                PROVIDE (__valid_user_code_checksum = (0x0 - ((((((_vStackTop + (ResetISR + 0x1)) + (NMI_Handler + 0x1)) + (HardFault_Handler + 0x1)) + (DEFINED (MemManage_Handler)?MemManage_Handler:0x0 + 0x1)) + (DEFINED (BusFault_Handler)?BusFault_Handler:0x0 + 0x1)) + (DEFINED (UsageFault_Handler)?UsageFault_Handler:0x0 + 0x1))))
                0x00000000                _image_start = LOADADDR (.text)
                0x00004f20                _image_end = (LOADADDR (.data) + SIZEOF (.data))
                0x00004f20                _image_size = (_image_end - _image_start)
OUTPUT(project.axf elf32-littlearm)

.debug_info     0x00000000     0x5e37
 .debug_info    0x00000000      0x276 ./src/cr_startup_lpc175x_6x.o
 .debug_info    0x00000276       0x40 ./src/crp.o
 .debug_info    0x000002b6      0x768 ./src/data_storage.o
 .debug_info    0x00000a1e      0x340 ./src/menu.o
 .debug_info    0x00000d5e      0x52d ./src/menu_maintenance.o
 .debug_info    0x0000128b      0x2be ./src/menu_normal.o
 .debug_info    0x00001549      0x2e3 ./src/project.o
 .debug_info    0x0000182c      0x34d ./src/view.o
 .debug_info    0x00001b79      0x37d D:\Isel\19-20\Inverno\SE1\CMSIS_CORE_LPC17xx\Debug\libCMSIS_CORE_LPC17xx.a(system_LPC17xx.o)
 .debug_info    0x00001ef6      0xa6f D:\Isel\19-20\Inverno\SE1\SE1920\Debug\libSE1920.a(BMP280.o)
 .debug_info    0x00002965      0x6b1 D:\Isel\19-20\Inverno\SE1\SE1920\Debug\libSE1920.a(button.o)
 .debug_info    0x00003016      0x14f D:\Isel\19-20\Inverno\SE1\SE1920\Debug\libSE1920.a(flash.o)
 .debug_info    0x00003165      0x3d3 D:\Isel\19-20\Inverno\SE1\SE1920\Debug\libSE1920.a(iap.o)
 .debug_info    0x00003538      0x9cc D:\Isel\19-20\Inverno\SE1\SE1920\Debug\libSE1920.a(lcd.o)
 .debug_info    0x00003f04      0x43e D:\Isel\19-20\Inverno\SE1\SE1920\Debug\libSE1920.a(led.o)
 .debug_info    0x00004342      0x201 D:\Isel\19-20\Inverno\SE1\SE1920\Debug\libSE1920.a(peripherals.o)
 .debug_info    0x00004543      0x610 D:\Isel\19-20\Inverno\SE1\SE1920\Debug\libSE1920.a(rtc.o)
 .debug_info    0x00004b53      0x6d4 D:\Isel\19-20\Inverno\SE1\SE1920\Debug\libSE1920.a(spi.o)
 .debug_info    0x00005227      0x201 D:\Isel\19-20\Inverno\SE1\SE1920\Debug\libSE1920.a(ui.o)
 .debug_info    0x00005428      0xa0f D:\Isel\19-20\Inverno\SE1\SE1920\Debug\libSE1920.a(wait.o)

.debug_abbrev   0x00000000     0x1b68
 .debug_abbrev  0x00000000      0x12a ./src/cr_startup_lpc175x_6x.o
 .debug_abbrev  0x0000012a       0x38 ./src/crp.o
 .debug_abbrev  0x00000162      0x20e ./src/data_storage.o
 .debug_abbrev  0x00000370      0x15c ./src/menu.o
 .debug_abbrev  0x000004cc      0x179 ./src/menu_maintenance.o
 .debug_abbrev  0x00000645      0x109 ./src/menu_normal.o
 .debug_abbrev  0x0000074e      0x11b ./src/project.o
 .debug_abbrev  0x00000869      0x153 ./src/view.o
 .debug_abbrev  0x000009bc      0x11c D:\Isel\19-20\Inverno\SE1\CMSIS_CORE_LPC17xx\Debug\libCMSIS_CORE_LPC17xx.a(system_LPC17xx.o)
 .debug_abbrev  0x00000ad8      0x1da D:\Isel\19-20\Inverno\SE1\SE1920\Debug\libSE1920.a(BMP280.o)
 .debug_abbrev  0x00000cb2      0x1c1 D:\Isel\19-20\Inverno\SE1\SE1920\Debug\libSE1920.a(button.o)
 .debug_abbrev  0x00000e73       0xf7 D:\Isel\19-20\Inverno\SE1\SE1920\Debug\libSE1920.a(flash.o)
 .debug_abbrev  0x00000f6a      0x164 D:\Isel\19-20\Inverno\SE1\SE1920\Debug\libSE1920.a(iap.o)
 .debug_abbrev  0x000010ce      0x1fd D:\Isel\19-20\Inverno\SE1\SE1920\Debug\libSE1920.a(lcd.o)
 .debug_abbrev  0x000012cb      0x139 D:\Isel\19-20\Inverno\SE1\SE1920\Debug\libSE1920.a(led.o)
 .debug_abbrev  0x00001404       0xca D:\Isel\19-20\Inverno\SE1\SE1920\Debug\libSE1920.a(peripherals.o)
 .debug_abbrev  0x000014ce      0x1ba D:\Isel\19-20\Inverno\SE1\SE1920\Debug\libSE1920.a(rtc.o)
 .debug_abbrev  0x00001688      0x1a9 D:\Isel\19-20\Inverno\SE1\SE1920\Debug\libSE1920.a(spi.o)
 .debug_abbrev  0x00001831       0xcc D:\Isel\19-20\Inverno\SE1\SE1920\Debug\libSE1920.a(ui.o)
 .debug_abbrev  0x000018fd      0x26b D:\Isel\19-20\Inverno\SE1\SE1920\Debug\libSE1920.a(wait.o)

.debug_aranges  0x00000000      0x560
 .debug_aranges
                0x00000000       0x80 ./src/cr_startup_lpc175x_6x.o
 .debug_aranges
                0x00000080       0x18 ./src/crp.o
 .debug_aranges
                0x00000098       0xa8 ./src/data_storage.o
 .debug_aranges
                0x00000140       0x28 ./src/menu.o
 .debug_aranges
                0x00000168       0x90 ./src/menu_maintenance.o
 .debug_aranges
                0x000001f8       0x20 ./src/menu_normal.o
 .debug_aranges
                0x00000218       0x20 ./src/project.o
 .debug_aranges
                0x00000238       0x40 ./src/view.o
 .debug_aranges
                0x00000278       0x28 D:\Isel\19-20\Inverno\SE1\CMSIS_CORE_LPC17xx\Debug\libCMSIS_CORE_LPC17xx.a(system_LPC17xx.o)
 .debug_aranges
                0x000002a0       0x58 D:\Isel\19-20\Inverno\SE1\SE1920\Debug\libSE1920.a(BMP280.o)
 .debug_aranges
                0x000002f8       0x40 D:\Isel\19-20\Inverno\SE1\SE1920\Debug\libSE1920.a(button.o)
 .debug_aranges
                0x00000338       0x28 D:\Isel\19-20\Inverno\SE1\SE1920\Debug\libSE1920.a(flash.o)
 .debug_aranges
                0x00000360       0x50 D:\Isel\19-20\Inverno\SE1\SE1920\Debug\libSE1920.a(iap.o)
 .debug_aranges
                0x000003b0       0x68 D:\Isel\19-20\Inverno\SE1\SE1920\Debug\libSE1920.a(lcd.o)
 .debug_aranges
                0x00000418       0x38 D:\Isel\19-20\Inverno\SE1\SE1920\Debug\libSE1920.a(led.o)
 .debug_aranges
                0x00000450       0x20 D:\Isel\19-20\Inverno\SE1\SE1920\Debug\libSE1920.a(peripherals.o)
 .debug_aranges
                0x00000470       0x48 D:\Isel\19-20\Inverno\SE1\SE1920\Debug\libSE1920.a(rtc.o)
 .debug_aranges
                0x000004b8       0x30 D:\Isel\19-20\Inverno\SE1\SE1920\Debug\libSE1920.a(spi.o)
 .debug_aranges
                0x000004e8       0x20 D:\Isel\19-20\Inverno\SE1\SE1920\Debug\libSE1920.a(ui.o)
 .debug_aranges
                0x00000508       0x58 D:\Isel\19-20\Inverno\SE1\SE1920\Debug\libSE1920.a(wait.o)

.debug_ranges   0x00000000      0x418
 .debug_ranges  0x00000000       0x70 ./src/cr_startup_lpc175x_6x.o
 .debug_ranges  0x00000070       0x98 ./src/data_storage.o
 .debug_ranges  0x00000108       0x18 ./src/menu.o
 .debug_ranges  0x00000120       0x80 ./src/menu_maintenance.o
 .debug_ranges  0x000001a0       0x10 ./src/menu_normal.o
 .debug_ranges  0x000001b0       0x10 ./src/project.o
 .debug_ranges  0x000001c0       0x30 ./src/view.o
 .debug_ranges  0x000001f0       0x18 D:\Isel\19-20\Inverno\SE1\CMSIS_CORE_LPC17xx\Debug\libCMSIS_CORE_LPC17xx.a(system_LPC17xx.o)
 .debug_ranges  0x00000208       0x48 D:\Isel\19-20\Inverno\SE1\SE1920\Debug\libSE1920.a(BMP280.o)
 .debug_ranges  0x00000250       0x30 D:\Isel\19-20\Inverno\SE1\SE1920\Debug\libSE1920.a(button.o)
 .debug_ranges  0x00000280       0x18 D:\Isel\19-20\Inverno\SE1\SE1920\Debug\libSE1920.a(flash.o)
 .debug_ranges  0x00000298       0x40 D:\Isel\19-20\Inverno\SE1\SE1920\Debug\libSE1920.a(iap.o)
 .debug_ranges  0x000002d8       0x58 D:\Isel\19-20\Inverno\SE1\SE1920\Debug\libSE1920.a(lcd.o)
 .debug_ranges  0x00000330       0x28 D:\Isel\19-20\Inverno\SE1\SE1920\Debug\libSE1920.a(led.o)
 .debug_ranges  0x00000358       0x10 D:\Isel\19-20\Inverno\SE1\SE1920\Debug\libSE1920.a(peripherals.o)
 .debug_ranges  0x00000368       0x38 D:\Isel\19-20\Inverno\SE1\SE1920\Debug\libSE1920.a(rtc.o)
 .debug_ranges  0x000003a0       0x20 D:\Isel\19-20\Inverno\SE1\SE1920\Debug\libSE1920.a(spi.o)
 .debug_ranges  0x000003c0       0x10 D:\Isel\19-20\Inverno\SE1\SE1920\Debug\libSE1920.a(ui.o)
 .debug_ranges  0x000003d0       0x48 D:\Isel\19-20\Inverno\SE1\SE1920\Debug\libSE1920.a(wait.o)

.debug_macro    0x00000000     0x4ea0
 .debug_macro   0x00000000       0x1d ./src/cr_startup_lpc175x_6x.o
 .debug_macro   0x0000001d      0xaa2 ./src/cr_startup_lpc175x_6x.o
 .debug_macro   0x00000abf       0x1a ./src/crp.o
 .debug_macro   0x00000ad9       0x34 ./src/crp.o
 .debug_macro   0x00000b0d      0x150 ./src/data_storage.o
 .debug_macro   0x00000c5d       0x10 ./src/data_storage.o
 .debug_macro   0x00000c6d      0x12e ./src/data_storage.o
 .debug_macro   0x00000d9b       0xa0 ./src/data_storage.o
 .debug_macro   0x00000e3b       0x1c ./src/data_storage.o
 .debug_macro   0x00000e57       0x3a ./src/data_storage.o
 .debug_macro   0x00000e91      0x5b3 ./src/data_storage.o
 .debug_macro   0x00001444       0x2d ./src/data_storage.o
 .debug_macro   0x00001471      0xbb1 ./src/data_storage.o
 .debug_macro   0x00002022      0x2c7 ./src/data_storage.o
 .debug_macro   0x000022e9       0x76 ./src/data_storage.o
 .debug_macro   0x0000235f       0x46 ./src/data_storage.o
 .debug_macro   0x000023a5       0x22 ./src/data_storage.o
 .debug_macro   0x000023c7       0x1c ./src/data_storage.o
 .debug_macro   0x000023e3       0x95 ./src/data_storage.o
 .debug_macro   0x00002478       0x52 ./src/data_storage.o
 .debug_macro   0x000024ca       0x10 ./src/data_storage.o
 .debug_macro   0x000024da       0xc4 ./src/data_storage.o
 .debug_macro   0x0000259e       0xa0 ./src/data_storage.o
 .debug_macro   0x0000263e       0xa0 ./src/data_storage.o
 .debug_macro   0x000026de       0x28 ./src/data_storage.o
 .debug_macro   0x00002706       0x10 ./src/data_storage.o
 .debug_macro   0x00002716       0x28 ./src/data_storage.o
 .debug_macro   0x0000273e      0x18b ./src/menu.o
 .debug_macro   0x000028c9       0x1c ./src/menu.o
 .debug_macro   0x000028e5      0x187 ./src/menu_maintenance.o
 .debug_macro   0x00002a6c      0x187 ./src/menu_normal.o
 .debug_macro   0x00002bf3      0x169 ./src/project.o
 .debug_macro   0x00002d5c      0x15a ./src/view.o
 .debug_macro   0x00002eb6      0x12d D:\Isel\19-20\Inverno\SE1\CMSIS_CORE_LPC17xx\Debug\libCMSIS_CORE_LPC17xx.a(system_LPC17xx.o)
 .debug_macro   0x00002fe3      0xaa2 D:\Isel\19-20\Inverno\SE1\CMSIS_CORE_LPC17xx\Debug\libCMSIS_CORE_LPC17xx.a(system_LPC17xx.o)
 .debug_macro   0x00003a85       0x96 D:\Isel\19-20\Inverno\SE1\SE1920\Debug\libSE1920.a(BMP280.o)
 .debug_macro   0x00003b1b      0xaa2 D:\Isel\19-20\Inverno\SE1\SE1920\Debug\libSE1920.a(BMP280.o)
 .debug_macro   0x000045bd       0x9a D:\Isel\19-20\Inverno\SE1\SE1920\Debug\libSE1920.a(BMP280.o)
 .debug_macro   0x00004657       0x9a D:\Isel\19-20\Inverno\SE1\SE1920\Debug\libSE1920.a(BMP280.o)
 .debug_macro   0x000046f1       0x87 D:\Isel\19-20\Inverno\SE1\SE1920\Debug\libSE1920.a(button.o)
 .debug_macro   0x00004778       0x70 D:\Isel\19-20\Inverno\SE1\SE1920\Debug\libSE1920.a(button.o)
 .debug_macro   0x000047e8       0x96 D:\Isel\19-20\Inverno\SE1\SE1920\Debug\libSE1920.a(flash.o)
 .debug_macro   0x0000487e       0x22 D:\Isel\19-20\Inverno\SE1\SE1920\Debug\libSE1920.a(flash.o)
 .debug_macro   0x000048a0       0x9b D:\Isel\19-20\Inverno\SE1\SE1920\Debug\libSE1920.a(iap.o)
 .debug_macro   0x0000493b       0xc8 D:\Isel\19-20\Inverno\SE1\SE1920\Debug\libSE1920.a(lcd.o)
 .debug_macro   0x00004a03       0x88 D:\Isel\19-20\Inverno\SE1\SE1920\Debug\libSE1920.a(led.o)
 .debug_macro   0x00004a8b      0x120 D:\Isel\19-20\Inverno\SE1\SE1920\Debug\libSE1920.a(peripherals.o)
 .debug_macro   0x00004bab       0xac D:\Isel\19-20\Inverno\SE1\SE1920\Debug\libSE1920.a(rtc.o)
 .debug_macro   0x00004c57       0x10 D:\Isel\19-20\Inverno\SE1\SE1920\Debug\libSE1920.a(rtc.o)
 .debug_macro   0x00004c67       0x87 D:\Isel\19-20\Inverno\SE1\SE1920\Debug\libSE1920.a(spi.o)
 .debug_macro   0x00004cee       0xeb D:\Isel\19-20\Inverno\SE1\SE1920\Debug\libSE1920.a(ui.o)
 .debug_macro   0x00004dd9       0x87 D:\Isel\19-20\Inverno\SE1\SE1920\Debug\libSE1920.a(wait.o)
 .debug_macro   0x00004e60       0x40 D:\Isel\19-20\Inverno\SE1\SE1920\Debug\libSE1920.a(wait.o)

.debug_line     0x00000000     0x45a4
 .debug_line    0x00000000      0x160 ./src/cr_startup_lpc175x_6x.o
 .debug_line    0x00000160       0xb1 ./src/crp.o
 .debug_line    0x00000211      0x5ff ./src/data_storage.o
 .debug_line    0x00000810      0x3a6 ./src/menu.o
 .debug_line    0x00000bb6      0x6e6 ./src/menu_maintenance.o
 .debug_line    0x0000129c      0x371 ./src/menu_normal.o
 .debug_line    0x0000160d      0x324 ./src/project.o
 .debug_line    0x00001931      0x373 ./src/view.o
 .debug_line    0x00001ca4      0x456 D:\Isel\19-20\Inverno\SE1\CMSIS_CORE_LPC17xx\Debug\libCMSIS_CORE_LPC17xx.a(system_LPC17xx.o)
 .debug_line    0x000020fa      0x4e0 D:\Isel\19-20\Inverno\SE1\SE1920\Debug\libSE1920.a(BMP280.o)
 .debug_line    0x000025da      0x368 D:\Isel\19-20\Inverno\SE1\SE1920\Debug\libSE1920.a(button.o)
 .debug_line    0x00002942      0x248 D:\Isel\19-20\Inverno\SE1\SE1920\Debug\libSE1920.a(flash.o)
 .debug_line    0x00002b8a      0x3d1 D:\Isel\19-20\Inverno\SE1\SE1920\Debug\libSE1920.a(iap.o)
 .debug_line    0x00002f5b      0x3f9 D:\Isel\19-20\Inverno\SE1\SE1920\Debug\libSE1920.a(lcd.o)
 .debug_line    0x00003354      0x279 D:\Isel\19-20\Inverno\SE1\SE1920\Debug\libSE1920.a(led.o)
 .debug_line    0x000035cd      0x2b4 D:\Isel\19-20\Inverno\SE1\SE1920\Debug\libSE1920.a(peripherals.o)
 .debug_line    0x00003881      0x3f3 D:\Isel\19-20\Inverno\SE1\SE1920\Debug\libSE1920.a(rtc.o)
 .debug_line    0x00003c74      0x318 D:\Isel\19-20\Inverno\SE1\SE1920\Debug\libSE1920.a(spi.o)
 .debug_line    0x00003f8c      0x27d D:\Isel\19-20\Inverno\SE1\SE1920\Debug\libSE1920.a(ui.o)
 .debug_line    0x00004209      0x39b D:\Isel\19-20\Inverno\SE1\SE1920\Debug\libSE1920.a(wait.o)

.debug_str      0x00000000     0xcbae
 .debug_str     0x00000000     0x2f7c ./src/cr_startup_lpc175x_6x.o
                               0x2f8f (size before relaxing)
 .debug_str     0x00002f7c       0xe9 ./src/crp.o
                               0x2e9c (size before relaxing)
 .debug_str     0x00003065     0x825c ./src/data_storage.o
                               0xb0e2 (size before relaxing)
 .debug_str     0x0000b2c1       0xe3 ./src/menu.o
                               0xaf05 (size before relaxing)
 .debug_str     0x0000b3a4      0x1de ./src/menu_maintenance.o
                               0xb0b3 (size before relaxing)
 .debug_str     0x0000b582       0x26 ./src/menu_normal.o
                               0xaee6 (size before relaxing)
 .debug_str     0x0000b5a8       0x23 ./src/project.o
                               0xaeac (size before relaxing)
 .debug_str     0x0000b5cb       0x84 ./src/view.o
                               0xaeb4 (size before relaxing)
 .debug_str     0x0000b64f      0x552 D:\Isel\19-20\Inverno\SE1\CMSIS_CORE_LPC17xx\Debug\libCMSIS_CORE_LPC17xx.a(system_LPC17xx.o)
                               0xa215 (size before relaxing)
 .debug_str     0x0000bba1      0x573 D:\Isel\19-20\Inverno\SE1\SE1920\Debug\libSE1920.a(BMP280.o)
                               0xa70a (size before relaxing)
 .debug_str     0x0000c114       0x95 D:\Isel\19-20\Inverno\SE1\SE1920\Debug\libSE1920.a(button.o)
                               0xa278 (size before relaxing)
 .debug_str     0x0000c1a9       0x3a D:\Isel\19-20\Inverno\SE1\SE1920\Debug\libSE1920.a(flash.o)
                               0x9eb7 (size before relaxing)
 .debug_str     0x0000c1e3      0x250 D:\Isel\19-20\Inverno\SE1\SE1920\Debug\libSE1920.a(iap.o)
                               0xa0bf (size before relaxing)
 .debug_str     0x0000c433      0x197 D:\Isel\19-20\Inverno\SE1\SE1920\Debug\libSE1920.a(lcd.o)
                               0xa8de (size before relaxing)
 .debug_str     0x0000c5ca       0x3d D:\Isel\19-20\Inverno\SE1\SE1920\Debug\libSE1920.a(led.o)
                               0x9f90 (size before relaxing)
 .debug_str     0x0000c607       0x26 D:\Isel\19-20\Inverno\SE1\SE1920\Debug\libSE1920.a(peripherals.o)
                               0xaad3 (size before relaxing)
 .debug_str     0x0000c62d      0x19a D:\Isel\19-20\Inverno\SE1\SE1920\Debug\libSE1920.a(rtc.o)
                               0xa3a9 (size before relaxing)
 .debug_str     0x0000c7c7       0x94 D:\Isel\19-20\Inverno\SE1\SE1920\Debug\libSE1920.a(spi.o)
                               0xa384 (size before relaxing)
 .debug_str     0x0000c85b       0x14 D:\Isel\19-20\Inverno\SE1\SE1920\Debug\libSE1920.a(ui.o)
                               0xa664 (size before relaxing)
 .debug_str     0x0000c86f      0x33f D:\Isel\19-20\Inverno\SE1\SE1920\Debug\libSE1920.a(wait.o)
                               0xa355 (size before relaxing)

.comment        0x00000000       0x75
 .comment       0x00000000       0x75 ./src/cr_startup_lpc175x_6x.o
                                 0x76 (size before relaxing)
 .comment       0x00000075       0x76 ./src/crp.o
 .comment       0x00000075       0x76 ./src/data_storage.o
 .comment       0x00000075       0x76 ./src/menu.o
 .comment       0x00000075       0x76 ./src/menu_maintenance.o
 .comment       0x00000075       0x76 ./src/menu_normal.o
 .comment       0x00000075       0x76 ./src/project.o
 .comment       0x00000075       0x76 ./src/view.o
 .comment       0x00000075       0x76 D:\Isel\19-20\Inverno\SE1\CMSIS_CORE_LPC17xx\Debug\libCMSIS_CORE_LPC17xx.a(system_LPC17xx.o)
 .comment       0x00000075       0x76 D:\Isel\19-20\Inverno\SE1\SE1920\Debug\libSE1920.a(BMP280.o)
 .comment       0x00000075       0x76 D:\Isel\19-20\Inverno\SE1\SE1920\Debug\libSE1920.a(button.o)
 .comment       0x00000075       0x76 D:\Isel\19-20\Inverno\SE1\SE1920\Debug\libSE1920.a(flash.o)
 .comment       0x00000075       0x76 D:\Isel\19-20\Inverno\SE1\SE1920\Debug\libSE1920.a(iap.o)
 .comment       0x00000075       0x76 D:\Isel\19-20\Inverno\SE1\SE1920\Debug\libSE1920.a(lcd.o)
 .comment       0x00000075       0x76 D:\Isel\19-20\Inverno\SE1\SE1920\Debug\libSE1920.a(led.o)
 .comment       0x00000075       0x76 D:\Isel\19-20\Inverno\SE1\SE1920\Debug\libSE1920.a(peripherals.o)
 .comment       0x00000075       0x76 D:\Isel\19-20\Inverno\SE1\SE1920\Debug\libSE1920.a(rtc.o)
 .comment       0x00000075       0x76 D:\Isel\19-20\Inverno\SE1\SE1920\Debug\libSE1920.a(spi.o)
 .comment       0x00000075       0x76 D:\Isel\19-20\Inverno\SE1\SE1920\Debug\libSE1920.a(ui.o)
 .comment       0x00000075       0x76 D:\Isel\19-20\Inverno\SE1\SE1920\Debug\libSE1920.a(wait.o)
 .comment       0x00000075       0x76 c:/nxp/mcuxpressoide_11.0.1_2563/ide/plugins/com.nxp.mcuxpresso.tools.win32_11.0.1.201907311258/tools/bin/../lib/gcc/arm-none-eabi/8.2.1/../../../../arm-none-eabi/lib/thumb/v7-m/nofp\libcr_semihost.a(_cr__main.o)
 .comment       0x00000075       0x76 c:/nxp/mcuxpressoide_11.0.1_2563/ide/plugins/com.nxp.mcuxpresso.tools.win32_11.0.1.201907311258/tools/bin/../lib/gcc/arm-none-eabi/8.2.1/../../../../arm-none-eabi/lib/thumb/v7-m/nofp\libcr_c.a(memcpy.o)
 .comment       0x00000075       0x76 c:/nxp/mcuxpressoide_11.0.1_2563/ide/plugins/com.nxp.mcuxpresso.tools.win32_11.0.1.201907311258/tools/bin/../lib/gcc/arm-none-eabi/8.2.1/../../../../arm-none-eabi/lib/thumb/v7-m/nofp\libcr_c.a(fpprintf.o)
 .comment       0x00000075       0x76 c:/nxp/mcuxpressoide_11.0.1_2563/ide/plugins/com.nxp.mcuxpresso.tools.win32_11.0.1.201907311258/tools/bin/../lib/gcc/arm-none-eabi/8.2.1/../../../../arm-none-eabi/lib/thumb/v7-m/nofp\libcr_c.a(initio.o)
 .comment       0x00000075       0x76 c:/nxp/mcuxpressoide_11.0.1_2563/ide/plugins/com.nxp.mcuxpresso.tools.win32_11.0.1.201907311258/tools/bin/../lib/gcc/arm-none-eabi/8.2.1/../../../../arm-none-eabi/lib/thumb/v7-m/nofp\libcr_c.a(printf.o)
 .comment       0x00000075       0x76 c:/nxp/mcuxpressoide_11.0.1_2563/ide/plugins/com.nxp.mcuxpresso.tools.win32_11.0.1.201907311258/tools/bin/../lib/gcc/arm-none-eabi/8.2.1/../../../../arm-none-eabi/lib/thumb/v7-m/nofp\libcr_c.a(setvbuf.o)
 .comment       0x00000075       0x76 c:/nxp/mcuxpressoide_11.0.1_2563/ide/plugins/com.nxp.mcuxpresso.tools.win32_11.0.1.201907311258/tools/bin/../lib/gcc/arm-none-eabi/8.2.1/../../../../arm-none-eabi/lib/thumb/v7-m/nofp\libcr_c.a(strlen.o)
 .comment       0x00000075       0x76 c:/nxp/mcuxpressoide_11.0.1_2563/ide/plugins/com.nxp.mcuxpresso.tools.win32_11.0.1.201907311258/tools/bin/../lib/gcc/arm-none-eabi/8.2.1/../../../../arm-none-eabi/lib/thumb/v7-m/nofp\libcr_c.a(time.o)
 .comment       0x00000075       0x76 c:/nxp/mcuxpressoide_11.0.1_2563/ide/plugins/com.nxp.mcuxpresso.tools.win32_11.0.1.201907311258/tools/bin/../lib/gcc/arm-none-eabi/8.2.1/../../../../arm-none-eabi/lib/thumb/v7-m/nofp\libcr_c.a(memset.o)
 .comment       0x00000075       0x76 c:/nxp/mcuxpressoide_11.0.1_2563/ide/plugins/com.nxp.mcuxpresso.tools.win32_11.0.1.201907311258/tools/bin/../lib/gcc/arm-none-eabi/8.2.1/../../../../arm-none-eabi/lib/thumb/v7-m/nofp\libcr_c.a(_deferredlazyseek.o)
 .comment       0x00000075       0x76 c:/nxp/mcuxpressoide_11.0.1_2563/ide/plugins/com.nxp.mcuxpresso.tools.win32_11.0.1.201907311258/tools/bin/../lib/gcc/arm-none-eabi/8.2.1/../../../../arm-none-eabi/lib/thumb/v7-m/nofp\libcr_c.a(_fdopen.o)
 .comment       0x00000075       0x76 c:/nxp/mcuxpressoide_11.0.1_2563/ide/plugins/com.nxp.mcuxpresso.tools.win32_11.0.1.201907311258/tools/bin/../lib/gcc/arm-none-eabi/8.2.1/../../../../arm-none-eabi/lib/thumb/v7-m/nofp\libcr_c.a(_fflush.o)
 .comment       0x00000075       0x76 c:/nxp/mcuxpressoide_11.0.1_2563/ide/plugins/com.nxp.mcuxpresso.tools.win32_11.0.1.201907311258/tools/bin/../lib/gcc/arm-none-eabi/8.2.1/../../../../arm-none-eabi/lib/thumb/v7-m/nofp\libcr_c.a(_frexpl.o)
 .comment       0x00000075       0x76 c:/nxp/mcuxpressoide_11.0.1_2563/ide/plugins/com.nxp.mcuxpresso.tools.win32_11.0.1.201907311258/tools/bin/../lib/gcc/arm-none-eabi/8.2.1/../../../../arm-none-eabi/lib/thumb/v7-m/nofp\libcr_c.a(_ldexpl.o)
 .comment       0x00000075       0x76 c:/nxp/mcuxpressoide_11.0.1_2563/ide/plugins/com.nxp.mcuxpresso.tools.win32_11.0.1.201907311258/tools/bin/../lib/gcc/arm-none-eabi/8.2.1/../../../../arm-none-eabi/lib/thumb/v7-m/nofp\libcr_c.a(_writebuf.o)
 .comment       0x00000075       0x76 c:/nxp/mcuxpressoide_11.0.1_2563/ide/plugins/com.nxp.mcuxpresso.tools.win32_11.0.1.201907311258/tools/bin/../lib/gcc/arm-none-eabi/8.2.1/../../../../arm-none-eabi/lib/thumb/v7-m/nofp\libcr_c.a(alloc.o)
 .comment       0x00000075       0x76 c:/nxp/mcuxpressoide_11.0.1_2563/ide/plugins/com.nxp.mcuxpresso.tools.win32_11.0.1.201907311258/tools/bin/../lib/gcc/arm-none-eabi/8.2.1/../../../../arm-none-eabi/lib/thumb/v7-m/nofp\libcr_c.a(errno.o)
 .comment       0x00000075       0x76 c:/nxp/mcuxpressoide_11.0.1_2563/ide/plugins/com.nxp.mcuxpresso.tools.win32_11.0.1.201907311258/tools/bin/../lib/gcc/arm-none-eabi/8.2.1/../../../../arm-none-eabi/lib/thumb/v7-m/nofp\libcr_c.a(fclose.o)
 .comment       0x00000075       0x76 c:/nxp/mcuxpressoide_11.0.1_2563/ide/plugins/com.nxp.mcuxpresso.tools.win32_11.0.1.201907311258/tools/bin/../lib/gcc/arm-none-eabi/8.2.1/../../../../arm-none-eabi/lib/thumb/v7-m/nofp\libcr_c.a(fflush.o)
 .comment       0x00000075       0x76 c:/nxp/mcuxpressoide_11.0.1_2563/ide/plugins/com.nxp.mcuxpresso.tools.win32_11.0.1.201907311258/tools/bin/../lib/gcc/arm-none-eabi/8.2.1/../../../../arm-none-eabi/lib/thumb/v7-m/nofp\libcr_c.a(fseek.o)
 .comment       0x00000075       0x76 c:/nxp/mcuxpressoide_11.0.1_2563/ide/plugins/com.nxp.mcuxpresso.tools.win32_11.0.1.201907311258/tools/bin/../lib/gcc/arm-none-eabi/8.2.1/../../../../arm-none-eabi/lib/thumb/v7-m/nofp\libcr_c.a(ftell.o)
 .comment       0x00000075       0x76 c:/nxp/mcuxpressoide_11.0.1_2563/ide/plugins/com.nxp.mcuxpresso.tools.win32_11.0.1.201907311258/tools/bin/../lib/gcc/arm-none-eabi/8.2.1/../../../../arm-none-eabi/lib/thumb/v7-m/nofp\libcr_c.a(remove.o)
 .comment       0x00000075       0x76 c:/nxp/mcuxpressoide_11.0.1_2563/ide/plugins/com.nxp.mcuxpresso.tools.win32_11.0.1.201907311258/tools/bin/../lib/gcc/arm-none-eabi/8.2.1/../../../../arm-none-eabi/lib/thumb/v7-m/nofp\libcr_c.a(__init_alloc.o)
 .comment       0x00000075       0x76 c:/nxp/mcuxpressoide_11.0.1_2563/ide/plugins/com.nxp.mcuxpresso.tools.win32_11.0.1.201907311258/tools/bin/../lib/gcc/arm-none-eabi/8.2.1/../../../../arm-none-eabi/lib/thumb/v7-m/nofp\libcr_c.a(_cr_sbrk.o)
 .comment       0x00000075       0x76 c:/nxp/mcuxpressoide_11.0.1_2563/ide/plugins/com.nxp.mcuxpresso.tools.win32_11.0.1.201907311258/tools/bin/../lib/gcc/arm-none-eabi/8.2.1/../../../../arm-none-eabi/lib/thumb/v7-m/nofp\libcr_c.a(_do_fflush.o)
 .comment       0x00000075       0x76 c:/nxp/mcuxpressoide_11.0.1_2563/ide/plugins/com.nxp.mcuxpresso.tools.win32_11.0.1.201907311258/tools/bin/../lib/gcc/arm-none-eabi/8.2.1/../../../../arm-none-eabi/lib/thumb/v7-m/nofp\libcr_c.a(_cr_check_heap.o)
 .comment       0x00000075       0x76 c:/nxp/mcuxpressoide_11.0.1_2563/ide/plugins/com.nxp.mcuxpresso.tools.win32_11.0.1.201907311258/tools/bin/../lib/gcc/arm-none-eabi/8.2.1/thumb/v7-m/nofp\libcr_eabihelpers.a(double.o)
 .comment       0x00000075       0x76 c:/nxp/mcuxpressoide_11.0.1_2563/ide/plugins/com.nxp.mcuxpresso.tools.win32_11.0.1.201907311258/tools/bin/../lib/gcc/arm-none-eabi/8.2.1/../../../../arm-none-eabi/lib/thumb/v7-m/nofp\libcr_semihost.a(__ciob.o)

.ARM.attributes
                0x00000000       0x2b
 .ARM.attributes
                0x00000000       0x2d ./src/cr_startup_lpc175x_6x.o
 .ARM.attributes
                0x0000002d       0x33 ./src/crp.o
 .ARM.attributes
                0x00000060       0x2d ./src/data_storage.o
 .ARM.attributes
                0x0000008d       0x2d ./src/menu.o
 .ARM.attributes
                0x000000ba       0x2d ./src/menu_maintenance.o
 .ARM.attributes
                0x000000e7       0x2d ./src/menu_normal.o
 .ARM.attributes
                0x00000114       0x2d ./src/project.o
 .ARM.attributes
                0x00000141       0x2d ./src/view.o
 .ARM.attributes
                0x0000016e       0x2d D:\Isel\19-20\Inverno\SE1\CMSIS_CORE_LPC17xx\Debug\libCMSIS_CORE_LPC17xx.a(system_LPC17xx.o)
 .ARM.attributes
                0x0000019b       0x2d D:\Isel\19-20\Inverno\SE1\SE1920\Debug\libSE1920.a(BMP280.o)
 .ARM.attributes
                0x000001c8       0x2d D:\Isel\19-20\Inverno\SE1\SE1920\Debug\libSE1920.a(button.o)
 .ARM.attributes
                0x000001f5       0x2d D:\Isel\19-20\Inverno\SE1\SE1920\Debug\libSE1920.a(flash.o)
 .ARM.attributes
                0x00000222       0x2d D:\Isel\19-20\Inverno\SE1\SE1920\Debug\libSE1920.a(iap.o)
 .ARM.attributes
                0x0000024f       0x2d D:\Isel\19-20\Inverno\SE1\SE1920\Debug\libSE1920.a(lcd.o)
 .ARM.attributes
                0x0000027c       0x2d D:\Isel\19-20\Inverno\SE1\SE1920\Debug\libSE1920.a(led.o)
 .ARM.attributes
                0x000002a9       0x2d D:\Isel\19-20\Inverno\SE1\SE1920\Debug\libSE1920.a(peripherals.o)
 .ARM.attributes
                0x000002d6       0x2d D:\Isel\19-20\Inverno\SE1\SE1920\Debug\libSE1920.a(rtc.o)
 .ARM.attributes
                0x00000303       0x2d D:\Isel\19-20\Inverno\SE1\SE1920\Debug\libSE1920.a(spi.o)
 .ARM.attributes
                0x00000330       0x2d D:\Isel\19-20\Inverno\SE1\SE1920\Debug\libSE1920.a(ui.o)
 .ARM.attributes
                0x0000035d       0x2d D:\Isel\19-20\Inverno\SE1\SE1920\Debug\libSE1920.a(wait.o)
 .ARM.attributes
                0x0000038a       0x2d c:/nxp/mcuxpressoide_11.0.1_2563/ide/plugins/com.nxp.mcuxpresso.tools.win32_11.0.1.201907311258/tools/bin/../lib/gcc/arm-none-eabi/8.2.1/../../../../arm-none-eabi/lib/thumb/v7-m/nofp\libcr_semihost.a(_cr__main.o)
 .ARM.attributes
                0x000003b7       0x2d c:/nxp/mcuxpressoide_11.0.1_2563/ide/plugins/com.nxp.mcuxpresso.tools.win32_11.0.1.201907311258/tools/bin/../lib/gcc/arm-none-eabi/8.2.1/../../../../arm-none-eabi/lib/thumb/v7-m/nofp\libcr_c.a(memcpy.o)
 .ARM.attributes
                0x000003e4       0x2d c:/nxp/mcuxpressoide_11.0.1_2563/ide/plugins/com.nxp.mcuxpresso.tools.win32_11.0.1.201907311258/tools/bin/../lib/gcc/arm-none-eabi/8.2.1/../../../../arm-none-eabi/lib/thumb/v7-m/nofp\libcr_c.a(fpprintf.o)
 .ARM.attributes
                0x00000411       0x2d c:/nxp/mcuxpressoide_11.0.1_2563/ide/plugins/com.nxp.mcuxpresso.tools.win32_11.0.1.201907311258/tools/bin/../lib/gcc/arm-none-eabi/8.2.1/../../../../arm-none-eabi/lib/thumb/v7-m/nofp\libcr_c.a(initio.o)
 .ARM.attributes
                0x0000043e       0x2d c:/nxp/mcuxpressoide_11.0.1_2563/ide/plugins/com.nxp.mcuxpresso.tools.win32_11.0.1.201907311258/tools/bin/../lib/gcc/arm-none-eabi/8.2.1/../../../../arm-none-eabi/lib/thumb/v7-m/nofp\libcr_c.a(printf.o)
 .ARM.attributes
                0x0000046b       0x2d c:/nxp/mcuxpressoide_11.0.1_2563/ide/plugins/com.nxp.mcuxpresso.tools.win32_11.0.1.201907311258/tools/bin/../lib/gcc/arm-none-eabi/8.2.1/../../../../arm-none-eabi/lib/thumb/v7-m/nofp\libcr_c.a(setvbuf.o)
 .ARM.attributes
                0x00000498       0x2d c:/nxp/mcuxpressoide_11.0.1_2563/ide/plugins/com.nxp.mcuxpresso.tools.win32_11.0.1.201907311258/tools/bin/../lib/gcc/arm-none-eabi/8.2.1/../../../../arm-none-eabi/lib/thumb/v7-m/nofp\libcr_c.a(strlen.o)
 .ARM.attributes
                0x000004c5       0x2d c:/nxp/mcuxpressoide_11.0.1_2563/ide/plugins/com.nxp.mcuxpresso.tools.win32_11.0.1.201907311258/tools/bin/../lib/gcc/arm-none-eabi/8.2.1/../../../../arm-none-eabi/lib/thumb/v7-m/nofp\libcr_c.a(time.o)
 .ARM.attributes
                0x000004f2       0x2d c:/nxp/mcuxpressoide_11.0.1_2563/ide/plugins/com.nxp.mcuxpresso.tools.win32_11.0.1.201907311258/tools/bin/../lib/gcc/arm-none-eabi/8.2.1/../../../../arm-none-eabi/lib/thumb/v7-m/nofp\libcr_c.a(memset.o)
 .ARM.attributes
                0x0000051f       0x2d c:/nxp/mcuxpressoide_11.0.1_2563/ide/plugins/com.nxp.mcuxpresso.tools.win32_11.0.1.201907311258/tools/bin/../lib/gcc/arm-none-eabi/8.2.1/../../../../arm-none-eabi/lib/thumb/v7-m/nofp\libcr_c.a(_deferredlazyseek.o)
 .ARM.attributes
                0x0000054c       0x2d c:/nxp/mcuxpressoide_11.0.1_2563/ide/plugins/com.nxp.mcuxpresso.tools.win32_11.0.1.201907311258/tools/bin/../lib/gcc/arm-none-eabi/8.2.1/../../../../arm-none-eabi/lib/thumb/v7-m/nofp\libcr_c.a(_fdopen.o)
 .ARM.attributes
                0x00000579       0x2d c:/nxp/mcuxpressoide_11.0.1_2563/ide/plugins/com.nxp.mcuxpresso.tools.win32_11.0.1.201907311258/tools/bin/../lib/gcc/arm-none-eabi/8.2.1/../../../../arm-none-eabi/lib/thumb/v7-m/nofp\libcr_c.a(_fflush.o)
 .ARM.attributes
                0x000005a6       0x2d c:/nxp/mcuxpressoide_11.0.1_2563/ide/plugins/com.nxp.mcuxpresso.tools.win32_11.0.1.201907311258/tools/bin/../lib/gcc/arm-none-eabi/8.2.1/../../../../arm-none-eabi/lib/thumb/v7-m/nofp\libcr_c.a(_frexpl.o)
 .ARM.attributes
                0x000005d3       0x2d c:/nxp/mcuxpressoide_11.0.1_2563/ide/plugins/com.nxp.mcuxpresso.tools.win32_11.0.1.201907311258/tools/bin/../lib/gcc/arm-none-eabi/8.2.1/../../../../arm-none-eabi/lib/thumb/v7-m/nofp\libcr_c.a(_ldexpl.o)
 .ARM.attributes
                0x00000600       0x2d c:/nxp/mcuxpressoide_11.0.1_2563/ide/plugins/com.nxp.mcuxpresso.tools.win32_11.0.1.201907311258/tools/bin/../lib/gcc/arm-none-eabi/8.2.1/../../../../arm-none-eabi/lib/thumb/v7-m/nofp\libcr_c.a(_writebuf.o)
 .ARM.attributes
                0x0000062d       0x2d c:/nxp/mcuxpressoide_11.0.1_2563/ide/plugins/com.nxp.mcuxpresso.tools.win32_11.0.1.201907311258/tools/bin/../lib/gcc/arm-none-eabi/8.2.1/../../../../arm-none-eabi/lib/thumb/v7-m/nofp\libcr_c.a(alloc.o)
 .ARM.attributes
                0x0000065a       0x33 c:/nxp/mcuxpressoide_11.0.1_2563/ide/plugins/com.nxp.mcuxpresso.tools.win32_11.0.1.201907311258/tools/bin/../lib/gcc/arm-none-eabi/8.2.1/../../../../arm-none-eabi/lib/thumb/v7-m/nofp\libcr_c.a(errno.o)
 .ARM.attributes
                0x0000068d       0x2d c:/nxp/mcuxpressoide_11.0.1_2563/ide/plugins/com.nxp.mcuxpresso.tools.win32_11.0.1.201907311258/tools/bin/../lib/gcc/arm-none-eabi/8.2.1/../../../../arm-none-eabi/lib/thumb/v7-m/nofp\libcr_c.a(fclose.o)
 .ARM.attributes
                0x000006ba       0x2d c:/nxp/mcuxpressoide_11.0.1_2563/ide/plugins/com.nxp.mcuxpresso.tools.win32_11.0.1.201907311258/tools/bin/../lib/gcc/arm-none-eabi/8.2.1/../../../../arm-none-eabi/lib/thumb/v7-m/nofp\libcr_c.a(fflush.o)
 .ARM.attributes
                0x000006e7       0x2d c:/nxp/mcuxpressoide_11.0.1_2563/ide/plugins/com.nxp.mcuxpresso.tools.win32_11.0.1.201907311258/tools/bin/../lib/gcc/arm-none-eabi/8.2.1/../../../../arm-none-eabi/lib/thumb/v7-m/nofp\libcr_c.a(fseek.o)
 .ARM.attributes
                0x00000714       0x2d c:/nxp/mcuxpressoide_11.0.1_2563/ide/plugins/com.nxp.mcuxpresso.tools.win32_11.0.1.201907311258/tools/bin/../lib/gcc/arm-none-eabi/8.2.1/../../../../arm-none-eabi/lib/thumb/v7-m/nofp\libcr_c.a(ftell.o)
 .ARM.attributes
                0x00000741       0x2d c:/nxp/mcuxpressoide_11.0.1_2563/ide/plugins/com.nxp.mcuxpresso.tools.win32_11.0.1.201907311258/tools/bin/../lib/gcc/arm-none-eabi/8.2.1/../../../../arm-none-eabi/lib/thumb/v7-m/nofp\libcr_c.a(remove.o)
 .ARM.attributes
                0x0000076e       0x2d c:/nxp/mcuxpressoide_11.0.1_2563/ide/plugins/com.nxp.mcuxpresso.tools.win32_11.0.1.201907311258/tools/bin/../lib/gcc/arm-none-eabi/8.2.1/../../../../arm-none-eabi/lib/thumb/v7-m/nofp\libcr_c.a(__init_alloc.o)
 .ARM.attributes
                0x0000079b       0x2d c:/nxp/mcuxpressoide_11.0.1_2563/ide/plugins/com.nxp.mcuxpresso.tools.win32_11.0.1.201907311258/tools/bin/../lib/gcc/arm-none-eabi/8.2.1/../../../../arm-none-eabi/lib/thumb/v7-m/nofp\libcr_c.a(_cr_sbrk.o)
 .ARM.attributes
                0x000007c8       0x2d c:/nxp/mcuxpressoide_11.0.1_2563/ide/plugins/com.nxp.mcuxpresso.tools.win32_11.0.1.201907311258/tools/bin/../lib/gcc/arm-none-eabi/8.2.1/../../../../arm-none-eabi/lib/thumb/v7-m/nofp\libcr_c.a(_do_fflush.o)
 .ARM.attributes
                0x000007f5       0x2d c:/nxp/mcuxpressoide_11.0.1_2563/ide/plugins/com.nxp.mcuxpresso.tools.win32_11.0.1.201907311258/tools/bin/../lib/gcc/arm-none-eabi/8.2.1/../../../../arm-none-eabi/lib/thumb/v7-m/nofp\libcr_c.a(_cr_check_heap.o)
 .ARM.attributes
                0x00000822       0x2d c:/nxp/mcuxpressoide_11.0.1_2563/ide/plugins/com.nxp.mcuxpresso.tools.win32_11.0.1.201907311258/tools/bin/../lib/gcc/arm-none-eabi/8.2.1/thumb/v7-m/nofp\libcr_eabihelpers.a(double.o)
 .ARM.attributes
                0x0000084f       0x1b c:/nxp/mcuxpressoide_11.0.1_2563/ide/plugins/com.nxp.mcuxpresso.tools.win32_11.0.1.201907311258/tools/bin/../lib/gcc/arm-none-eabi/8.2.1/thumb/v7-m/nofp\libcr_eabihelpers.a(memcpy.o)
 .ARM.attributes
                0x0000086a       0x33 c:/nxp/mcuxpressoide_11.0.1_2563/ide/plugins/com.nxp.mcuxpresso.tools.win32_11.0.1.201907311258/tools/bin/../lib/gcc/arm-none-eabi/8.2.1/../../../../arm-none-eabi/lib/thumb/v7-m/nofp\libcr_semihost.a(__ciob.o)
 .ARM.attributes
                0x0000089d       0x1b c:/nxp/mcuxpressoide_11.0.1_2563/ide/plugins/com.nxp.mcuxpresso.tools.win32_11.0.1.201907311258/tools/bin/../lib/gcc/arm-none-eabi/8.2.1/../../../../arm-none-eabi/lib/thumb/v7-m/nofp\libcr_semihost.a(__sys_appexit.o)
 .ARM.attributes
                0x000008b8       0x1b c:/nxp/mcuxpressoide_11.0.1_2563/ide/plugins/com.nxp.mcuxpresso.tools.win32_11.0.1.201907311258/tools/bin/../lib/gcc/arm-none-eabi/8.2.1/../../../../arm-none-eabi/lib/thumb/v7-m/nofp\libcr_semihost.a(__sys_close.o)
 .ARM.attributes
                0x000008d3       0x1b c:/nxp/mcuxpressoide_11.0.1_2563/ide/plugins/com.nxp.mcuxpresso.tools.win32_11.0.1.201907311258/tools/bin/../lib/gcc/arm-none-eabi/8.2.1/../../../../arm-none-eabi/lib/thumb/v7-m/nofp\libcr_semihost.a(__sys_flen.o)
 .ARM.attributes
                0x000008ee       0x1b c:/nxp/mcuxpressoide_11.0.1_2563/ide/plugins/com.nxp.mcuxpresso.tools.win32_11.0.1.201907311258/tools/bin/../lib/gcc/arm-none-eabi/8.2.1/../../../../arm-none-eabi/lib/thumb/v7-m/nofp\libcr_semihost.a(__sys_istty.o)
 .ARM.attributes
                0x00000909       0x1b c:/nxp/mcuxpressoide_11.0.1_2563/ide/plugins/com.nxp.mcuxpresso.tools.win32_11.0.1.201907311258/tools/bin/../lib/gcc/arm-none-eabi/8.2.1/../../../../arm-none-eabi/lib/thumb/v7-m/nofp\libcr_semihost.a(__sys_remove.o)
 .ARM.attributes
                0x00000924       0x1b c:/nxp/mcuxpressoide_11.0.1_2563/ide/plugins/com.nxp.mcuxpresso.tools.win32_11.0.1.201907311258/tools/bin/../lib/gcc/arm-none-eabi/8.2.1/../../../../arm-none-eabi/lib/thumb/v7-m/nofp\libcr_semihost.a(__sys_seek.o)
 .ARM.attributes
                0x0000093f       0x1b c:/nxp/mcuxpressoide_11.0.1_2563/ide/plugins/com.nxp.mcuxpresso.tools.win32_11.0.1.201907311258/tools/bin/../lib/gcc/arm-none-eabi/8.2.1/../../../../arm-none-eabi/lib/thumb/v7-m/nofp\libcr_semihost.a(__sys_tmpnam.o)
 .ARM.attributes
                0x0000095a       0x1b c:/nxp/mcuxpressoide_11.0.1_2563/ide/plugins/com.nxp.mcuxpresso.tools.win32_11.0.1.201907311258/tools/bin/../lib/gcc/arm-none-eabi/8.2.1/../../../../arm-none-eabi/lib/thumb/v7-m/nofp\libcr_semihost.a(__sys_write.o)

.debug_frame    0x00000000      0xfec
 .debug_frame   0x00000000      0x170 ./src/cr_startup_lpc175x_6x.o
 .debug_frame   0x00000170      0x284 ./src/data_storage.o
 .debug_frame   0x000003f4       0x50 ./src/menu.o
 .debug_frame   0x00000444      0x1e8 ./src/menu_maintenance.o
 .debug_frame   0x0000062c       0x2c ./src/menu_normal.o
 .debug_frame   0x00000658       0x30 ./src/project.o
 .debug_frame   0x00000688       0xa4 ./src/view.o
 .debug_frame   0x0000072c       0x3c D:\Isel\19-20\Inverno\SE1\CMSIS_CORE_LPC17xx\Debug\libCMSIS_CORE_LPC17xx.a(system_LPC17xx.o)
 .debug_frame   0x00000768      0x13c D:\Isel\19-20\Inverno\SE1\SE1920\Debug\libSE1920.a(BMP280.o)
 .debug_frame   0x000008a4       0xc8 D:\Isel\19-20\Inverno\SE1\SE1920\Debug\libSE1920.a(button.o)
 .debug_frame   0x0000096c       0x5c D:\Isel\19-20\Inverno\SE1\SE1920\Debug\libSE1920.a(flash.o)
 .debug_frame   0x000009c8      0x114 D:\Isel\19-20\Inverno\SE1\SE1920\Debug\libSE1920.a(iap.o)
 .debug_frame   0x00000adc      0x180 D:\Isel\19-20\Inverno\SE1\SE1920\Debug\libSE1920.a(lcd.o)
 .debug_frame   0x00000c5c       0x8c D:\Isel\19-20\Inverno\SE1\SE1920\Debug\libSE1920.a(led.o)
 .debug_frame   0x00000ce8       0x2c D:\Isel\19-20\Inverno\SE1\SE1920\Debug\libSE1920.a(peripherals.o)
 .debug_frame   0x00000d14       0xf4 D:\Isel\19-20\Inverno\SE1\SE1920\Debug\libSE1920.a(rtc.o)
 .debug_frame   0x00000e08       0x80 D:\Isel\19-20\Inverno\SE1\SE1920\Debug\libSE1920.a(spi.o)
 .debug_frame   0x00000e88       0x2c D:\Isel\19-20\Inverno\SE1\SE1920\Debug\libSE1920.a(ui.o)
 .debug_frame   0x00000eb4      0x138 D:\Isel\19-20\Inverno\SE1\SE1920\Debug\libSE1920.a(wait.o)

Cross Reference Table

Symbol                                            File
ADC_IRQHandler                                    ./src/cr_startup_lpc175x_6x.o
BOD_IRQHandler                                    ./src/cr_startup_lpc175x_6x.o
BUTTON_GetButtonsEvents                           D:\Isel\19-20\Inverno\SE1\SE1920\Debug\libSE1920.a(button.o)
                                                  ./src/menu_normal.o
                                                  ./src/menu_maintenance.o
                                                  ./src/menu.o
BUTTON_Hit                                        D:\Isel\19-20\Inverno\SE1\SE1920\Debug\libSE1920.a(button.o)
BUTTON_Read                                       D:\Isel\19-20\Inverno\SE1\SE1920\Debug\libSE1920.a(button.o)
BUTTON_check                                      D:\Isel\19-20\Inverno\SE1\SE1920\Debug\libSE1920.a(button.o)
BusFault_Handler                                  ./src/cr_startup_lpc175x_6x.o
CANActivity_IRQHandler                            ./src/cr_startup_lpc175x_6x.o
CAN_IRQHandler                                    ./src/cr_startup_lpc175x_6x.o
CRP_WORD                                          ./src/crp.o
DATE_OFFSETS                                      ./src/data_storage.o
DATE_PTRS                                         ./src/data_storage.o
DMA_IRQHandler                                    ./src/cr_startup_lpc175x_6x.o
DebugMon_Handler                                  ./src/cr_startup_lpc175x_6x.o
EINT0_IRQHandler                                  ./src/cr_startup_lpc175x_6x.o
EINT1_IRQHandler                                  ./src/cr_startup_lpc175x_6x.o
EINT2_IRQHandler                                  ./src/cr_startup_lpc175x_6x.o
EINT3_IRQHandler                                  ./src/cr_startup_lpc175x_6x.o
ENET_IRQHandler                                   ./src/cr_startup_lpc175x_6x.o
FLASH_BlankSectors                                D:\Isel\19-20\Inverno\SE1\SE1920\Debug\libSE1920.a(iap.o)
FLASH_EraseSectors                                D:\Isel\19-20\Inverno\SE1\SE1920\Debug\libSE1920.a(iap.o)
FLASH_VerifyData                                  D:\Isel\19-20\Inverno\SE1\SE1920\Debug\libSE1920.a(iap.o)
FLASH_WriteData                                   D:\Isel\19-20\Inverno\SE1\SE1920\Debug\libSE1920.a(iap.o)
                                                  D:\Isel\19-20\Inverno\SE1\SE1920\Debug\libSE1920.a(flash.o)
HardFault_Handler                                 ./src/cr_startup_lpc175x_6x.o
I2C0_IRQHandler                                   ./src/cr_startup_lpc175x_6x.o
I2C1_IRQHandler                                   ./src/cr_startup_lpc175x_6x.o
I2C2_IRQHandler                                   ./src/cr_startup_lpc175x_6x.o
I2S_IRQHandler                                    ./src/cr_startup_lpc175x_6x.o
IntDefaultHandler                                 ./src/cr_startup_lpc175x_6x.o
LCDText_Clear                                     D:\Isel\19-20\Inverno\SE1\SE1920\Debug\libSE1920.a(lcd.o)
                                                  ./src/menu_maintenance.o
                                                  ./src/menu.o
LCDText_Cursor                                    D:\Isel\19-20\Inverno\SE1\SE1920\Debug\libSE1920.a(lcd.o)
                                                  ./src/menu_maintenance.o
LCDText_Locate                                    D:\Isel\19-20\Inverno\SE1\SE1920\Debug\libSE1920.a(lcd.o)
                                                  ./src/view.o
                                                  ./src/menu_maintenance.o
LCDText_PrintBinary                               D:\Isel\19-20\Inverno\SE1\SE1920\Debug\libSE1920.a(lcd.o)
LCDText_Printf                                    D:\Isel\19-20\Inverno\SE1\SE1920\Debug\libSE1920.a(lcd.o)
LCDText_WriteChar                                 D:\Isel\19-20\Inverno\SE1\SE1920\Debug\libSE1920.a(lcd.o)
LCDText_WriteString                               D:\Isel\19-20\Inverno\SE1\SE1920\Debug\libSE1920.a(lcd.o)
                                                  ./src/view.o
MAINTENANCE_CHANGE_TITLE                          ./src/view.o
MAX_DATES                                         ./src/data_storage.o
MAX_TIMES                                         ./src/data_storage.o
MCPWM_IRQHandler                                  ./src/cr_startup_lpc175x_6x.o
MemManage_Handler                                 ./src/cr_startup_lpc175x_6x.o
NMI_Handler                                       ./src/cr_startup_lpc175x_6x.o
PLL0_IRQHandler                                   ./src/cr_startup_lpc175x_6x.o
PLL1_IRQHandler                                   ./src/cr_startup_lpc175x_6x.o
PWM1_IRQHandler                                   ./src/cr_startup_lpc175x_6x.o
PendSV_Handler                                    ./src/cr_startup_lpc175x_6x.o
QEI_IRQHandler                                    ./src/cr_startup_lpc175x_6x.o
RIT_IRQHandler                                    ./src/cr_startup_lpc175x_6x.o
RTC_GetSeconds                                    D:\Isel\19-20\Inverno\SE1\SE1920\Debug\libSE1920.a(rtc.o)
RTC_GetValue                                      D:\Isel\19-20\Inverno\SE1\SE1920\Debug\libSE1920.a(rtc.o)
                                                  ./src/data_storage.o
RTC_IRQHandler                                    ./src/cr_startup_lpc175x_6x.o
RTC_SetMaskedValue                                D:\Isel\19-20\Inverno\SE1\SE1920\Debug\libSE1920.a(rtc.o)
                                                  ./src/data_storage.o
RTC_SetSconds                                     D:\Isel\19-20\Inverno\SE1\SE1920\Debug\libSE1920.a(rtc.o)
RTC_SetValue                                      D:\Isel\19-20\Inverno\SE1\SE1920\Debug\libSE1920.a(rtc.o)
ResetISR                                          ./src/cr_startup_lpc175x_6x.o
SEC_CHARACTER                                     ./src/data_storage.o
SPI_ConfigTransfer                                D:\Isel\19-20\Inverno\SE1\SE1920\Debug\libSE1920.a(spi.o)
                                                  D:\Isel\19-20\Inverno\SE1\SE1920\Debug\libSE1920.a(BMP280.o)
SPI_IRQHandler                                    ./src/cr_startup_lpc175x_6x.o
SPI_Transfer                                      D:\Isel\19-20\Inverno\SE1\SE1920\Debug\libSE1920.a(spi.o)
                                                  D:\Isel\19-20\Inverno\SE1\SE1920\Debug\libSE1920.a(BMP280.o)
SSP0_IRQHandler                                   ./src/cr_startup_lpc175x_6x.o
SSP1_IRQHandler                                   ./src/cr_startup_lpc175x_6x.o
SVC_Handler                                       ./src/cr_startup_lpc175x_6x.o
SysTick_Handler                                   D:\Isel\19-20\Inverno\SE1\SE1920\Debug\libSE1920.a(wait.o)
                                                  ./src/cr_startup_lpc175x_6x.o
SystemCoreClock                                   D:\Isel\19-20\Inverno\SE1\CMSIS_CORE_LPC17xx\Debug\libCMSIS_CORE_LPC17xx.a(system_LPC17xx.o)
                                                  D:\Isel\19-20\Inverno\SE1\SE1920\Debug\libSE1920.a(wait.o)
                                                  D:\Isel\19-20\Inverno\SE1\SE1920\Debug\libSE1920.a(spi.o)
                                                  D:\Isel\19-20\Inverno\SE1\SE1920\Debug\libSE1920.a(iap.o)
SystemCoreClockUpdate                             D:\Isel\19-20\Inverno\SE1\CMSIS_CORE_LPC17xx\Debug\libCMSIS_CORE_LPC17xx.a(system_LPC17xx.o)
SystemInit                                        D:\Isel\19-20\Inverno\SE1\CMSIS_CORE_LPC17xx\Debug\libCMSIS_CORE_LPC17xx.a(system_LPC17xx.o)
                                                  ./src/cr_startup_lpc175x_6x.o
TEMPERATURE_UNIT                                  ./src/data_storage.o
TIMER0_IRQHandler                                 ./src/cr_startup_lpc175x_6x.o
TIMER1_IRQHandler                                 ./src/cr_startup_lpc175x_6x.o
TIMER2_IRQHandler                                 ./src/cr_startup_lpc175x_6x.o
TIMER3_IRQHandler                                 ./src/cr_startup_lpc175x_6x.o
TIME_PTRS                                         ./src/data_storage.o
TemperatureAndPressureToString                    ./src/data_storage.o
                                                  ./src/view.o
UART0_IRQHandler                                  ./src/cr_startup_lpc175x_6x.o
UART1_IRQHandler                                  ./src/cr_startup_lpc175x_6x.o