Archive member included to satisfy reference by file (symbol)

C:\Users\Manue\OneDrive\Documentos\Isel\19-20\Verao\SE2\Ambiente\SE2\SE1920\Debug\libSE1920.a(BMP280.o)
                              ./src/ProjectV2/xData_center.o (current_temp)
C:\Users\Manue\OneDrive\Documentos\Isel\19-20\Verao\SE2\Ambiente\SE2\SE1920\Debug\libSE1920.a(button.o)
                              ./src/ProjectTasks/button_task.o (BUTTON_GetButtonsEvents)
C:\Users\Manue\OneDrive\Documentos\Isel\19-20\Verao\SE2\Ambiente\SE2\SE1920\Debug\libSE1920.a(lcd.o)
                              ./src/ProjectTasks/view_task.o (LCDText_Locate)
C:\Users\Manue\OneDrive\Documentos\Isel\19-20\Verao\SE2\Ambiente\SE2\SE1920\Debug\libSE1920.a(led.o)
                              ./src/ProjectV2/menu_normal.o (turn_off_led)
C:\Users\Manue\OneDrive\Documentos\Isel\19-20\Verao\SE2\Ambiente\SE2\SE1920\Debug\libSE1920.a(peripherals.o)
                              ./src/ProjectTasks/view_task.o (init_peripherals)
C:\Users\Manue\OneDrive\Documentos\Isel\19-20\Verao\SE2\Ambiente\SE2\SE1920\Debug\libSE1920.a(rtc.o)
                              C:\Users\Manue\OneDrive\Documentos\Isel\19-20\Verao\SE2\Ambiente\SE2\SE1920\Debug\libSE1920.a(peripherals.o) (init_RTC)
C:\Users\Manue\OneDrive\Documentos\Isel\19-20\Verao\SE2\Ambiente\SE2\SE1920\Debug\libSE1920.a(spi.o)
                              C:\Users\Manue\OneDrive\Documentos\Isel\19-20\Verao\SE2\Ambiente\SE2\SE1920\Debug\libSE1920.a(peripherals.o) (init_spi)
C:\Users\Manue\OneDrive\Documentos\Isel\19-20\Verao\SE2\Ambiente\SE2\SE1920\Debug\libSE1920.a(xWait.o)
                              C:\Users\Manue\OneDrive\Documentos\Isel\19-20\Verao\SE2\Ambiente\SE2\SE1920\Debug\libSE1920.a(peripherals.o) (init_wait)
C:\Users\Manue\OneDrive\Documentos\Isel\19-20\Verao\SE2\Ambiente\SE2\SE1920\Debug\libSE1920.a(i2c.o)
                              C:\Users\Manue\OneDrive\Documentos\Isel\19-20\Verao\SE2\Ambiente\SE2\SE1920\Debug\libSE1920.a(peripherals.o) (init_I2C)
C:\Users\Manue\OneDrive\Documentos\Isel\19-20\Verao\SE2\Ambiente\SE2\FreeRTOS-Kernel\Debug\libFreeRTOS-Kernel.a(heap_4.o)
                              ./src/ProjectV2/xViewLCDText.o (pvPortMalloc)
C:\Users\Manue\OneDrive\Documentos\Isel\19-20\Verao\SE2\Ambiente\SE2\FreeRTOS-Kernel\Debug\libFreeRTOS-Kernel.a(port.o)
                              ./src/cr_startup_lpc175x_6x-FreeRTOS.o (vPortSVCHandler)
C:\Users\Manue\OneDrive\Documentos\Isel\19-20\Verao\SE2\Ambiente\SE2\FreeRTOS-Kernel\Debug\libFreeRTOS-Kernel.a(queue.o)
                              ./src/ProjectTasks/button_task.o (xQueueGenericCreate)
C:\Users\Manue\OneDrive\Documentos\Isel\19-20\Verao\SE2\Ambiente\SE2\FreeRTOS-Kernel\Debug\libFreeRTOS-Kernel.a(tasks.o)
                              C:\Users\Manue\OneDrive\Documentos\Isel\19-20\Verao\SE2\Ambiente\SE2\FreeRTOS-Kernel\Debug\libFreeRTOS-Kernel.a(port.o) (pxCurrentTCB)
C:\Users\Manue\OneDrive\Documentos\Isel\19-20\Verao\SE2\Ambiente\SE2\FreeRTOS-Kernel\Debug\libFreeRTOS-Kernel.a(list.o)
                              C:\Users\Manue\OneDrive\Documentos\Isel\19-20\Verao\SE2\Ambiente\SE2\FreeRTOS-Kernel\Debug\libFreeRTOS-Kernel.a(queue.o) (vListInitialise)
C:\Users\Manue\OneDrive\Documentos\Isel\19-20\Verao\SE2\Ambiente\SE2\CMSIS_CORE_LPC17xx\Debug\libCMSIS_CORE_LPC17xx.a(system_LPC17xx.o)
                              ./src/cr_startup_lpc175x_6x-FreeRTOS.o (SystemInit)
c:/nxp/mcuxpressoide_11.1.1_3241/ide/plugins/com.nxp.mcuxpresso.tools.win32_11.1.0.202001081728/tools/bin/../lib/gcc/arm-none-eabi/8.3.1/../../../../arm-none-eabi/lib/thumb/v7-m/nofp\libcr_semihost.a(_cr__main.o)
                              ./src/cr_startup_lpc175x_6x-FreeRTOS.o (__main)
c:/nxp/mcuxpressoide_11.1.1_3241/ide/plugins/com.nxp.mcuxpresso.tools.win32_11.1.0.202001081728/tools/bin/../lib/gcc/arm-none-eabi/8.3.1/../../../../arm-none-eabi/lib/thumb/v7-m/nofp\libcr_c.a(memcpy.o)
                              ./src/ProjectV2/xViewLCDText.o (memcpy)
c:/nxp/mcuxpressoide_11.1.1_3241/ide/plugins/com.nxp.mcuxpresso.tools.win32_11.1.0.202001081728/tools/bin/../lib/gcc/arm-none-eabi/8.3.1/../../../../arm-none-eabi/lib/thumb/v7-m/nofp\libcr_c.a(memset.o)
                              C:\Users\Manue\OneDrive\Documentos\Isel\19-20\Verao\SE2\Ambiente\SE2\FreeRTOS-Kernel\Debug\libFreeRTOS-Kernel.a(tasks.o) (memset)
c:/nxp/mcuxpressoide_11.1.1_3241/ide/plugins/com.nxp.mcuxpresso.tools.win32_11.1.0.202001081728/tools/bin/../lib/gcc/arm-none-eabi/8.3.1/../../../../arm-none-eabi/lib/thumb/v7-m/nofp\libcr_c.a(alloc.o)
                              C:\Users\Manue\OneDrive\Documentos\Isel\19-20\Verao\SE2\Ambiente\SE2\SE1920\Debug\libSE1920.a(i2c.o) (malloc)
c:/nxp/mcuxpressoide_11.1.1_3241/ide/plugins/com.nxp.mcuxpresso.tools.win32_11.1.0.202001081728/tools/bin/../lib/gcc/arm-none-eabi/8.3.1/../../../../arm-none-eabi/lib/thumb/v7-m/nofp\libcr_c.a(fpprintf.o)
                              ./src/ProjectV2/format_view.o (sprintf)
[...]
Memory Configuration

Name             Origin             Length             Attributes
MFlash512        0x00000000         0x00080000         xr
RamLoc32         0x10000000         0x00008000         xrw
RamAHB32         0x2007c000         0x00008000         xrw
*default*        0x00000000         0xffffffff

Linker script and memory map

LOAD ./src/ProjectV2/format_view.o
LOAD ./src/ProjectV2/menu_normal.o
LOAD ./src/ProjectV2/xData_center.o
LOAD ./src/ProjectV2/xInit_menu.o
LOAD ./src/ProjectV2/xMenu.o
LOAD ./src/ProjectV2/xViewLCDText.o
LOAD ./src/ProjectTasks/button_task.o
LOAD ./src/ProjectTasks/data_center_task.o
LOAD ./src/ProjectTasks/local_task.o
LOAD ./src/ProjectTasks/sensor_task.o
LOAD ./src/ProjectTasks/view_task.o
LOAD ./src/KernelUtils/KernelDebbug.o
LOAD ./src/cr_startup_lpc175x_6x-FreeRTOS.o
LOAD ./src/crp.o
LOAD ./src/project.o
LOAD C:\Users\Manue\OneDrive\Documentos\Isel\19-20\Verao\SE2\Ambiente\SE2\SE1920\Debug\libSE1920.a
LOAD C:\Users\Manue\OneDrive\Documentos\Isel\19-20\Verao\SE2\Ambiente\SE2\FreeRTOS-Kernel\Debug\libFreeRTOS-Kernel.a
LOAD C:\Users\Manue\OneDrive\Documentos\Isel\19-20\Verao\SE2\Ambiente\SE2\CMSIS_CORE_LPC17xx\Debug\libCMSIS_CORE_LPC17xx.a
START GROUP
LOAD c:/nxp/mcuxpressoide_11.1.1_3241/ide/plugins/com.nxp.mcuxpresso.tools.win32_11.1.0.202001081728/tools/bin/../lib/gcc/arm-none-eabi/8.3.1/../../../../arm-none-eabi/lib/thumb/v7-m/nofp\libcr_semihost.a
LOAD c:/nxp/mcuxpressoide_11.1.1_3241/ide/plugins/com.nxp.mcuxpresso.tools.win32_11.1.0.202001081728/tools/bin/../lib/gcc/arm-none-eabi/8.3.1/../../../../arm-none-eabi/lib/thumb/v7-m/nofp\libcr_c.a
LOAD c:/nxp/mcuxpressoide_11.1.1_3241/ide/plugins/com.nxp.mcuxpresso.tools.win32_11.1.0.202001081728/tools/bin/../lib/gcc/arm-none-eabi/8.3.1/thumb/v7-m/nofp\libcr_eabihelpers.a
LOAD c:/nxp/mcuxpressoide_11.1.1_3241/ide/plugins/com.nxp.mcuxpresso.tools.win32_11.1.0.202001081728/tools/bin/../lib/gcc/arm-none-eabi/8.3.1/thumb/v7-m/nofp\libgcc.a
END GROUP
                0x00000000                __base_MFlash512 = 0x0
                0x00000000                __base_Flash = 0x0
                0x00080000                __top_MFlash512 = 0x80000
                0x00080000                __top_Flash = 0x80000
                0x10000000                __base_RamLoc32 = 0x10000000
                0x10000000                __base_RAM = 0x10000000
                0x10008000                __top_RamLoc32 = 0x10008000
                0x10008000                __top_RAM = 0x10008000
                0x2007c000                __base_RamAHB32 = 0x2007c000
                0x2007c000                __base_RAM2 = 0x2007c000
                0x20084000                __top_RamAHB32 = 0x20084000
                0x20084000                __top_RAM2 = 0x20084000

.text           0x00000000     0x8378
 FILL mask 0xff
                0x00000000                __vectors_start__ = ABSOLUTE (.)
 *(.isr_vector)
 .isr_vector    0x00000000       0xcc ./src/cr_startup_lpc175x_6x-FreeRTOS.o
                0x00000000                g_pfnVectors
                0x000000cc                . = ALIGN (0x4)
                0x000000cc                __section_table_start = .
                0x000000cc                __data_section_table = .
                0x000000cc        0x4 LONG 0x8378 LOADADDR (.data)
                0x000000d0        0x4 LONG 0x10000000 ADDR (.data)
                0x000000d4        0x4 LONG 0x6c SIZEOF (.data)
                0x000000d8        0x4 LONG 0x8378 LOADADDR (.data_RAM2)
                0x000000dc        0x4 LONG 0x2007c000 ADDR (.data_RAM2)
                0x000000e0        0x4 LONG 0x0 SIZEOF (.data_RAM2)
                0x000000e4                __data_section_table_end = .
                0x000000e4                __bss_section_table = .
                0x000000e4        0x4 LONG 0x10000070 ADDR (.bss)
                0x000000e8        0x4 LONG 0x3450 SIZEOF (.bss)
                0x000000ec        0x4 LONG 0x2007c000 ADDR (.bss_RAM2)
                0x000000f0        0x4 LONG 0x0 SIZEOF (.bss_RAM2)
                0x000000f4                __bss_section_table_end = .
                0x000000f4                __section_table_end = .
 *(.after_vectors*)
 .after_vectors
                0x000000f4      0x12c ./src/cr_startup_lpc175x_6x-FreeRTOS.o
                0x000000f4                data_init
                0x00000136                bss_init
                0x0000016c                ResetISR
                0x000001e4                NMI_Handler
                0x000001ea                HardFault_Handler
                0x000001f0                MemManage_Handler
                0x000001f6                BusFault_Handler
                0x000001fc                UsageFault_Handler
                0x00000202                SVC_Handler
                0x00000208                DebugMon_Handler
                0x0000020e                PendSV_Handler
                0x00000214                SysTick_Handler
                0x0000021a                TIMER3_IRQHandler
                0x0000021a                UART0_IRQHandler
                0x0000021a                USBActivity_IRQHandler
                0x0000021a                UART1_IRQHandler
                0x0000021a                IntDefaultHandler
                0x0000021a                PLL0_IRQHandler
                0x0000021a                CAN_IRQHandler
                0x0000021a                CANActivity_IRQHandler
                0x0000021a                SSP0_IRQHandler
                0x0000021a                EINT2_IRQHandler
                0x0000021a                RTC_IRQHandler
                0x0000021a                TIMER0_IRQHandler
                0x0000021a                SPI_IRQHandler
                0x0000021a                RIT_IRQHandler
                0x0000021a                EINT1_IRQHandler
                0x0000021a                TIMER1_IRQHandler
                0x0000021a                UART2_IRQHandler
                0x0000021a                ADC_IRQHandler
                0x0000021a                SSP1_IRQHandler
                0x0000021a                USB_IRQHandler
                0x0000021a                BOD_IRQHandler
                0x0000021a                PWM1_IRQHandler
                0x0000021a                WDT_IRQHandler
                0x0000021a                I2S_IRQHandler
                0x0000021a                QEI_IRQHandler
                0x0000021a                EINT0_IRQHandler
                0x0000021a                PLL1_IRQHandler
                0x0000021a                DMA_IRQHandler
                0x0000021a                TIMER2_IRQHandler
                0x0000021a                UART3_IRQHandler
                0x0000021a                MCPWM_IRQHandler
                0x0000021a                ENET_IRQHandler
                0x000002fc                . = 0x2fc
 *fill*         0x00000220       0xdc ff
                0x000002fc                PROVIDE (__CRP_WORD_START__ = .)
 *(.crp)
 .crp           0x000002fc        0x4 ./src/crp.o
                0x000002fc                CRP_WORD
                0x00000300                PROVIDE (__CRP_WORD_END__ = .)
                0x00000001                ASSERT (! ((__CRP_WORD_START__ == __CRP_WORD_END__)), Linker CRP Enabled, but no CRP_WORD provided within application)
 *(.text*)
 .text.format_full_calendar
                0x00000300       0x4c ./src/ProjectV2/format_view.o
                0x00000300                format_full_calendar
 .text.format_temperature_pressure
                0x0000034c       0x9c ./src/ProjectV2/format_view.o
                0x0000034c                format_temperature_pressure
 .text.normal_execution
                0x000003e8       0x80 ./src/ProjectV2/menu_normal.o
                0x000003e8                normal_execution
 .text.menu_init_TempSensor
                0x00000468       0x58 ./src/ProjectV2/xInit_menu.o
                0x00000468                menu_init_TempSensor
 .text.menu_init_data
                0x000004c0       0x28 ./src/ProjectV2/xInit_menu.o
                0x000004c0                menu_init_data
 .text.menu_init_peripherals
                0x000004e8       0x28 ./src/ProjectV2/xInit_menu.o
                0x000004e8                menu_init_peripherals
 .text.init_menu
                0x00000510       0x4c ./src/ProjectV2/xInit_menu.o
                0x00000510                init_menu
 .text.request_change_menu
                0x0000055c       0xc4 ./src/ProjectV2/xMenu.o
                0x0000055c                request_change_menu
 .text.my_malloc
                0x00000620       0x1a ./src/ProjectV2/xViewLCDText.o
 .text.my_free  0x0000063a       0x16 ./src/ProjectV2/xViewLCDText.o
 .text.view_init
                0x00000650       0x7c ./src/ProjectV2/xViewLCDText.o
                0x00000650                view_init
 .text.view_init_result
                0x000006cc       0x7c ./src/ProjectV2/xViewLCDText.o
                0x000006cc                view_init_result
 .text.view_normal
                0x00000748       0x60 ./src/ProjectV2/xViewLCDText.o
                0x00000748                view_normal
 .text.Button_Interrupt_Handler
                0x000007a8       0x2c ./src/ProjectTasks/button_task.o
                0x000007a8                Button_Interrupt_Handler
 .text.buttons_task
                0x000007d4       0xa0 ./src/ProjectTasks/button_task.o
                0x000007d4                buttons_task
 .text.my_malloc
                0x00000874       0x1a ./src/ProjectTasks/data_center_task.o
 *fill*         0x0000088e        0x2 ff
 .text.data_center_task
                0x00000890      0x100 ./src/ProjectTasks/data_center_task.o
                0x00000890                data_center_task
 .text.get_sensor_info
                0x00000990       0x58 ./src/ProjectTasks/data_center_task.o
                0x00000990                get_sensor_info
 .text.get_curr_time
                0x000009e8       0x18 ./src/ProjectTasks/data_center_task.o
                0x000009e8                get_curr_time
 .text.execute_cmd
                0x00000a00        0xc ./src/ProjectTasks/data_center_task.o
 .text.celsius_to_far
                0x00000a0c       0x54 ./src/ProjectTasks/data_center_task.o
 .text.celsius  0x00000a60       0x20 ./src/ProjectTasks/data_center_task.o
 .text.my_malloc
                0x00000a80       0x1a ./src/ProjectTasks/local_task.o
 .text.my_free  0x00000a9a       0x16 ./src/ProjectTasks/local_task.o
 .text.local_task
                0x00000ab0       0x74 ./src/ProjectTasks/local_task.o
                0x00000ab0                local_task
 .text.end_local_init_seq
                0x00000b24      0x104 ./src/ProjectTasks/local_task.o
                0x00000b24                end_local_init_seq
 .text.sensor_task
                0x00000c28       0xa8 ./src/ProjectTasks/sensor_task.o
                0x00000c28                sensor_task
 .text.init_sensor_task
                0x00000cd0       0x50 ./src/ProjectTasks/sensor_task.o
                0x00000cd0                init_sensor_task
 .text.my_free  0x00000d20       0x16 ./src/ProjectTasks/view_task.o
 *fill*         0x00000d36        0x2 ff
 .text.view_task
                0x00000d38       0xd0 ./src/ProjectTasks/view_task.o
                0x00000d38                view_task
 .text.view_task_init
                0x00000e08       0x58 ./src/ProjectTasks/view_task.o
                0x00000e08                view_task_init
 .text.view_task_init_result
                0x00000e60       0x40 ./src/ProjectTasks/view_task.o
                0x00000e60                view_task_init_result
 .text.view_task_normal
                0x00000ea0       0x88 ./src/ProjectTasks/view_task.o
                0x00000ea0                view_task_normal
 .text.view_test
                0x00000f28       0x54 ./src/ProjectTasks/view_task.o
                0x00000f28                view_test
 .text.vApplicationStackOverflowHook
                0x00000f7c        0xc ./src/KernelUtils/KernelDebbug.o
                0x00000f7c                vApplicationStackOverflowHook
 .text.vConfigureTimerForRunTimeStats
                0x00000f88       0x74 ./src/KernelUtils/KernelDebbug.o
                0x00000f88                vConfigureTimerForRunTimeStats
 .text.main     0x00000ffc       0xc0 ./src/project.o
                0x00000ffc                main
 .text.write_spi
                0x000010bc       0x40 C:\Users\Manue\OneDrive\Documentos\Isel\19-20\Verao\SE2\Ambiente\SE2\SE1920\Debug\libSE1920.a(BMP280.o)
 .text.get_calib_data
                0x000010fc       0x88 C:\Users\Manue\OneDrive\Documentos\Isel\19-20\Verao\SE2\Ambiente\SE2\SE1920\Debug\libSE1920.a(BMP280.o)
 .text.set_default_use
                0x00001184       0x44 C:\Users\Manue\OneDrive\Documentos\Isel\19-20\Verao\SE2\Ambiente\SE2\SE1920\Debug\libSE1920.a(BMP280.o)
 .text.init_bmp280
                0x000011c8       0x4c C:\Users\Manue\OneDrive\Documentos\Isel\19-20\Verao\SE2\Ambiente\SE2\SE1920\Debug\libSE1920.a(BMP280.o)
                0x000011c8                init_bmp280
 .text.get_chip_ID
                0x00001214       0x48 C:\Users\Manue\OneDrive\Documentos\Isel\19-20\Verao\SE2\Ambiente\SE2\SE1920\Debug\libSE1920.a(BMP280.o)
                0x00001214                get_chip_ID
 .text.not_valid_data
                0x0000125c       0x3c C:\Users\Manue\OneDrive\Documentos\Isel\19-20\Verao\SE2\Ambiente\SE2\SE1920\Debug\libSE1920.a(BMP280.o)
                0x0000125c                not_valid_data
 .text.measure  0x00001298       0xac C:\Users\Manue\OneDrive\Documentos\Isel\19-20\Verao\SE2\Ambiente\SE2\SE1920\Debug\libSE1920.a(BMP280.o)
                0x00001298                measure
 .text.measure_temp
                0x00001344      0x174 C:\Users\Manue\OneDrive\Documentos\Isel\19-20\Verao\SE2\Ambiente\SE2\SE1920\Debug\libSE1920.a(BMP280.o)
 .text.measure_pressure
                0x000014b8      0x3c8 C:\Users\Manue\OneDrive\Documentos\Isel\19-20\Verao\SE2\Ambiente\SE2\SE1920\Debug\libSE1920.a(BMP280.o)
 .text.NVIC_EnableIRQ
                0x00001880       0x30 C:\Users\Manue\OneDrive\Documentos\Isel\19-20\Verao\SE2\Ambiente\SE2\SE1920\Debug\libSE1920.a(button.o)
 .text.init_BUTTON
                0x000018b0       0x58 C:\Users\Manue\OneDrive\Documentos\Isel\19-20\Verao\SE2\Ambiente\SE2\SE1920\Debug\libSE1920.a(button.o)
                0x000018b0                init_BUTTON
 .text.BUTTON_Hit
                0x00001908       0x28 C:\Users\Manue\OneDrive\Documentos\Isel\19-20\Verao\SE2\Ambiente\SE2\SE1920\Debug\libSE1920.a(button.o)
                0x00001908                BUTTON_Hit
 .text.BUTTON_check
                0x00001930       0x82 C:\Users\Manue\OneDrive\Documentos\Isel\19-20\Verao\SE2\Ambiente\SE2\SE1920\Debug\libSE1920.a(button.o)
                0x00001930                BUTTON_check
 *fill*         0x000019b2        0x2 ff
 .text.BUTTON_GetButtonsEvents
                0x000019b4       0x78 C:\Users\Manue\OneDrive\Documentos\Isel\19-20\Verao\SE2\Ambiente\SE2\SE1920\Debug\libSE1920.a(button.o)
                0x000019b4                BUTTON_GetButtonsEvents
 .text.EINT3_IRQHandler
                0x00001a2c       0x18 C:\Users\Manue\OneDrive\Documentos\Isel\19-20\Verao\SE2\Ambiente\SE2\SE1920\Debug\libSE1920.a(button.o)
                0x00001a2c                EINT3_IRQHandler
 .text.LCDText_Send_4bits
                0x00001a44       0x7c C:\Users\Manue\OneDrive\Documentos\Isel\19-20\Verao\SE2\Ambiente\SE2\SE1920\Debug\libSE1920.a(lcd.o)
 .text.LCDText_Write_4bits
                0x00001ac0       0x2c C:\Users\Manue\OneDrive\Documentos\Isel\19-20\Verao\SE2\Ambiente\SE2\SE1920\Debug\libSE1920.a(lcd.o)
 .text.init_LCDText
                0x00001aec       0xc8 C:\Users\Manue\OneDrive\Documentos\Isel\19-20\Verao\SE2\Ambiente\SE2\SE1920\Debug\libSE1920.a(lcd.o)
                0x00001aec                init_LCDText
 .text.LCDText_WriteChar
                0x00001bb4       0x9c C:\Users\Manue\OneDrive\Documentos\Isel\19-20\Verao\SE2\Ambiente\SE2\SE1920\Debug\libSE1920.a(lcd.o)
                0x00001bb4                LCDText_WriteChar
 .text.LCDText_WriteString
                0x00001c50       0x3c C:\Users\Manue\OneDrive\Documentos\Isel\19-20\Verao\SE2\Ambiente\SE2\SE1920\Debug\libSE1920.a(lcd.o)
                0x00001c50                LCDText_WriteString
 .text.LCDText_Locate
                0x00001c8c       0x44 C:\Users\Manue\OneDrive\Documentos\Isel\19-20\Verao\SE2\Ambiente\SE2\SE1920\Debug\libSE1920.a(lcd.o)
                0x00001c8c                LCDText_Locate
 .text.LCDText_Cursor
                0x00001cd0       0x28 C:\Users\Manue\OneDrive\Documentos\Isel\19-20\Verao\SE2\Ambiente\SE2\SE1920\Debug\libSE1920.a(lcd.o)
                0x00001cd0                LCDText_Cursor
 .text.init_led
                0x00001cf8       0x1c C:\Users\Manue\OneDrive\Documentos\Isel\19-20\Verao\SE2\Ambiente\SE2\SE1920\Debug\libSE1920.a(led.o)
                0x00001cf8                init_led
 .text.turn_on_led
                0x00001d14       0x24 C:\Users\Manue\OneDrive\Documentos\Isel\19-20\Verao\SE2\Ambiente\SE2\SE1920\Debug\libSE1920.a(led.o)
                0x00001d14                turn_on_led
 .text.turn_off_led
                0x00001d38       0x24 C:\Users\Manue\OneDrive\Documentos\Isel\19-20\Verao\SE2\Ambiente\SE2\SE1920\Debug\libSE1920.a(led.o)
                0x00001d38                turn_off_led
 .text.init_peripherals
                0x00001d5c       0x26 C:\Users\Manue\OneDrive\Documentos\Isel\19-20\Verao\SE2\Ambiente\SE2\SE1920\Debug\libSE1920.a(peripherals.o)
                0x00001d5c                init_peripherals
 *fill*         0x00001d82        0x2 ff
 .text.init_RTC
                0x00001d84       0x2c C:\Users\Manue\OneDrive\Documentos\Isel\19-20\Verao\SE2\Ambiente\SE2\SE1920\Debug\libSE1920.a(rtc.o)
                0x00001d84                init_RTC
 .text.RTC_GetValue
                0x00001db0       0x88 C:\Users\Manue\OneDrive\Documentos\Isel\19-20\Verao\SE2\Ambiente\SE2\SE1920\Debug\libSE1920.a(rtc.o)
                0x00001db0                RTC_GetValue
 .text.RTC_SetValue
                0x00001e38       0xc0 C:\Users\Manue\OneDrive\Documentos\Isel\19-20\Verao\SE2\Ambiente\SE2\SE1920\Debug\libSE1920.a(rtc.o)
                0x00001e38                RTC_SetValue
 .text.init_spi
                0x00001ef8       0x58 C:\Users\Manue\OneDrive\Documentos\Isel\19-20\Verao\SE2\Ambiente\SE2\SE1920\Debug\libSE1920.a(spi.o)
                0x00001ef8                init_spi
 .text.SPI_ConfigTransfer
                0x00001f50       0xc0 C:\Users\Manue\OneDrive\Documentos\Isel\19-20\Verao\SE2\Ambiente\SE2\SE1920\Debug\libSE1920.a(spi.o)
                0x00001f50                SPI_ConfigTransfer
 .text.SPI_Transfer
                0x00002010       0xa8 C:\Users\Manue\OneDrive\Documentos\Isel\19-20\Verao\SE2\Ambiente\SE2\SE1920\Debug\libSE1920.a(spi.o)
                0x00002010                SPI_Transfer
 .text.init_wait
                0x000020b8       0x4c C:\Users\Manue\OneDrive\Documentos\Isel\19-20\Verao\SE2\Ambiente\SE2\SE1920\Debug\libSE1920.a(xWait.o)
                0x000020b8                init_wait
 .text.wait_ms  0x00002104       0x2c C:\Users\Manue\OneDrive\Documentos\Isel\19-20\Verao\SE2\Ambiente\SE2\SE1920\Debug\libSE1920.a(xWait.o)
                0x00002104                wait_ms
 .text.wait_elapsed
                0x00002130       0x28 C:\Users\Manue\OneDrive\Documentos\Isel\19-20\Verao\SE2\Ambiente\SE2\SE1920\Debug\libSE1920.a(xWait.o)
                0x00002130                wait_elapsed
 .text.wait_ChronoUs
                0x00002158       0x42 C:\Users\Manue\OneDrive\Documentos\Isel\19-20\Verao\SE2\Ambiente\SE2\SE1920\Debug\libSE1920.a(xWait.o)
                0x00002158                wait_ChronoUs
 *fill*         0x0000219a        0x2 ff
 .text.init_I2C
                0x0000219c       0x88 C:\Users\Manue\OneDrive\Documentos\Isel\19-20\Verao\SE2\Ambiente\SE2\SE1920\Debug\libSE1920.a(i2c.o)
                0x0000219c                init_I2C
 .text.I2C_Handler
                0x00002224      0x41c C:\Users\Manue\OneDrive\Documentos\Isel\19-20\Verao\SE2\Ambiente\SE2\SE1920\Debug\libSE1920.a(i2c.o)
 .text.I2C0_IRQHandler
                0x00002640        0xe C:\Users\Manue\OneDrive\Documentos\Isel\19-20\Verao\SE2\Ambiente\SE2\SE1920\Debug\libSE1920.a(i2c.o)
                0x00002640                I2C0_IRQHandler
 .text.I2C1_IRQHandler
                0x0000264e        0xe C:\Users\Manue\OneDrive\Documentos\Isel\19-20\Verao\SE2\Ambiente\SE2\SE1920\Debug\libSE1920.a(i2c.o)
                0x0000264e                I2C1_IRQHandler
 .text.I2C2_IRQHandler
                0x0000265c        0xe C:\Users\Manue\OneDrive\Documentos\Isel\19-20\Verao\SE2\Ambiente\SE2\SE1920\Debug\libSE1920.a(i2c.o)
                0x0000265c                I2C2_IRQHandler
 *fill*         0x0000266a        0x2 ff
 .text          0x0000266c      0x418 C:\Users\Manue\OneDrive\Documentos\Isel\19-20\Verao\SE2\Ambiente\SE2\FreeRTOS-Kernel\Debug\libFreeRTOS-Kernel.a(heap_4.o)
                0x0000266c                pvPortMalloc
                0x000027a0                vPortFree
                0x00002820                xPortGetFreeHeapSize
                0x00002834                xPortGetMinimumEverFreeHeapSize
                0x00002848                vPortInitialiseBlocks
                0x000029c8                vPortGetHeapStats
 *fill*         0x00002a84        0xc ff
 .text          0x00002a90      0x250 C:\Users\Manue\OneDrive\Documentos\Isel\19-20\Verao\SE2\Ambiente\SE2\FreeRTOS-Kernel\Debug\libFreeRTOS-Kernel.a(port.o)
                0x00002a90                pxPortInitialiseStack
                0x00002b16                vPortSVCHandler
                0x00002b62                xPortStartScheduler
                0x00002ba4                vPortEndScheduler
                0x00002bb0                vPortEnterCritical
                0x00002be0                vPortExitCritical
                0x00002c10                xPortPendSVHandler
                0x00002c56                xPortSysTickHandler
                0x00002c98                vPortSetupTimerInterrupt
 .text          0x00002ce0      0xe1c C:\Users\Manue\OneDrive\Documentos\Isel\19-20\Verao\SE2\Ambiente\SE2\FreeRTOS-Kernel\Debug\libFreeRTOS-Kernel.a(queue.o)
                0x00002ce0                xQueueGenericReset
                0x00002d94                xQueueGenericCreate
                0x00002e5e                xQueueCreateMutex
                0x00002e8e                xQueueCreateCountingSemaphore
                0x00002eba                xQueueGenericSend
                0x00003010                xQueueGenericSendFromISR
                0x000030c8                xQueueGiveFromISR
                0x0000316e                xQueueReceive
                0x000032b4                xQueueSemaphoreTake
                0x00003444                xQueuePeek
                0x0000358c                xQueueReceiveFromISR
                0x00003638                xQueuePeekFromISR
                0x0000369c                uxQueueMessagesWaiting
                0x000036bc                uxQueueSpacesAvailable
                0x000036e6                uxQueueMessagesWaitingFromISR
                0x00003704                vQueueDelete
                0x00003724                uxQueueGetQueueNumber
                0x0000373a                vQueueSetQueueNumber
                0x00003754                ucQueueGetQueueType
                0x0000398a                xQueueIsQueueEmptyFromISR
                0x000039e4                xQueueIsQueueFullFromISR
                0x00003a12                vQueueAddToRegistry
                0x00003a60                pcQueueGetName
                0x00003aac                vQueueUnregisterQueue
 .text          0x00003afc     0x1dd8 C:\Users\Manue\OneDrive\Documentos\Isel\19-20\Verao\SE2\Ambiente\SE2\FreeRTOS-Kernel\Debug\libFreeRTOS-Kernel.a(tasks.o)
                0x00003afc                xTaskCreate
                0x00003d64                vTaskDelete
                0x00003e60                vTaskDelayUntil
                0x00003f00                vTaskDelay
                0x00003f48                eTaskGetState
                0x00003ff8                uxTaskPriorityGet
                0x0000402c                uxTaskPriorityGetFromISR
                0x00004080                vTaskPrioritySet
                0x000041b8                vTaskSuspend
                0x00004300                vTaskResume
                0x000043a0                xTaskResumeFromISR
                0x00004460                vTaskStartScheduler
                0x000044d0                vTaskEndScheduler
                0x00004500                vTaskSuspendAll
                0x0000451c                xTaskResumeAll
                0x00004638                xTaskGetTickCount
                0x00004654                xTaskGetTickCountFromISR
                0x00004674                uxTaskGetNumberOfTasks
                0x00004688                pcTaskGetName
                0x000046b4                uxTaskGetSystemState
                0x000047d4                xTaskCatchUpTicks
                0x00004800                xTaskIncrementTick
                0x00004950                vTaskSwitchContext
                0x00004a38                vTaskPlaceOnEventList
                0x00004a64                vTaskPlaceOnUnorderedEventList
                0x00004aa0                xTaskRemoveFromEventList
                0x00004b48                vTaskRemoveFromUnorderedEventList
                0x00004bcc                vTaskSetTimeOutState
                0x00004bfc                vTaskInternalSetTimeOutState
                0x00004c28                xTaskCheckForTimeOut
                0x00004cb4                vTaskMissedYield
                0x00004ccc                uxTaskGetTaskNumber
                0x00004cf6                vTaskSetTaskNumber
                0x00004e00                vTaskGetInfo
                0x00004ffc                xTaskGetCurrentTaskHandle
                0x00005018                xTaskPriorityInherit
                0x00005104                xTaskPriorityDisinherit
                0x000051b8                vTaskPriorityDisinheritAfterTimeout
                0x00005294                uxTaskResetEventItemValue
                0x000052c4                pvTaskIncrementMutexHeldCount
                0x000052ec                ulTaskNotifyTake
                0x0000537c                xTaskNotifyWait
                0x00005430                xTaskGenericNotify
                0x00005540                xTaskGenericNotifyFromISR
                0x00005690                vTaskNotifyGiveFromISR
                0x00005774                xTaskNotifyStateClear
                0x000057c0                ulTaskNotifyValueClear
 .text          0x000058d4      0x15e C:\Users\Manue\OneDrive\Documentos\Isel\19-20\Verao\SE2\Ambiente\SE2\FreeRTOS-Kernel\Debug\libFreeRTOS-Kernel.a(list.o)
                0x000058d4                vListInitialise
                0x00005912                vListInitialiseItem
                0x0000592a                vListInsertEnd
                0x00005970                vListInsert
                0x000059e0                uxListRemove
 *fill*         0x00005a32        0x2 ff
 .text.SystemInit
                0x00005a34       0xdc C:\Users\Manue\OneDrive\Documentos\Isel\19-20\Verao\SE2\Ambiente\SE2\CMSIS_CORE_LPC17xx\Debug\libCMSIS_CORE_LPC17xx.a(system_LPC17xx.o)
                0x00005a34                SystemInit
 .text.__main   0x00005b10        0xe c:/nxp/mcuxpressoide_11.1.1_3241/ide/plugins/com.nxp.mcuxpresso.tools.win32_11.1.0.202001081728/tools/bin/../lib/gcc/arm-none-eabi/8.3.1/../../../../arm-none-eabi/lib/thumb/v7-m/nofp\libcr_semihost.a(_cr__main.o)
                0x00005b10                __CR_SEMIHOST
                0x00005b10                __main
 .text.memcpy   0x00005b1e        0x4 c:/nxp/mcuxpressoide_11.1.1_3241/ide/plugins/com.nxp.mcuxpresso.tools.win32_11.1.0.202001081728/tools/bin/../lib/gcc/arm-none-eabi/8.3.1/../../../../arm-none-eabi/lib/thumb/v7-m/nofp\libcr_c.a(memcpy.o)
                0x00005b1e                memcpy
 .text.memset   0x00005b22        0x4 c:/nxp/mcuxpressoide_11.1.1_3241/ide/plugins/com.nxp.mcuxpresso.tools.win32_11.1.0.202001081728/tools/bin/../lib/gcc/arm-none-eabi/8.3.1/../../../../arm-none-eabi/lib/thumb/v7-m/nofp\libcr_c.a(memset.o)
                0x00005b22                memset
 *fill*         0x00005b26        0x2 ff
 .text.malloc   0x00005b28       0xc8 c:/nxp/mcuxpressoide_11.1.1_3241/ide/plugins/com.nxp.mcuxpresso.tools.win32_11.1.0.202001081728/tools/bin/../lib/gcc/arm-none-eabi/8.3.1/../../../../arm-none-eabi/lib/thumb/v7-m/nofp\libcr_c.a(alloc.o)
                0x00005b28                malloc
 .text.free     0x00005bf0       0x30 c:/nxp/mcuxpressoide_11.1.1_3241/ide/plugins/com.nxp.mcuxpresso.tools.win32_11.1.0.202001081728/tools/bin/../lib/gcc/arm-none-eabi/8.3.1/../../../../arm-none-eabi/lib/thumb/v7-m/nofp\libcr_c.a(alloc.o)
                0x00005bf0                free
 .text._Csys_alloc
                0x00005c20       0x20 c:/nxp/mcuxpressoide_11.1.1_3241/ide/plugins/com.nxp.mcuxpresso.tools.win32_11.1.0.202001081728/tools/bin/../lib/gcc/arm-none-eabi/8.3.1/../../../../arm-none-eabi/lib/thumb/v7-m/nofp\libcr_c.a(alloc.o)
                0x00005c20                _Csys_alloc
 .text.fp_round
                0x00005c40       0x4c c:/nxp/mcuxpressoide_11.1.1_3241/ide/plugins/com.nxp.mcuxpresso.tools.win32_11.1.0.202001081728/tools/bin/../lib/gcc/arm-none-eabi/8.3.1/../../../../arm-none-eabi/lib/thumb/v7-m/nofp\libcr_c.a(fpprintf.o)
 .text.pr_dec.constprop.1
                0x00005c8c       0x26 c:/nxp/mcuxpressoide_11.1.1_3241/ide/plugins/com.nxp.mcuxpresso.tools.win32_11.1.0.202001081728/tools/bin/../lib/gcc/arm-none-eabi/8.3.1/../../../../arm-none-eabi/lib/thumb/v7-m/nofp\libcr_c.a(fpprintf.o)
 *fill*         0x00005cb2        0x2 ff
 .text.sprintf  0x00005cb4       0x6c c:/nxp/mcuxpressoide_11.1.1_3241/ide/plugins/com.nxp.mcuxpresso.tools.win32_11.1.0.202001081728/tools/bin/../lib/gcc/arm-none-eabi/8.3.1/../../../../arm-none-eabi/lib/thumb/v7-m/nofp\libcr_c.a(fpprintf.o)
                0x00005cb4                sprintf
 .text.fp_display
                0x00005d20      0x948 c:/nxp/mcuxpressoide_11.1.1_3241/ide/plugins/com.nxp.mcuxpresso.tools.win32_11.1.0.202001081728/tools/bin/../lib/gcc/arm-none-eabi/8.3.1/../../../../arm-none-eabi/lib/thumb/v7-m/nofp\libcr_c.a(fpprintf.o)
 .text._initio  0x00006668       0x78 c:/nxp/mcuxpressoide_11.1.1_3241/ide/plugins/com.nxp.mcuxpresso.tools.win32_11.1.0.202001081728/tools/bin/../lib/gcc/arm-none-eabi/8.3.1/../../../../arm-none-eabi/lib/thumb/v7-m/nofp\libcr_c.a(initio.o)
                0x00006668                _initio
 .text.__vfprintf
                0x000066e0      0xbd4 c:/nxp/mcuxpressoide_11.1.1_3241/ide/plugins/com.nxp.mcuxpresso.tools.win32_11.1.0.202001081728/tools/bin/../lib/gcc/arm-none-eabi/8.3.1/../../../../arm-none-eabi/lib/thumb/v7-m/nofp\libcr_c.a(printf.o)
                0x000066e0                __vfprintf
 .text.setvbuf  0x000072b4       0x40 c:/nxp/mcuxpressoide_11.1.1_3241/ide/plugins/com.nxp.mcuxpresso.tools.win32_11.1.0.202001081728/tools/bin/../lib/gcc/arm-none-eabi/8.3.1/../../../../arm-none-eabi/lib/thumb/v7-m/nofp\libcr_c.a(setvbuf.o)
                0x000072b4                setvbuf
 .text.strlen   0x000072f4       0x4c c:/nxp/mcuxpressoide_11.1.1_3241/ide/plugins/com.nxp.mcuxpresso.tools.win32_11.1.0.202001081728/tools/bin/../lib/gcc/arm-none-eabi/8.3.1/../../../../arm-none-eabi/lib/thumb/v7-m/nofp\libcr_c.a(strlen.o)
                0x000072f4                strlen
 .text.localtime
                0x00007340       0xc0 c:/nxp/mcuxpressoide_11.1.1_3241/ide/plugins/com.nxp.mcuxpresso.tools.win32_11.1.0.202001081728/tools/bin/../lib/gcc/arm-none-eabi/8.3.1/../../../../arm-none-eabi/lib/thumb/v7-m/nofp\libcr_c.a(time.o)
                0x00007340                localtime
 .text.gmtime   0x00007400        0x4 c:/nxp/mcuxpressoide_11.1.1_3241/ide/plugins/com.nxp.mcuxpresso.tools.win32_11.1.0.202001081728/tools/bin/../lib/gcc/arm-none-eabi/8.3.1/../../../../arm-none-eabi/lib/thumb/v7-m/nofp\libcr_c.a(time.o)
                0x00007400                gmtime
 .text._sbrk    0x00007404       0x3c c:/nxp/mcuxpressoide_11.1.1_3241/ide/plugins/com.nxp.mcuxpresso.tools.win32_11.1.0.202001081728/tools/bin/../lib/gcc/arm-none-eabi/8.3.1/../../../../arm-none-eabi/lib/thumb/v7-m/nofp\libcr_c.a(_cr_sbrk.o)
                0x00007404                _sbrk
 .text._deferredlazyseek
                0x00007440       0x40 c:/nxp/mcuxpressoide_11.1.1_3241/ide/plugins/com.nxp.mcuxpresso.tools.win32_11.1.0.202001081728/tools/bin/../lib/gcc/arm-none-eabi/8.3.1/../../../../arm-none-eabi/lib/thumb/v7-m/nofp\libcr_c.a(_deferredlazyseek.o)
                0x00007440                _deferredlazyseek
 .text.__flsbuf
                0x00007480      0x140 c:/nxp/mcuxpressoide_11.1.1_3241/ide/plugins/com.nxp.mcuxpresso.tools.win32_11.1.0.202001081728/tools/bin/../lib/gcc/arm-none-eabi/8.3.1/../../../../arm-none-eabi/lib/thumb/v7-m/nofp\libcr_c.a(_deferredlazyseek.o)
                0x00007480                __flsbuf
 .text._fdopen  0x000075c0       0x68 c:/nxp/mcuxpressoide_11.1.1_3241/ide/plugins/com.nxp.mcuxpresso.tools.win32_11.1.0.202001081728/tools/bin/../lib/gcc/arm-none-eabi/8.3.1/../../../../arm-none-eabi/lib/thumb/v7-m/nofp\libcr_c.a(_fdopen.o)
                0x000075c0                _fdopen
 .text._fflush  0x00007628       0x52 c:/nxp/mcuxpressoide_11.1.1_3241/ide/plugins/com.nxp.mcuxpresso.tools.win32_11.1.0.202001081728/tools/bin/../lib/gcc/arm-none-eabi/8.3.1/../../../../arm-none-eabi/lib/thumb/v7-m/nofp\libcr_c.a(_fflush.o)
                0x00007628                _fflush
 .text._frexpl  0x0000767a       0x56 c:/nxp/mcuxpressoide_11.1.1_3241/ide/plugins/com.nxp.mcuxpresso.tools.win32_11.1.0.202001081728/tools/bin/../lib/gcc/arm-none-eabi/8.3.1/../../../../arm-none-eabi/lib/thumb/v7-m/nofp\libcr_c.a(_frexpl.o)
                0x0000767a                _frexpl
 .text._ldexpl  0x000076d0       0x48 c:/nxp/mcuxpressoide_11.1.1_3241/ide/plugins/com.nxp.mcuxpresso.tools.win32_11.1.0.202001081728/tools/bin/../lib/gcc/arm-none-eabi/8.3.1/../../../../arm-none-eabi/lib/thumb/v7-m/nofp\libcr_c.a(_ldexpl.o)
                0x000076d0                _ldexpl
 .text._Cwritebuf
                0x00007718       0x6c c:/nxp/mcuxpressoide_11.1.1_3241/ide/plugins/com.nxp.mcuxpresso.tools.win32_11.1.0.202001081728/tools/bin/../lib/gcc/arm-none-eabi/8.3.1/../../../../arm-none-eabi/lib/thumb/v7-m/nofp\libcr_c.a(_writebuf.o)
                0x00007718                _Cwritebuf
 .text.fclose   0x00007784       0x58 c:/nxp/mcuxpressoide_11.1.1_3241/ide/plugins/com.nxp.mcuxpresso.tools.win32_11.1.0.202001081728/tools/bin/../lib/gcc/arm-none-eabi/8.3.1/../../../../arm-none-eabi/lib/thumb/v7-m/nofp\libcr_c.a(fclose.o)
                0x00007784                fclose
 .text.fflush   0x000077dc       0x44 c:/nxp/mcuxpressoide_11.1.1_3241/ide/plugins/com.nxp.mcuxpresso.tools.win32_11.1.0.202001081728/tools/bin/../lib/gcc/arm-none-eabi/8.3.1/../../../../arm-none-eabi/lib/thumb/v7-m/nofp\libcr_c.a(fflush.o)
                0x000077dc                fflush
 .text.fseek    0x00007820      0x100 c:/nxp/mcuxpressoide_11.1.1_3241/ide/plugins/com.nxp.mcuxpresso.tools.win32_11.1.0.202001081728/tools/bin/../lib/gcc/arm-none-eabi/8.3.1/../../../../arm-none-eabi/lib/thumb/v7-m/nofp\libcr_c.a(fseek.o)
                0x00007820                fseek
 .text.ftell    0x00007920       0x48 c:/nxp/mcuxpressoide_11.1.1_3241/ide/plugins/com.nxp.mcuxpresso.tools.win32_11.1.0.202001081728/tools/bin/../lib/gcc/arm-none-eabi/8.3.1/../../../../arm-none-eabi/lib/thumb/v7-m/nofp\libcr_c.a(ftell.o)
                0x00007920                ftell
 .text.remove   0x00007968       0x14 c:/nxp/mcuxpressoide_11.1.1_3241/ide/plugins/com.nxp.mcuxpresso.tools.win32_11.1.0.202001081728/tools/bin/../lib/gcc/arm-none-eabi/8.3.1/../../../../arm-none-eabi/lib/thumb/v7-m/nofp\libcr_c.a(remove.o)
                0x00007968                remove
 .text.__check_heap_overflow
                0x0000797c       0x18 c:/nxp/mcuxpressoide_11.1.1_3241/ide/plugins/com.nxp.mcuxpresso.tools.win32_11.1.0.202001081728/tools/bin/../lib/gcc/arm-none-eabi/8.3.1/../../../../arm-none-eabi/lib/thumb/v7-m/nofp\libcr_c.a(_cr_check_heap.o)
                0x0000797c                __check_heap_overflow
 .text._do_fflush
                0x00007994       0x40 c:/nxp/mcuxpressoide_11.1.1_3241/ide/plugins/com.nxp.mcuxpresso.tools.win32_11.1.0.202001081728/tools/bin/../lib/gcc/arm-none-eabi/8.3.1/../../../../arm-none-eabi/lib/thumb/v7-m/nofp\libcr_c.a(_do_fflush.o)
                0x00007994                _do_fflush
 .text.__aeabi_dmul
                0x000079d4      0x10c c:/nxp/mcuxpressoide_11.1.1_3241/ide/plugins/com.nxp.mcuxpresso.tools.win32_11.1.0.202001081728/tools/bin/../lib/gcc/arm-none-eabi/8.3.1/thumb/v7-m/nofp\libcr_eabihelpers.a(double.o)
                0x000079d4                __aeabi_dmul
 .text.__aeabi_ddiv
                0x00007ae0      0x140 c:/nxp/mcuxpressoide_11.1.1_3241/ide/plugins/com.nxp.mcuxpresso.tools.win32_11.1.0.202001081728/tools/bin/../lib/gcc/arm-none-eabi/8.3.1/thumb/v7-m/nofp\libcr_eabihelpers.a(double.o)
                0x00007ae0                __aeabi_ddiv
 .text.__aeabi_dsub
                0x00007c20      0x1a8 c:/nxp/mcuxpressoide_11.1.1_3241/ide/plugins/com.nxp.mcuxpresso.tools.win32_11.1.0.202001081728/tools/bin/../lib/gcc/arm-none-eabi/8.3.1/thumb/v7-m/nofp\libcr_eabihelpers.a(double.o)
                0x00007c20                __aeabi_dsub
 .text.__aeabi_dadd
                0x00007dc8      0x108 c:/nxp/mcuxpressoide_11.1.1_3241/ide/plugins/com.nxp.mcuxpresso.tools.win32_11.1.0.202001081728/tools/bin/../lib/gcc/arm-none-eabi/8.3.1/thumb/v7-m/nofp\libcr_eabihelpers.a(double.o)
                0x00007dc8                __aeabi_dadd
 .text.__aeabi_d2iz
                0x00007ed0       0x40 c:/nxp/mcuxpressoide_11.1.1_3241/ide/plugins/com.nxp.mcuxpresso.tools.win32_11.1.0.202001081728/tools/bin/../lib/gcc/arm-none-eabi/8.3.1/thumb/v7-m/nofp\libcr_eabihelpers.a(double.o)
                0x00007ed0                __aeabi_d2iz
 .text.__bhs_ui2d
                0x00007f10       0x46 c:/nxp/mcuxpressoide_11.1.1_3241/ide/plugins/com.nxp.mcuxpresso.tools.win32_11.1.0.202001081728/tools/bin/../lib/gcc/arm-none-eabi/8.3.1/thumb/v7-m/nofp\libcr_eabihelpers.a(double.o)
                0x00007f10                __bhs_ui2d
 .text.__aeabi_i2d
                0x00007f56       0x12 c:/nxp/mcuxpressoide_11.1.1_3241/ide/plugins/com.nxp.mcuxpresso.tools.win32_11.1.0.202001081728/tools/bin/../lib/gcc/arm-none-eabi/8.3.1/thumb/v7-m/nofp\libcr_eabihelpers.a(double.o)
                0x00007f56                __aeabi_i2d
 .text.__aeabi_ui2d
                0x00007f68        0x8 c:/nxp/mcuxpressoide_11.1.1_3241/ide/plugins/com.nxp.mcuxpresso.tools.win32_11.1.0.202001081728/tools/bin/../lib/gcc/arm-none-eabi/8.3.1/thumb/v7-m/nofp\libcr_eabihelpers.a(double.o)
                0x00007f68                __aeabi_ui2d
 .text.__aeabi_dcmpeq
                0x00007f70       0x2a c:/nxp/mcuxpressoide_11.1.1_3241/ide/plugins/com.nxp.mcuxpresso.tools.win32_11.1.0.202001081728/tools/bin/../lib/gcc/arm-none-eabi/8.3.1/thumb/v7-m/nofp\libcr_eabihelpers.a(double.o)
                0x00007f70                __aeabi_dcmpeq
 .text.__aeabi_dcmplt
                0x00007f9a       0x52 c:/nxp/mcuxpressoide_11.1.1_3241/ide/plugins/com.nxp.mcuxpresso.tools.win32_11.1.0.202001081728/tools/bin/../lib/gcc/arm-none-eabi/8.3.1/thumb/v7-m/nofp\libcr_eabihelpers.a(double.o)
                0x00007f9a                __aeabi_dcmplt
 .text.__aeabi_dcmpgt
                0x00007fec       0x52 c:/nxp/mcuxpressoide_11.1.1_3241/ide/plugins/com.nxp.mcuxpresso.tools.win32_11.1.0.202001081728/tools/bin/../lib/gcc/arm-none-eabi/8.3.1/thumb/v7-m/nofp\libcr_eabihelpers.a(double.o)
                0x00007fec                __aeabi_dcmpgt
 .text.__aeabi_dcmple
                0x0000803e       0x52 c:/nxp/mcuxpressoide_11.1.1_3241/ide/plugins/com.nxp.mcuxpresso.tools.win32_11.1.0.202001081728/tools/bin/../lib/gcc/arm-none-eabi/8.3.1/thumb/v7-m/nofp\libcr_eabihelpers.a(double.o)
                0x0000803e                __aeabi_dcmple
 .text.__aeabi_dcmpge
                0x00008090       0x58 c:/nxp/mcuxpressoide_11.1.1_3241/ide/plugins/com.nxp.mcuxpresso.tools.win32_11.1.0.202001081728/tools/bin/../lib/gcc/arm-none-eabi/8.3.1/thumb/v7-m/nofp\libcr_eabihelpers.a(double.o)
                0x00008090                __aeabi_dcmpge
 .text.__aeabi_memcpy
                0x000080e8       0x34 c:/nxp/mcuxpressoide_11.1.1_3241/ide/plugins/com.nxp.mcuxpresso.tools.win32_11.1.0.202001081728/tools/bin/../lib/gcc/arm-none-eabi/8.3.1/thumb/v7-m/nofp\libcr_eabihelpers.a(memcpy.o)
                0x000080e8                __aeabi_memcpy
                0x000080f2                __aeabi_memcpy8
                0x000080f2                __aeabi_memcpy4
 .text.__aeabi_memset_lowlevel
                0x0000811c       0x32 c:/nxp/mcuxpressoide_11.1.1_3241/ide/plugins/com.nxp.mcuxpresso.tools.win32_11.1.0.202001081728/tools/bin/../lib/gcc/arm-none-eabi/8.3.1/thumb/v7-m/nofp\libcr_eabihelpers.a(memcpy.o)
                0x0000811c                __aeabi_lowlevel_memset
 *fill*         0x0000814e        0x2 ff
 .text.__sys_appexit
                0x00008150        0xc c:/nxp/mcuxpressoide_11.1.1_3241/ide/plugins/com.nxp.mcuxpresso.tools.win32_11.1.0.202001081728/tools/bin/../lib/gcc/arm-none-eabi/8.3.1/../../../../arm-none-eabi/lib/thumb/v7-m/nofp\libcr_semihost.a(__sys_appexit.o)
                0x00008150                __sys_appexit
                0x00008150                __exit
 .text.__sys_close
                0x0000815c        0xc c:/nxp/mcuxpressoide_11.1.1_3241/ide/plugins/com.nxp.mcuxpresso.tools.win32_11.1.0.202001081728/tools/bin/../lib/gcc/arm-none-eabi/8.3.1/../../../../arm-none-eabi/lib/thumb/v7-m/nofp\libcr_semihost.a(__sys_close.o)
                0x0000815c                __sys_close
 .text.__sys_flen
                0x00008168        0xc c:/nxp/mcuxpressoide_11.1.1_3241/ide/plugins/com.nxp.mcuxpresso.tools.win32_11.1.0.202001081728/tools/bin/../lib/gcc/arm-none-eabi/8.3.1/../../../../arm-none-eabi/lib/thumb/v7-m/nofp\libcr_semihost.a(__sys_flen.o)
                0x00008168                __sys_flen
 .text.__sys_istty
                0x00008174        0xc c:/nxp/mcuxpressoide_11.1.1_3241/ide/plugins/com.nxp.mcuxpresso.tools.win32_11.1.0.202001081728/tools/bin/../lib/gcc/arm-none-eabi/8.3.1/../../../../arm-none-eabi/lib/thumb/v7-m/nofp\libcr_semihost.a(__sys_istty.o)
                0x00008174                __sys_istty
 .text.__sys_remove
                0x00008180        0xc c:/nxp/mcuxpressoide_11.1.1_3241/ide/plugins/com.nxp.mcuxpresso.tools.win32_11.1.0.202001081728/tools/bin/../lib/gcc/arm-none-eabi/8.3.1/../../../../arm-none-eabi/lib/thumb/v7-m/nofp\libcr_semihost.a(__sys_remove.o)
                0x00008180                __sys_remove
 .text.__sys_seek
                0x0000818c        0xc c:/nxp/mcuxpressoide_11.1.1_3241/ide/plugins/com.nxp.mcuxpresso.tools.win32_11.1.0.202001081728/tools/bin/../lib/gcc/arm-none-eabi/8.3.1/../../../../arm-none-eabi/lib/thumb/v7-m/nofp\libcr_semihost.a(__sys_seek.o)
                0x0000818c                __sys_seek
 .text.__sys_tmpnam
                0x00008198        0xc c:/nxp/mcuxpressoide_11.1.1_3241/ide/plugins/com.nxp.mcuxpresso.tools.win32_11.1.0.202001081728/tools/bin/../lib/gcc/arm-none-eabi/8.3.1/../../../../arm-none-eabi/lib/thumb/v7-m/nofp\libcr_semihost.a(__sys_tmpnam.o)
                0x00008198                __sys_tmpnam
 .text.__sys_write
                0x000081a4        0xc c:/nxp/mcuxpressoide_11.1.1_3241/ide/plugins/com.nxp.mcuxpresso.tools.win32_11.1.0.202001081728/tools/bin/../lib/gcc/arm-none-eabi/8.3.1/../../../../arm-none-eabi/lib/thumb/v7-m/nofp\libcr_semihost.a(__sys_write.o)
                0x000081a4                __sys_write
 *(.rodata .rodata.* .constdata .constdata.*)
 .rodata.format_full_calendar.str1.4
                0x000081b0       0x1a ./src/ProjectV2/format_view.o
 *fill*         0x000081ca        0x2 ff
 .rodata.format_temperature_pressure.str1.4
                0x000081cc       0x39 ./src/ProjectV2/format_view.o
 *fill*         0x00008205        0x3 ff
 .rodata.str1.4
                0x00008208       0x21 ./src/ProjectV2/xInit_menu.o
 *fill*         0x00008229        0x3 ff
 .rodata.menu_init_TempSensor.str1.4
                0x0000822c       0x15 ./src/ProjectV2/xInit_menu.o
 *fill*         0x00008241        0x3 ff
 .rodata.end_local_init_seq.str1.4
                0x00008244       0x10 ./src/ProjectTasks/local_task.o
 .rodata.view_task_init.str1.4
                0x00008254       0x15 ./src/ProjectTasks/view_task.o
 *fill*         0x00008269        0x3 ff
 .rodata.view_test.str1.4
                0x0000826c        0x6 ./src/ProjectTasks/view_task.o
 *fill*         0x00008272        0x2 ff
 .rodata.main.str1.4
                0x00008274       0x29 ./src/project.o
 *fill*         0x0000829d        0x3 ff
 .rodata        0x000082a0        0x8 C:\Users\Manue\OneDrive\Documentos\Isel\19-20\Verao\SE2\Ambiente\SE2\SE1920\Debug\libSE1920.a(BMP280.o)
 .rodata        0x000082a8        0xc C:\Users\Manue\OneDrive\Documentos\Isel\19-20\Verao\SE2\Ambiente\SE2\SE1920\Debug\libSE1920.a(button.o)
 .rodata.str1.4
                0x000082b4        0x8 C:\Users\Manue\OneDrive\Documentos\Isel\19-20\Verao\SE2\Ambiente\SE2\FreeRTOS-Kernel\Debug\libFreeRTOS-Kernel.a(tasks.o)
                                  0x5 (size before relaxing)
 .rodata._Csys_alloc.str1.1
                0x000082bc       0x18 c:/nxp/mcuxpressoide_11.1.1_3241/ide/plugins/com.nxp.mcuxpresso.tools.win32_11.1.0.202001081728/tools/bin/../lib/gcc/arm-none-eabi/8.3.1/../../../../arm-none-eabi/lib/thumb/v7-m/nofp\libcr_c.a(alloc.o)
 .rodata.fp_display.str1.1
                0x000082d4       0x34 c:/nxp/mcuxpressoide_11.1.1_3241/ide/plugins/com.nxp.mcuxpresso.tools.win32_11.1.0.202001081728/tools/bin/../lib/gcc/arm-none-eabi/8.3.1/../../../../arm-none-eabi/lib/thumb/v7-m/nofp\libcr_c.a(fpprintf.o)
                                 0x35 (size before relaxing)
 .rodata._initio.str1.1
                0x00008308        0x4 c:/nxp/mcuxpressoide_11.1.1_3241/ide/plugins/com.nxp.mcuxpresso.tools.win32_11.1.0.202001081728/tools/bin/../lib/gcc/arm-none-eabi/8.3.1/../../../../arm-none-eabi/lib/thumb/v7-m/nofp\libcr_c.a(initio.o)
 .rodata.__vfprintf.str1.1
                0x0000830c       0x31 c:/nxp/mcuxpressoide_11.1.1_3241/ide/plugins/com.nxp.mcuxpresso.tools.win32_11.1.0.202001081728/tools/bin/../lib/gcc/arm-none-eabi/8.3.1/../../../../arm-none-eabi/lib/thumb/v7-m/nofp\libcr_c.a(printf.o)
                                 0x38 (size before relaxing)
 *fill*         0x0000833d        0x3 ff
 .rodata.monlen
                0x00008340       0x34 c:/nxp/mcuxpressoide_11.1.1_3241/ide/plugins/com.nxp.mcuxpresso.tools.win32_11.1.0.202001081728/tools/bin/../lib/gcc/arm-none-eabi/8.3.1/../../../../arm-none-eabi/lib/thumb/v7-m/nofp\libcr_c.a(time.o)
 .rodata.__num_Ciob_streams
                0x00008374        0x4 c:/nxp/mcuxpressoide_11.1.1_3241/ide/plugins/com.nxp.mcuxpresso.tools.win32_11.1.0.202001081728/tools/bin/../lib/gcc/arm-none-eabi/8.3.1/../../../../arm-none-eabi/lib/thumb/v7-m/nofp\libcr_semihost.a(__ciob.o)
                0x00008374                __num_Ciob_streams
                0x00008378                . = ALIGN (0x4)

.glue_7         0x00008378        0x0
 .glue_7        0x00008378        0x0 linker stubs

.glue_7t        0x00008378        0x0
 .glue_7t       0x00008378        0x0 linker stubs

.vfp11_veneer   0x00008378        0x0
 .vfp11_veneer  0x00008378        0x0 linker stubs

.v4_bx          0x00008378        0x0
 .v4_bx         0x00008378        0x0 linker stubs

.iplt           0x00008378        0x0
 .iplt          0x00008378        0x0 ./src/ProjectV2/format_view.o

.rel.dyn        0x00008378        0x0
 .rel.iplt      0x00008378        0x0 ./src/ProjectV2/format_view.o

.ARM.extab
 *(.ARM.extab* .gnu.linkonce.armextab.*)

.ARM.exidx      0x00008378        0x0
                0x00008378                __exidx_start = .
 *(.ARM.exidx* .gnu.linkonce.armexidx.*)
                0x00008378                __exidx_end = .
                0x00008378                _etext = .

.data_RAM2      0x2007c000        0x0 load address 0x00008378
 FILL mask 0xff
                [!provide]                PROVIDE (__start_data_RAM2 = .)
                [!provide]                PROVIDE (__start_data_RamAHB32 = .)
 *(.ramfunc.$RAM2)
 *(.ramfunc.$RamAHB32)
 *(.data.$RAM2)
 *(.data.$RamAHB32)
 *(.data.$RAM2.*)
 *(.data.$RamAHB32.*)
                0x2007c000                . = ALIGN (0x4)
                [!provide]                PROVIDE (__end_data_RAM2 = .)
                [!provide]                PROVIDE (__end_data_RamAHB32 = .)

.uninit_RESERVED
                0x10000000        0x0
                0x10000000                _start_uninit_RESERVED = .
 *(.bss.$RESERVED*)
                0x10000000                . = ALIGN (0x4)
                0x10000000                _end_uninit_RESERVED = .

.data           0x10000000       0x6c load address 0x00008378
 FILL mask 0xff
                0x10000000                _data = .
                [!provide]                PROVIDE (__start_data_RAM = .)
                [!provide]                PROVIDE (__start_data_RamLoc32 = .)
 *(vtable)
 *(.ramfunc*)
 *(CodeQuickAccess)
 *(DataQuickAccess)
 *(RamFunction)
 *(.data*)
 .data.INITS    0x10000000        0xc ./src/ProjectV2/xInit_menu.o
 .data.select_inits
                0x1000000c        0xc ./src/ProjectV2/xInit_menu.o
 .data.temperature_funcs
                0x10000018        0x8 ./src/ProjectTasks/data_center_task.o
 .data.TEMPERATURE_UNIT
                0x10000020        0x2 ./src/ProjectTasks/view_task.o
 *fill*         0x10000022        0x2 ff
 .data.SEC_CHARACTER
                0x10000024        0x2 ./src/ProjectTasks/view_task.o
 *fill*         0x10000026        0x2 ff
 .data.calib_signed_ptr
                0x10000028       0x30 C:\Users\Manue\OneDrive\Documentos\Isel\19-20\Verao\SE2\Ambiente\SE2\SE1920\Debug\libSE1920.a(BMP280.o)
 .data.i2c_buses
                0x10000058        0xc C:\Users\Manue\OneDrive\Documentos\Isel\19-20\Verao\SE2\Ambiente\SE2\SE1920\Debug\libSE1920.a(i2c.o)
                0x10000058                i2c_buses
 .data          0x10000064        0x4 C:\Users\Manue\OneDrive\Documentos\Isel\19-20\Verao\SE2\Ambiente\SE2\FreeRTOS-Kernel\Debug\libFreeRTOS-Kernel.a(port.o)
 .data.SystemCoreClock
                0x10000068        0x4 C:\Users\Manue\OneDrive\Documentos\Isel\19-20\Verao\SE2\Ambiente\SE2\CMSIS_CORE_LPC17xx\Debug\libCMSIS_CORE_LPC17xx.a(system_LPC17xx.o)
                0x10000068                SystemCoreClock
                0x1000006c                . = ALIGN (0x4)
                0x1000006c                _edata = .
                [!provide]                PROVIDE (__end_data_RAM = .)
                [!provide]                PROVIDE (__end_data_RamLoc32 = .)

.igot.plt       0x1000006c        0x0 load address 0x000083e4
 .igot.plt      0x1000006c        0x0 ./src/ProjectV2/format_view.o

.bss_RAM2       0x2007c000        0x0
                [!provide]                PROVIDE (__start_bss_RAM2 = .)
                [!provide]                PROVIDE (__start_bss_RamAHB32 = .)
 *(.bss.$RAM2)
 *(.bss.$RamAHB32)
 *(.bss.$RAM2.*)
 *(.bss.$RamAHB32.*)
                0x2007c000                . = ALIGN ((. != 0x0)?0x4:0x1)
                [!provide]                PROVIDE (__end_bss_RAM2 = .)
                [!provide]                PROVIDE (__end_bss_RamAHB32 = .)

.bss            0x10000070     0x3450
                0x10000070                _bss = .
                [!provide]                PROVIDE (__start_bss_RAM = .)
                [!provide]                PROVIDE (__start_bss_RamLoc32 = .)
 *(.bss*)
 .bss.initialized
                0x10000070        0x2 ./src/ProjectV2/xInit_menu.o
 *fill*         0x10000072        0x2 
 .bss.count     0x10000074        0x4 ./src/ProjectV2/xMenu.o
                0x10000074                count
 .bss.button_map
                0x10000078        0x4 ./src/ProjectV2/xMenu.o
                0x10000078                button_map
 .bss.local_data
                0x1000007c        0x4 ./src/ProjectV2/xMenu.o
                0x1000007c                local_data
 .bss.cmd       0x10000080        0x4 ./src/ProjectV2/xViewLCDText.o
                0x10000080                cmd
 .bss.Button_Task
                0x10000084        0x4 ./src/ProjectTasks/button_task.o
                0x10000084                Button_Task
 .bss.Button_Queue
                0x10000088        0x4 ./src/ProjectTasks/button_task.o
                0x10000088                Button_Queue
 .bss.Input_Queue
                0x1000008c        0x4 ./src/ProjectTasks/button_task.o
                0x1000008c                Input_Queue
 .bss.Data_center_Task
                0x10000090        0x4 ./src/ProjectTasks/data_center_task.o
                0x10000090                Data_center_Task
 .bss.curr_data
                0x10000094        0x4 ./src/ProjectTasks/data_center_task.o
                0x10000094                curr_data
 .bss.maintenance_cmd
                0x10000098        0x4 ./src/ProjectTasks/data_center_task.o
                0x10000098                maintenance_cmd
 .bss.Local_In_Queue
                0x1000009c        0x4 ./src/ProjectTasks/data_center_task.o
                0x1000009c                Local_In_Queue
 .bss.Remote_In_Queue
                0x100000a0        0x4 ./src/ProjectTasks/data_center_task.o
                0x100000a0                Remote_In_Queue
 .bss.Data_In_Queue
                0x100000a4        0x4 ./src/ProjectTasks/data_center_task.o
                0x100000a4                Data_In_Queue
 .bss.Local_Task
                0x100000a8        0x4 ./src/ProjectTasks/local_task.o
                0x100000a8                Local_Task
 .bss.cmde      0x100000ac        0x4 ./src/ProjectTasks/local_task.o
                0x100000ac                cmde
 .bss.Sensor_Task
                0x100000b0        0x4 ./src/ProjectTasks/sensor_task.o
                0x100000b0                Sensor_Task
 .bss.Sensor_Queue
                0x100000b4        0x4 ./src/ProjectTasks/sensor_task.o
                0x100000b4                Sensor_Queue
 .bss.sensor_inf
                0x100000b8       0x18 ./src/ProjectTasks/sensor_task.o
 .bss.View_Task
                0x100000d0        0x4 ./src/ProjectTasks/view_task.o
                0x100000d0                View_Task
 .bss.View_Queue
                0x100000d4        0x4 ./src/ProjectTasks/view_task.o
                0x100000d4                View_Queue
 .bss.lcd_cmd   0x100000d8        0x8 ./src/ProjectTasks/view_task.o
                0x100000d8                lcd_cmd
 .bss.str       0x100000e0       0x10 ./src/ProjectTasks/view_task.o
 .bss.calib_data
                0x100000f0       0x18 C:\Users\Manue\OneDrive\Documentos\Isel\19-20\Verao\SE2\Ambiente\SE2\SE1920\Debug\libSE1920.a(BMP280.o)
 .bss.current_temp
                0x10000108        0x8 C:\Users\Manue\OneDrive\Documentos\Isel\19-20\Verao\SE2\Ambiente\SE2\SE1920\Debug\libSE1920.a(BMP280.o)
                0x10000108                current_temp
 .bss.current_press
                0x10000110        0x8 C:\Users\Manue\OneDrive\Documentos\Isel\19-20\Verao\SE2\Ambiente\SE2\SE1920\Debug\libSE1920.a(BMP280.o)
                0x10000110                current_press
 .bss.buttons_state
                0x10000118        0x6 C:\Users\Manue\OneDrive\Documentos\Isel\19-20\Verao\SE2\Ambiente\SE2\SE1920\Debug\libSE1920.a(button.o)
                0x10000118                buttons_state
 .bss.row       0x1000011e        0x2 C:\Users\Manue\OneDrive\Documentos\Isel\19-20\Verao\SE2\Ambiente\SE2\SE1920\Debug\libSE1920.a(lcd.o)
                0x1000011e                row
 .bss.col       0x10000120        0x2 C:\Users\Manue\OneDrive\Documentos\Isel\19-20\Verao\SE2\Ambiente\SE2\SE1920\Debug\libSE1920.a(lcd.o)
                0x10000120                col
 *fill*         0x10000122        0x2 
 .bss.led_state
                0x10000124        0x4 C:\Users\Manue\OneDrive\Documentos\Isel\19-20\Verao\SE2\Ambiente\SE2\SE1920\Debug\libSE1920.a(led.o)
 .bss.i2c_scl_sch_sum
                0x10000128        0x4 C:\Users\Manue\OneDrive\Documentos\Isel\19-20\Verao\SE2\Ambiente\SE2\SE1920\Debug\libSE1920.a(i2c.o)
                0x10000128                i2c_scl_sch_sum
 .bss.tx_i2c    0x1000012c        0xc C:\Users\Manue\OneDrive\Documentos\Isel\19-20\Verao\SE2\Ambiente\SE2\SE1920\Debug\libSE1920.a(i2c.o)
                0x1000012c                tx_i2c
 .bss.tx_i2c_lens
                0x10000138        0x6 C:\Users\Manue\OneDrive\Documentos\Isel\19-20\Verao\SE2\Ambiente\SE2\SE1920\Debug\libSE1920.a(i2c.o)
                0x10000138                tx_i2c_lens
 *fill*         0x1000013e        0x2 
 .bss.tx_i2c_counts
                0x10000140        0x6 C:\Users\Manue\OneDrive\Documentos\Isel\19-20\Verao\SE2\Ambiente\SE2\SE1920\Debug\libSE1920.a(i2c.o)
                0x10000140                tx_i2c_counts
 *fill*         0x10000146        0x2 
 .bss.tx_i2c_succ
                0x10000148        0x6 C:\Users\Manue\OneDrive\Documentos\Isel\19-20\Verao\SE2\Ambiente\SE2\SE1920\Debug\libSE1920.a(i2c.o)
                0x10000148                tx_i2c_succ
 *fill*         0x1000014e        0x2 
 .bss.rx_i2c    0x10000150        0xc C:\Users\Manue\OneDrive\Documentos\Isel\19-20\Verao\SE2\Ambiente\SE2\SE1920\Debug\libSE1920.a(i2c.o)
                0x10000150                rx_i2c
 .bss.rx_i2c_lens
                0x1000015c        0x6 C:\Users\Manue\OneDrive\Documentos\Isel\19-20\Verao\SE2\Ambiente\SE2\SE1920\Debug\libSE1920.a(i2c.o)
                0x1000015c                rx_i2c_lens
 *fill*         0x10000162        0x2 
 .bss.rx_i2c_counts
                0x10000164        0x6 C:\Users\Manue\OneDrive\Documentos\Isel\19-20\Verao\SE2\Ambiente\SE2\SE1920\Debug\libSE1920.a(i2c.o)
                0x10000164                rx_i2c_counts
 *fill*         0x1000016a        0x2 
 .bss.rx_i2c_succ
                0x1000016c        0x6 C:\Users\Manue\OneDrive\Documentos\Isel\19-20\Verao\SE2\Ambiente\SE2\SE1920\Debug\libSE1920.a(i2c.o)
                0x1000016c                rx_i2c_succ
 *fill*         0x10000172        0x2 
 .bss.sla_addr  0x10000174        0x6 C:\Users\Manue\OneDrive\Documentos\Isel\19-20\Verao\SE2\Ambiente\SE2\SE1920\Debug\libSE1920.a(i2c.o)
                0x10000174                sla_addr
 .bss.i2c_state
                0x1000017a        0x2 C:\Users\Manue\OneDrive\Documentos\Isel\19-20\Verao\SE2\Ambiente\SE2\SE1920\Debug\libSE1920.a(i2c.o)
 .bss           0x1000017c     0x3020 C:\Users\Manue\OneDrive\Documentos\Isel\19-20\Verao\SE2\Ambiente\SE2\FreeRTOS-Kernel\Debug\libFreeRTOS-Kernel.a(heap_4.o)
 .bss           0x1000319c      0x10c C:\Users\Manue\OneDrive\Documentos\Isel\19-20\Verao\SE2\Ambiente\SE2\FreeRTOS-Kernel\Debug\libFreeRTOS-Kernel.a(tasks.o)
                0x1000319c                pxCurrentTCB
 .bss._tms.4159
                0x100032a8       0x24 c:/nxp/mcuxpressoide_11.1.1_3241/ide/plugins/com.nxp.mcuxpresso.tools.win32_11.1.0.202001081728/tools/bin/../lib/gcc/arm-none-eabi/8.3.1/../../../../arm-none-eabi/lib/thumb/v7-m/nofp\libcr_c.a(time.o)
 .bss.__end_of_heap
                0x100032cc        0x4 c:/nxp/mcuxpressoide_11.1.1_3241/ide/plugins/com.nxp.mcuxpresso.tools.win32_11.1.0.202001081728/tools/bin/../lib/gcc/arm-none-eabi/8.3.1/../../../../arm-none-eabi/lib/thumb/v7-m/nofp\libcr_c.a(__init_alloc.o)
                0x100032cc                __end_of_heap
 .bss.__heaps   0x100032d0        0x4 c:/nxp/mcuxpressoide_11.1.1_3241/ide/plugins/com.nxp.mcuxpresso.tools.win32_11.1.0.202001081728/tools/bin/../lib/gcc/arm-none-eabi/8.3.1/../../../../arm-none-eabi/lib/thumb/v7-m/nofp\libcr_c.a(__init_alloc.o)
                0x100032d0                __heaps
 .bss.errno     0x100032d4        0x4 c:/nxp/mcuxpressoide_11.1.1_3241/ide/plugins/com.nxp.mcuxpresso.tools.win32_11.1.0.202001081728/tools/bin/../lib/gcc/arm-none-eabi/8.3.1/../../../../arm-none-eabi/lib/thumb/v7-m/nofp\libcr_c.a(errno.o)
                0x100032d4                errno
 .bss.__Ciob    0x100032d8      0x1e0 c:/nxp/mcuxpressoide_11.1.1_3241/ide/plugins/com.nxp.mcuxpresso.tools.win32_11.1.0.202001081728/tools/bin/../lib/gcc/arm-none-eabi/8.3.1/../../../../arm-none-eabi/lib/thumb/v7-m/nofp\libcr_semihost.a(__ciob.o)
                0x100032d8                __Ciob
 *(COMMON)
 COMMON         0x100034b8        0x8 C:\Users\Manue\OneDrive\Documentos\Isel\19-20\Verao\SE2\Ambiente\SE2\FreeRTOS-Kernel\Debug\libFreeRTOS-Kernel.a(queue.o)
                0x100034b8                xQueueRegistry
                0x100034c0                . = ALIGN (0x4)
                0x100034c0                _ebss = .
                [!provide]                PROVIDE (__end_bss_RAM = .)
                [!provide]                PROVIDE (__end_bss_RamLoc32 = .)
                [!provide]                PROVIDE (end = .)

.noinit_RAM2    0x2007c000        0x0
                [!provide]                PROVIDE (__start_noinit_RAM2 = .)
                [!provide]                PROVIDE (__start_noinit_RamAHB32 = .)
 *(.noinit.$RAM2)
 *(.noinit.$RamAHB32)
 *(.noinit.$RAM2.*)
 *(.noinit.$RamAHB32.*)
                0x2007c000                . = ALIGN (0x4)
                [!provide]                PROVIDE (__end_noinit_RAM2 = .)
                [!provide]                PROVIDE (__end_noinit_RamAHB32 = .)

.noinit         0x100034c0        0x0
                0x100034c0                _noinit = .
                [!provide]                PROVIDE (__start_noinit_RAM = .)
                [!provide]                PROVIDE (__start_noinit_RamLoc32 = .)
 *(.noinit*)
                0x100034c0                . = ALIGN (0x4)
                0x100034c0                _end_noinit = .
                [!provide]                PROVIDE (__end_noinit_RAM = .)
                [!provide]                PROVIDE (__end_noinit_RamLoc32 = .)
                0x100034c0                PROVIDE (_pvHeapStart = DEFINED (__user_heap_base)?__user_heap_base:.)
                0x10008000                PROVIDE (_vStackTop = DEFINED (__user_stack_top)?__user_stack_top:(__top_RamLoc32 - 0x0))
                0xefff74de                PROVIDE (__valid_user_code_checksum = (0x0 - ((((((_vStackTop + (ResetISR + 0x1)) + (NMI_Handler + 0x1)) + (HardFault_Handler + 0x1)) + (DEFINED (MemManage_Handler)?MemManage_Handler:0x0 + 0x1)) + (DEFINED (BusFault_Handler)?BusFault_Handler:0x0 + 0x1)) + (DEFINED (UsageFault_Handler)?UsageFault_Handler:0x0 + 0x1))))
                0x00000000                _image_start = LOADADDR (.text)
                0x000083e4                _image_end = (LOADADDR (.data) + SIZEOF (.data))
                0x000083e4                _image_size = (_image_end - _image_start)
OUTPUT(project.axf elf32-littlearm)

.debug_info     0x00000000     0xc56e
 .debug_info    0x00000000      0x4e4 ./src/ProjectV2/format_view.o
 .debug_info    0x000004e4      0x403 ./src/ProjectV2/menu_normal.o
 .debug_info    0x000008e7      0x515 ./src/ProjectV2/xInit_menu.o
 .debug_info    0x00000dfc      0x461 ./src/ProjectV2/xMenu.o
 .debug_info    0x0000125d      0x621 ./src/ProjectV2/xViewLCDText.o
 .debug_info    0x0000187e      0x56a ./src/ProjectTasks/button_task.o
 .debug_info    0x00001de8      0x5b7 ./src/ProjectTasks/data_center_task.o
 .debug_info    0x0000239f      0x61d ./src/ProjectTasks/local_task.o
 .debug_info    0x000029bc      0x52b ./src/ProjectTasks/sensor_task.o
 .debug_info    0x00002ee7      0x714 ./src/ProjectTasks/view_task.o
 .debug_info    0x000035fb      0x503 ./src/KernelUtils/KernelDebbug.o
 .debug_info    0x00003afe      0x276 ./src/cr_startup_lpc175x_6x-FreeRTOS.o
 .debug_info    0x00003d74       0x40 ./src/crp.o
 .debug_info    0x00003db4      0x36a ./src/project.o
 .debug_info    0x0000411e      0xc5d C:\Users\Manue\OneDrive\Documentos\Isel\19-20\Verao\SE2\Ambiente\SE2\SE1920\Debug\libSE1920.a(BMP280.o)
 .debug_info    0x00004d7b      0xb10 C:\Users\Manue\OneDrive\Documentos\Isel\19-20\Verao\SE2\Ambiente\SE2\SE1920\Debug\libSE1920.a(button.o)
 .debug_info    0x0000588b      0x9cc C:\Users\Manue\OneDrive\Documentos\Isel\19-20\Verao\SE2\Ambiente\SE2\SE1920\Debug\libSE1920.a(lcd.o)
 .debug_info    0x00006257      0x43e C:\Users\Manue\OneDrive\Documentos\Isel\19-20\Verao\SE2\Ambiente\SE2\SE1920\Debug\libSE1920.a(led.o)
 .debug_info    0x00006695      0x288 C:\Users\Manue\OneDrive\Documentos\Isel\19-20\Verao\SE2\Ambiente\SE2\SE1920\Debug\libSE1920.a(peripherals.o)
 .debug_info    0x0000691d      0x697 C:\Users\Manue\OneDrive\Documentos\Isel\19-20\Verao\SE2\Ambiente\SE2\SE1920\Debug\libSE1920.a(rtc.o)
 .debug_info    0x00006fb4      0x6d4 C:\Users\Manue\OneDrive\Documentos\Isel\19-20\Verao\SE2\Ambiente\SE2\SE1920\Debug\libSE1920.a(spi.o)
 .debug_info    0x00007688      0x531 C:\Users\Manue\OneDrive\Documentos\Isel\19-20\Verao\SE2\Ambiente\SE2\SE1920\Debug\libSE1920.a(xWait.o)
 .debug_info    0x00007bb9      0xd12 C:\Users\Manue\OneDrive\Documentos\Isel\19-20\Verao\SE2\Ambiente\SE2\SE1920\Debug\libSE1920.a(i2c.o)
 .debug_info    0x000088cb      0x47d C:\Users\Manue\OneDrive\Documentos\Isel\19-20\Verao\SE2\Ambiente\SE2\FreeRTOS-Kernel\Debug\libFreeRTOS-Kernel.a(heap_4.o)
 .debug_info    0x00008d48      0x355 C:\Users\Manue\OneDrive\Documentos\Isel\19-20\Verao\SE2\Ambiente\SE2\FreeRTOS-Kernel\Debug\libFreeRTOS-Kernel.a(port.o)
 .debug_info    0x0000909d     0x11d3 C:\Users\Manue\OneDrive\Documentos\Isel\19-20\Verao\SE2\Ambiente\SE2\FreeRTOS-Kernel\Debug\libFreeRTOS-Kernel.a(queue.o)
 .debug_info    0x0000a270     0x1c61 C:\Users\Manue\OneDrive\Documentos\Isel\19-20\Verao\SE2\Ambiente\SE2\FreeRTOS-Kernel\Debug\libFreeRTOS-Kernel.a(tasks.o)
 .debug_info    0x0000bed1      0x320 C:\Users\Manue\OneDrive\Documentos\Isel\19-20\Verao\SE2\Ambiente\SE2\FreeRTOS-Kernel\Debug\libFreeRTOS-Kernel.a(list.o)
 .debug_info    0x0000c1f1      0x37d C:\Users\Manue\OneDrive\Documentos\Isel\19-20\Verao\SE2\Ambiente\SE2\CMSIS_CORE_LPC17xx\Debug\libCMSIS_CORE_LPC17xx.a(system_LPC17xx.o)

.debug_abbrev   0x00000000     0x30ab
 .debug_abbrev  0x00000000      0x151 ./src/ProjectV2/format_view.o
 .debug_abbrev  0x00000151      0x13a ./src/ProjectV2/menu_normal.o
 .debug_abbrev  0x0000028b      0x19b ./src/ProjectV2/xInit_menu.o
 .debug_abbrev  0x00000426      0x16c ./src/ProjectV2/xMenu.o
 .debug_abbrev  0x00000592      0x1c6 ./src/ProjectV2/xViewLCDText.o
 .debug_abbrev  0x00000758      0x189 ./src/ProjectTasks/button_task.o
 .debug_abbrev  0x000008e1      0x1e2 ./src/ProjectTasks/data_center_task.o
 .debug_abbrev  0x00000ac3      0x1e1 ./src/ProjectTasks/local_task.o
 .debug_abbrev  0x00000ca4      0x172 ./src/ProjectTasks/sensor_task.o
 .debug_abbrev  0x00000e16      0x1fe ./src/ProjectTasks/view_task.o
 .debug_abbrev  0x00001014      0x160 ./src/KernelUtils/KernelDebbug.o
 .debug_abbrev  0x00001174      0x12a ./src/cr_startup_lpc175x_6x-FreeRTOS.o
 .debug_abbrev  0x0000129e       0x38 ./src/crp.o
 .debug_abbrev  0x000012d6      0x10d ./src/project.o
 .debug_abbrev  0x000013e3      0x22c C:\Users\Manue\OneDrive\Documentos\Isel\19-20\Verao\SE2\Ambiente\SE2\SE1920\Debug\libSE1920.a(BMP280.o)
 .debug_abbrev  0x0000160f      0x292 C:\Users\Manue\OneDrive\Documentos\Isel\19-20\Verao\SE2\Ambiente\SE2\SE1920\Debug\libSE1920.a(button.o)
 .debug_abbrev  0x000018a1      0x1fd C:\Users\Manue\OneDrive\Documentos\Isel\19-20\Verao\SE2\Ambiente\SE2\SE1920\Debug\libSE1920.a(lcd.o)
 .debug_abbrev  0x00001a9e      0x139 C:\Users\Manue\OneDrive\Documentos\Isel\19-20\Verao\SE2\Ambiente\SE2\SE1920\Debug\libSE1920.a(led.o)
 .debug_abbrev  0x00001bd7      0x100 C:\Users\Manue\OneDrive\Documentos\Isel\19-20\Verao\SE2\Ambiente\SE2\SE1920\Debug\libSE1920.a(peripherals.o)
 .debug_abbrev  0x00001cd7      0x1ba C:\Users\Manue\OneDrive\Documentos\Isel\19-20\Verao\SE2\Ambiente\SE2\SE1920\Debug\libSE1920.a(rtc.o)
 .debug_abbrev  0x00001e91      0x1a9 C:\Users\Manue\OneDrive\Documentos\Isel\19-20\Verao\SE2\Ambiente\SE2\SE1920\Debug\libSE1920.a(spi.o)
 .debug_abbrev  0x0000203a      0x1ab C:\Users\Manue\OneDrive\Documentos\Isel\19-20\Verao\SE2\Ambiente\SE2\SE1920\Debug\libSE1920.a(xWait.o)
 .debug_abbrev  0x000021e5      0x2b6 C:\Users\Manue\OneDrive\Documentos\Isel\19-20\Verao\SE2\Ambiente\SE2\SE1920\Debug\libSE1920.a(i2c.o)
 .debug_abbrev  0x0000249b      0x1ae C:\Users\Manue\OneDrive\Documentos\Isel\19-20\Verao\SE2\Ambiente\SE2\FreeRTOS-Kernel\Debug\libFreeRTOS-Kernel.a(heap_4.o)
 .debug_abbrev  0x00002649      0x22a C:\Users\Manue\OneDrive\Documentos\Isel\19-20\Verao\SE2\Ambiente\SE2\FreeRTOS-Kernel\Debug\libFreeRTOS-Kernel.a(port.o)
 .debug_abbrev  0x00002873      0x2c6 C:\Users\Manue\OneDrive\Documentos\Isel\19-20\Verao\SE2\Ambiente\SE2\FreeRTOS-Kernel\Debug\libFreeRTOS-Kernel.a(queue.o)
 .debug_abbrev  0x00002b39      0x329 C:\Users\Manue\OneDrive\Documentos\Isel\19-20\Verao\SE2\Ambiente\SE2\FreeRTOS-Kernel\Debug\libFreeRTOS-Kernel.a(tasks.o)
 .debug_abbrev  0x00002e62      0x12d C:\Users\Manue\OneDrive\Documentos\Isel\19-20\Verao\SE2\Ambiente\SE2\FreeRTOS-Kernel\Debug\libFreeRTOS-Kernel.a(list.o)
 .debug_abbrev  0x00002f8f      0x11c C:\Users\Manue\OneDrive\Documentos\Isel\19-20\Verao\SE2\Ambiente\SE2\CMSIS_CORE_LPC17xx\Debug\libCMSIS_CORE_LPC17xx.a(system_LPC17xx.o)

.debug_aranges  0x00000000      0x6c0
 .debug_aranges
                0x00000000       0x50 ./src/ProjectV2/format_view.o
 .debug_aranges
                0x00000050       0x20 ./src/ProjectV2/menu_normal.o
 .debug_aranges
                0x00000070       0x38 ./src/ProjectV2/xInit_menu.o
 .debug_aranges
                0x000000a8       0x20 ./src/ProjectV2/xMenu.o
 .debug_aranges
                0x000000c8       0x60 ./src/ProjectV2/xViewLCDText.o
 .debug_aranges
                0x00000128       0x28 ./src/ProjectTasks/button_task.o
 .debug_aranges
                0x00000150       0x50 ./src/ProjectTasks/data_center_task.o
 .debug_aranges
                0x000001a0       0x38 ./src/ProjectTasks/local_task.o
 .debug_aranges
                0x000001d8       0x28 ./src/ProjectTasks/sensor_task.o
 .debug_aranges
                0x00000200       0x68 ./src/ProjectTasks/view_task.o
 .debug_aranges
                0x00000268       0x28 ./src/KernelUtils/KernelDebbug.o
 .debug_aranges
                0x00000290       0x80 ./src/cr_startup_lpc175x_6x-FreeRTOS.o
 .debug_aranges
                0x00000310       0x18 ./src/crp.o
 .debug_aranges
                0x00000328       0x20 ./src/project.o
 .debug_aranges
                0x00000348       0x60 C:\Users\Manue\OneDrive\Documentos\Isel\19-20\Verao\SE2\Ambiente\SE2\SE1920\Debug\libSE1920.a(BMP280.o)
 .debug_aranges
                0x000003a8       0x50 C:\Users\Manue\OneDrive\Documentos\Isel\19-20\Verao\SE2\Ambiente\SE2\SE1920\Debug\libSE1920.a(button.o)
 .debug_aranges
                0x000003f8       0x68 C:\Users\Manue\OneDrive\Documentos\Isel\19-20\Verao\SE2\Ambiente\SE2\SE1920\Debug\libSE1920.a(lcd.o)
 .debug_aranges
                0x00000460       0x38 C:\Users\Manue\OneDrive\Documentos\Isel\19-20\Verao\SE2\Ambiente\SE2\SE1920\Debug\libSE1920.a(led.o)
 .debug_aranges
                0x00000498       0x20 C:\Users\Manue\OneDrive\Documentos\Isel\19-20\Verao\SE2\Ambiente\SE2\SE1920\Debug\libSE1920.a(peripherals.o)
 .debug_aranges
                0x000004b8       0x48 C:\Users\Manue\OneDrive\Documentos\Isel\19-20\Verao\SE2\Ambiente\SE2\SE1920\Debug\libSE1920.a(rtc.o)
 .debug_aranges
                0x00000500       0x30 C:\Users\Manue\OneDrive\Documentos\Isel\19-20\Verao\SE2\Ambiente\SE2\SE1920\Debug\libSE1920.a(spi.o)
 .debug_aranges
                0x00000530       0x40 C:\Users\Manue\OneDrive\Documentos\Isel\19-20\Verao\SE2\Ambiente\SE2\SE1920\Debug\libSE1920.a(xWait.o)
 .debug_aranges
                0x00000570       0x88 C:\Users\Manue\OneDrive\Documentos\Isel\19-20\Verao\SE2\Ambiente\SE2\SE1920\Debug\libSE1920.a(i2c.o)
 .debug_aranges
                0x000005f8       0x20 C:\Users\Manue\OneDrive\Documentos\Isel\19-20\Verao\SE2\Ambiente\SE2\FreeRTOS-Kernel\Debug\libFreeRTOS-Kernel.a(heap_4.o)
 .debug_aranges
                0x00000618       0x20 C:\Users\Manue\OneDrive\Documentos\Isel\19-20\Verao\SE2\Ambiente\SE2\FreeRTOS-Kernel\Debug\libFreeRTOS-Kernel.a(port.o)
 .debug_aranges
                0x00000638       0x20 C:\Users\Manue\OneDrive\Documentos\Isel\19-20\Verao\SE2\Ambiente\SE2\FreeRTOS-Kernel\Debug\libFreeRTOS-Kernel.a(queue.o)
 .debug_aranges
                0x00000658       0x20 C:\Users\Manue\OneDrive\Documentos\Isel\19-20\Verao\SE2\Ambiente\SE2\FreeRTOS-Kernel\Debug\libFreeRTOS-Kernel.a(tasks.o)
 .debug_aranges
                0x00000678       0x20 C:\Users\Manue\OneDrive\Documentos\Isel\19-20\Verao\SE2\Ambiente\SE2\FreeRTOS-Kernel\Debug\libFreeRTOS-Kernel.a(list.o)
 .debug_aranges
                0x00000698       0x28 C:\Users\Manue\OneDrive\Documentos\Isel\19-20\Verao\SE2\Ambiente\SE2\CMSIS_CORE_LPC17xx\Debug\libCMSIS_CORE_LPC17xx.a(system_LPC17xx.o)

.debug_ranges   0x00000000      0x498
 .debug_ranges  0x00000000       0x40 ./src/ProjectV2/format_view.o
 .debug_ranges  0x00000040       0x10 ./src/ProjectV2/menu_normal.o
 .debug_ranges  0x00000050       0x28 ./src/ProjectV2/xInit_menu.o
 .debug_ranges  0x00000078       0x10 ./src/ProjectV2/xMenu.o
 .debug_ranges  0x00000088       0x50 ./src/ProjectV2/xViewLCDText.o
 .debug_ranges  0x000000d8       0x18 ./src/ProjectTasks/button_task.o
 .debug_ranges  0x000000f0       0x40 ./src/ProjectTasks/data_center_task.o
 .debug_ranges  0x00000130       0x28 ./src/ProjectTasks/local_task.o
 .debug_ranges  0x00000158       0x18 ./src/ProjectTasks/sensor_task.o
 .debug_ranges  0x00000170       0x58 ./src/ProjectTasks/view_task.o
 .debug_ranges  0x000001c8       0x18 ./src/KernelUtils/KernelDebbug.o
 .debug_ranges  0x000001e0       0x70 ./src/cr_startup_lpc175x_6x-FreeRTOS.o
 .debug_ranges  0x00000250       0x10 ./src/project.o
 .debug_ranges  0x00000260       0x50 C:\Users\Manue\OneDrive\Documentos\Isel\19-20\Verao\SE2\Ambiente\SE2\SE1920\Debug\libSE1920.a(BMP280.o)
 .debug_ranges  0x000002b0       0x40 C:\Users\Manue\OneDrive\Documentos\Isel\19-20\Verao\SE2\Ambiente\SE2\SE1920\Debug\libSE1920.a(button.o)
 .debug_ranges  0x000002f0       0x58 C:\Users\Manue\OneDrive\Documentos\Isel\19-20\Verao\SE2\Ambiente\SE2\SE1920\Debug\libSE1920.a(lcd.o)
 .debug_ranges  0x00000348       0x28 C:\Users\Manue\OneDrive\Documentos\Isel\19-20\Verao\SE2\Ambiente\SE2\SE1920\Debug\libSE1920.a(led.o)
 .debug_ranges  0x00000370       0x10 C:\Users\Manue\OneDrive\Documentos\Isel\19-20\Verao\SE2\Ambiente\SE2\SE1920\Debug\libSE1920.a(peripherals.o)
 .debug_ranges  0x00000380       0x38 C:\Users\Manue\OneDrive\Documentos\Isel\19-20\Verao\SE2\Ambiente\SE2\SE1920\Debug\libSE1920.a(rtc.o)
 .debug_ranges  0x000003b8       0x20 C:\Users\Manue\OneDrive\Documentos\Isel\19-20\Verao\SE2\Ambiente\SE2\SE1920\Debug\libSE1920.a(spi.o)
 .debug_ranges  0x000003d8       0x30 C:\Users\Manue\OneDrive\Documentos\Isel\19-20\Verao\SE2\Ambiente\SE2\SE1920\Debug\libSE1920.a(xWait.o)
 .debug_ranges  0x00000408       0x78 C:\Users\Manue\OneDrive\Documentos\Isel\19-20\Verao\SE2\Ambiente\SE2\SE1920\Debug\libSE1920.a(i2c.o)
 .debug_ranges  0x00000480       0x18 C:\Users\Manue\OneDrive\Documentos\Isel\19-20\Verao\SE2\Ambiente\SE2\CMSIS_CORE_LPC17xx\Debug\libCMSIS_CORE_LPC17xx.a(system_LPC17xx.o)

.debug_macro    0x00000000     0x7be4
 .debug_macro   0x00000000      0x193 ./src/ProjectV2/format_view.o
 .debug_macro   0x00000193      0xaa2 ./src/ProjectV2/format_view.o
 .debug_macro   0x00000c35       0x10 ./src/ProjectV2/format_view.o
 .debug_macro   0x00000c45      0x12e ./src/ProjectV2/format_view.o
 .debug_macro   0x00000d73       0xa0 ./src/ProjectV2/format_view.o
 .debug_macro   0x00000e13       0x1c ./src/ProjectV2/format_view.o
 .debug_macro   0x00000e2f       0x3a ./src/ProjectV2/format_view.o
 .debug_macro   0x00000e69      0x5b3 ./src/ProjectV2/format_view.o
 .debug_macro   0x0000141c       0x2d ./src/ProjectV2/format_view.o
 .debug_macro   0x00001449      0xbb1 ./src/ProjectV2/format_view.o
 .debug_macro   0x00001ffa      0x2c7 ./src/ProjectV2/format_view.o
 .debug_macro   0x000022c1       0x40 ./src/ProjectV2/format_view.o
 .debug_macro   0x00002301       0x10 ./src/ProjectV2/format_view.o
 .debug_macro   0x00002311       0xd6 ./src/ProjectV2/format_view.o
 .debug_macro   0x000023e7       0xa0 ./src/ProjectV2/format_view.o
 .debug_macro   0x00002487       0x10 ./src/ProjectV2/format_view.o
 .debug_macro   0x00002497       0x22 ./src/ProjectV2/format_view.o
 .debug_macro   0x000024b9       0x7c ./src/ProjectV2/format_view.o
 .debug_macro   0x00002535       0x22 ./src/ProjectV2/format_view.o
 .debug_macro   0x00002557       0x1c ./src/ProjectV2/format_view.o
 .debug_macro   0x00002573       0x95 ./src/ProjectV2/format_view.o
 .debug_macro   0x00002608       0x52 ./src/ProjectV2/format_view.o
 .debug_macro   0x0000265a      0x142 ./src/ProjectV2/format_view.o
 .debug_macro   0x0000279c       0x16 ./src/ProjectV2/format_view.o
 .debug_macro   0x000027b2      0x119 ./src/ProjectV2/format_view.o
 .debug_macro   0x000028cb       0xa7 ./src/ProjectV2/format_view.o
 .debug_macro   0x00002972       0x28 ./src/ProjectV2/format_view.o
 .debug_macro   0x0000299a       0x1c ./src/ProjectV2/format_view.o
 .debug_macro   0x000029b6       0x16 ./src/ProjectV2/format_view.o
 .debug_macro   0x000029cc      0x1f0 ./src/ProjectV2/menu_normal.o
 .debug_macro   0x00002bbc       0x22 ./src/ProjectV2/menu_normal.o
 .debug_macro   0x00002bde      0x200 ./src/ProjectV2/xInit_menu.o
 .debug_macro   0x00002dde      0x1f4 ./src/ProjectV2/xMenu.o
 .debug_macro   0x00002fd2      0x26f ./src/ProjectV2/xViewLCDText.o
 .debug_macro   0x00003241       0xb5 ./src/ProjectV2/xViewLCDText.o
 .debug_macro   0x000032f6       0xaa ./src/ProjectV2/xViewLCDText.o
 .debug_macro   0x000033a0       0x80 ./src/ProjectV2/xViewLCDText.o
 .debug_macro   0x00003420       0x69 ./src/ProjectV2/xViewLCDText.o
 .debug_macro   0x00003489       0x10 ./src/ProjectV2/xViewLCDText.o
 .debug_macro   0x00003499       0x10 ./src/ProjectV2/xViewLCDText.o
 .debug_macro   0x000034a9      0x2d7 ./src/ProjectTasks/button_task.o
 .debug_macro   0x00003780       0x10 ./src/ProjectTasks/button_task.o
 .debug_macro   0x00003790       0xdc ./src/ProjectTasks/button_task.o
 .debug_macro   0x0000386c       0x46 ./src/ProjectTasks/button_task.o
 .debug_macro   0x000038b2       0x1c ./src/ProjectTasks/button_task.o
 .debug_macro   0x000038ce       0x10 ./src/ProjectTasks/button_task.o
 .debug_macro   0x000038de      0x258 ./src/ProjectTasks/data_center_task.o
 .debug_macro   0x00003b36       0x28 ./src/ProjectTasks/data_center_task.o
 .debug_macro   0x00003b5e       0x28 ./src/ProjectTasks/data_center_task.o
 .debug_macro   0x00003b86      0x2ff ./src/ProjectTasks/local_task.o
 .debug_macro   0x00003e85       0x1c ./src/ProjectTasks/local_task.o
 .debug_macro   0x00003ea1      0x2c2 ./src/ProjectTasks/sensor_task.o
 .debug_macro   0x00004163      0x2d4 ./src/ProjectTasks/view_task.o
 .debug_macro   0x00004437       0xf4 ./src/KernelUtils/KernelDebbug.o
 .debug_macro   0x0000452b       0x16 ./src/KernelUtils/KernelDebbug.o
 .debug_macro   0x00004541       0x1d ./src/cr_startup_lpc175x_6x-FreeRTOS.o
 .debug_macro   0x0000455e       0x1a ./src/crp.o
 .debug_macro   0x00004578       0x34 ./src/crp.o
 .debug_macro   0x000045ac      0x27b ./src/project.o
 .debug_macro   0x00004827       0x22 ./src/project.o
 .debug_macro   0x00004849       0x16 ./src/project.o
 .debug_macro   0x0000485f      0x153 C:\Users\Manue\OneDrive\Documentos\Isel\19-20\Verao\SE2\Ambiente\SE2\SE1920\Debug\libSE1920.a(BMP280.o)
 .debug_macro   0x000049b2      0xaa8 C:\Users\Manue\OneDrive\Documentos\Isel\19-20\Verao\SE2\Ambiente\SE2\SE1920\Debug\libSE1920.a(BMP280.o)
 .debug_macro   0x0000545a       0x10 C:\Users\Manue\OneDrive\Documentos\Isel\19-20\Verao\SE2\Ambiente\SE2\SE1920\Debug\libSE1920.a(BMP280.o)
 .debug_macro   0x0000546a       0x9a C:\Users\Manue\OneDrive\Documentos\Isel\19-20\Verao\SE2\Ambiente\SE2\SE1920\Debug\libSE1920.a(BMP280.o)
 .debug_macro   0x00005504       0xa3 C:\Users\Manue\OneDrive\Documentos\Isel\19-20\Verao\SE2\Ambiente\SE2\SE1920\Debug\libSE1920.a(button.o)
 .debug_macro   0x000055a7       0xc8 C:\Users\Manue\OneDrive\Documentos\Isel\19-20\Verao\SE2\Ambiente\SE2\SE1920\Debug\libSE1920.a(lcd.o)
 .debug_macro   0x0000566f       0x88 C:\Users\Manue\OneDrive\Documentos\Isel\19-20\Verao\SE2\Ambiente\SE2\SE1920\Debug\libSE1920.a(led.o)
 .debug_macro   0x000056f7      0x144 C:\Users\Manue\OneDrive\Documentos\Isel\19-20\Verao\SE2\Ambiente\SE2\SE1920\Debug\libSE1920.a(peripherals.o)
 .debug_macro   0x0000583b       0xac C:\Users\Manue\OneDrive\Documentos\Isel\19-20\Verao\SE2\Ambiente\SE2\SE1920\Debug\libSE1920.a(rtc.o)
 .debug_macro   0x000058e7       0x10 C:\Users\Manue\OneDrive\Documentos\Isel\19-20\Verao\SE2\Ambiente\SE2\SE1920\Debug\libSE1920.a(rtc.o)
 .debug_macro   0x000058f7       0x87 C:\Users\Manue\OneDrive\Documentos\Isel\19-20\Verao\SE2\Ambiente\SE2\SE1920\Debug\libSE1920.a(spi.o)
 .debug_macro   0x0000597e       0x9a C:\Users\Manue\OneDrive\Documentos\Isel\19-20\Verao\SE2\Ambiente\SE2\SE1920\Debug\libSE1920.a(spi.o)
 .debug_macro   0x00005a18       0xfd C:\Users\Manue\OneDrive\Documentos\Isel\19-20\Verao\SE2\Ambiente\SE2\SE1920\Debug\libSE1920.a(xWait.o)
 .debug_macro   0x00005b15       0xb7 C:\Users\Manue\OneDrive\Documentos\Isel\19-20\Verao\SE2\Ambiente\SE2\SE1920\Debug\libSE1920.a(i2c.o)
 .debug_macro   0x00005bcc      0x13c C:\Users\Manue\OneDrive\Documentos\Isel\19-20\Verao\SE2\Ambiente\SE2\SE1920\Debug\libSE1920.a(i2c.o)
 .debug_macro   0x00005d08      0x120 C:\Users\Manue\OneDrive\Documentos\Isel\19-20\Verao\SE2\Ambiente\SE2\FreeRTOS-Kernel\Debug\libFreeRTOS-Kernel.a(heap_4.o)
 .debug_macro   0x00005e28      0xa8a C:\Users\Manue\OneDrive\Documentos\Isel\19-20\Verao\SE2\Ambiente\SE2\FreeRTOS-Kernel\Debug\libFreeRTOS-Kernel.a(heap_4.o)
 .debug_macro   0x000068b2       0x28 C:\Users\Manue\OneDrive\Documentos\Isel\19-20\Verao\SE2\Ambiente\SE2\FreeRTOS-Kernel\Debug\libFreeRTOS-Kernel.a(heap_4.o)
 .debug_macro   0x000068da       0xdc C:\Users\Manue\OneDrive\Documentos\Isel\19-20\Verao\SE2\Ambiente\SE2\FreeRTOS-Kernel\Debug\libFreeRTOS-Kernel.a(heap_4.o)
 .debug_macro   0x000069b6      0x196 C:\Users\Manue\OneDrive\Documentos\Isel\19-20\Verao\SE2\Ambiente\SE2\FreeRTOS-Kernel\Debug\libFreeRTOS-Kernel.a(port.o)
 .debug_macro   0x00006b4c      0x166 C:\Users\Manue\OneDrive\Documentos\Isel\19-20\Verao\SE2\Ambiente\SE2\FreeRTOS-Kernel\Debug\libFreeRTOS-Kernel.a(queue.o)
 .debug_macro   0x00006cb2      0x1c9 C:\Users\Manue\OneDrive\Documentos\Isel\19-20\Verao\SE2\Ambiente\SE2\FreeRTOS-Kernel\Debug\libFreeRTOS-Kernel.a(tasks.o)
 .debug_macro   0x00006e7b       0x91 C:\Users\Manue\OneDrive\Documentos\Isel\19-20\Verao\SE2\Ambiente\SE2\FreeRTOS-Kernel\Debug\libFreeRTOS-Kernel.a(tasks.o)
 .debug_macro   0x00006f0c       0x10 C:\Users\Manue\OneDrive\Documentos\Isel\19-20\Verao\SE2\Ambiente\SE2\FreeRTOS-Kernel\Debug\libFreeRTOS-Kernel.a(tasks.o)
 .debug_macro   0x00006f1c       0xf9 C:\Users\Manue\OneDrive\Documentos\Isel\19-20\Verao\SE2\Ambiente\SE2\FreeRTOS-Kernel\Debug\libFreeRTOS-Kernel.a(list.o)
 .debug_macro   0x00007015      0x12d C:\Users\Manue\OneDrive\Documentos\Isel\19-20\Verao\SE2\Ambiente\SE2\CMSIS_CORE_LPC17xx\Debug\libCMSIS_CORE_LPC17xx.a(system_LPC17xx.o)
 .debug_macro   0x00007142      0xaa2 C:\Users\Manue\OneDrive\Documentos\Isel\19-20\Verao\SE2\Ambiente\SE2\CMSIS_CORE_LPC17xx\Debug\libCMSIS_CORE_LPC17xx.a(system_LPC17xx.o)

.debug_line     0x00000000     0xa3fe
 .debug_line    0x00000000      0x486 ./src/ProjectV2/format_view.o
 .debug_line    0x00000486      0x49b ./src/ProjectV2/menu_normal.o
 .debug_line    0x00000921      0x4e3 ./src/ProjectV2/xInit_menu.o
 .debug_line    0x00000e04      0x4bd ./src/ProjectV2/xMenu.o
 .debug_line    0x000012c1      0x75a ./src/ProjectV2/xViewLCDText.o
 .debug_line    0x00001a1b      0x6e4 ./src/ProjectTasks/button_task.o
 .debug_line    0x000020ff      0x700 ./src/ProjectTasks/data_center_task.o
 .debug_line    0x000027ff      0x782 ./src/ProjectTasks/local_task.o
 .debug_line    0x00002f81      0x6e6 ./src/ProjectTasks/sensor_task.o
 .debug_line    0x00003667      0x7c9 ./src/ProjectTasks/view_task.o
 .debug_line    0x00003e30      0x434 ./src/KernelUtils/KernelDebbug.o
 .debug_line    0x00004264      0x169 ./src/cr_startup_lpc175x_6x-FreeRTOS.o
 .debug_line    0x000043cd       0xb1 ./src/crp.o
 .debug_line    0x0000447e      0x5fd ./src/project.o
 .debug_line    0x00004a7b      0x629 C:\Users\Manue\OneDrive\Documentos\Isel\19-20\Verao\SE2\Ambiente\SE2\SE1920\Debug\libSE1920.a(BMP280.o)
 .debug_line    0x000050a4      0x42d C:\Users\Manue\OneDrive\Documentos\Isel\19-20\Verao\SE2\Ambiente\SE2\SE1920\Debug\libSE1920.a(button.o)
 .debug_line    0x000054d1      0x44e C:\Users\Manue\OneDrive\Documentos\Isel\19-20\Verao\SE2\Ambiente\SE2\SE1920\Debug\libSE1920.a(lcd.o)
 .debug_line    0x0000591f      0x2cf C:\Users\Manue\OneDrive\Documentos\Isel\19-20\Verao\SE2\Ambiente\SE2\SE1920\Debug\libSE1920.a(led.o)
 .debug_line    0x00005bee      0x325 C:\Users\Manue\OneDrive\Documentos\Isel\19-20\Verao\SE2\Ambiente\SE2\SE1920\Debug\libSE1920.a(peripherals.o)
 .debug_line    0x00005f13      0x449 C:\Users\Manue\OneDrive\Documentos\Isel\19-20\Verao\SE2\Ambiente\SE2\SE1920\Debug\libSE1920.a(rtc.o)
 .debug_line    0x0000635c      0x36e C:\Users\Manue\OneDrive\Documentos\Isel\19-20\Verao\SE2\Ambiente\SE2\SE1920\Debug\libSE1920.a(spi.o)
 .debug_line    0x000066ca      0x49b C:\Users\Manue\OneDrive\Documentos\Isel\19-20\Verao\SE2\Ambiente\SE2\SE1920\Debug\libSE1920.a(xWait.o)
 .debug_line    0x00006b65      0x774 C:\Users\Manue\OneDrive\Documentos\Isel\19-20\Verao\SE2\Ambiente\SE2\SE1920\Debug\libSE1920.a(i2c.o)
 .debug_line    0x000072d9      0x60f C:\Users\Manue\OneDrive\Documentos\Isel\19-20\Verao\SE2\Ambiente\SE2\FreeRTOS-Kernel\Debug\libFreeRTOS-Kernel.a(heap_4.o)
 .debug_line    0x000078e8      0x4dc C:\Users\Manue\OneDrive\Documentos\Isel\19-20\Verao\SE2\Ambiente\SE2\FreeRTOS-Kernel\Debug\libFreeRTOS-Kernel.a(port.o)
 .debug_line    0x00007dc4      0xb7d C:\Users\Manue\OneDrive\Documentos\Isel\19-20\Verao\SE2\Ambiente\SE2\FreeRTOS-Kernel\Debug\libFreeRTOS-Kernel.a(queue.o)
 .debug_line    0x00008941     0x11b0 C:\Users\Manue\OneDrive\Documentos\Isel\19-20\Verao\SE2\Ambiente\SE2\FreeRTOS-Kernel\Debug\libFreeRTOS-Kernel.a(tasks.o)
 .debug_line    0x00009af1      0x48c C:\Users\Manue\OneDrive\Documentos\Isel\19-20\Verao\SE2\Ambiente\SE2\FreeRTOS-Kernel\Debug\libFreeRTOS-Kernel.a(list.o)
 .debug_line    0x00009f7d      0x481 C:\Users\Manue\OneDrive\Documentos\Isel\19-20\Verao\SE2\Ambiente\SE2\CMSIS_CORE_LPC17xx\Debug\libCMSIS_CORE_LPC17xx.a(system_LPC17xx.o)

.debug_str      0x00000000    0x158b8
 .debug_str     0x00000000     0xb8d1 ./src/ProjectV2/format_view.o
                               0xb98d (size before relaxing)
 .debug_str     0x0000b8d1      0x18f ./src/ProjectV2/menu_normal.o
                               0xba6a (size before relaxing)
 .debug_str     0x0000ba60       0xde ./src/ProjectV2/xInit_menu.o
                               0xbb1d (size before relaxing)
 .debug_str     0x0000bb3e       0x3c ./src/ProjectV2/xMenu.o
                               0xba76 (size before relaxing)
 .debug_str     0x0000bb7a     0x4d70 ./src/ProjectV2/xViewLCDText.o
                              0x106b8 (size before relaxing)
 .debug_str     0x000108ea       0xdc ./src/ProjectTasks/button_task.o
                              0x107a5 (size before relaxing)
 .debug_str     0x000109c6      0x247 ./src/ProjectTasks/data_center_task.o
                              0x106fb (size before relaxing)
 .debug_str     0x00010c0d       0xfa ./src/ProjectTasks/local_task.o
                              0x10a18 (size before relaxing)
 .debug_str     0x00010d07       0x3e ./src/ProjectTasks/sensor_task.o
                              0x10757 (size before relaxing)
 .debug_str     0x00010d45      0x115 ./src/ProjectTasks/view_task.o
                              0x10879 (size before relaxing)
 .debug_str     0x00010e5a      0x200 ./src/KernelUtils/KernelDebbug.o
                               0xde0b (size before relaxing)
 .debug_str     0x0001105a      0x1c3 ./src/cr_startup_lpc175x_6x-FreeRTOS.o
                               0x2fd5 (size before relaxing)
 .debug_str     0x0001121d       0xe9 ./src/crp.o
                               0x2ed9 (size before relaxing)
 .debug_str     0x00011306       0x16 ./src/project.o
                              0x1071f (size before relaxing)
 .debug_str     0x0001131c      0x595 C:\Users\Manue\OneDrive\Documentos\Isel\19-20\Verao\SE2\Ambiente\SE2\SE1920\Debug\libSE1920.a(BMP280.o)
                               0xbcc4 (size before relaxing)
 .debug_str     0x000118b1      0x36b C:\Users\Manue\OneDrive\Documentos\Isel\19-20\Verao\SE2\Ambiente\SE2\SE1920\Debug\libSE1920.a(button.o)
                               0xa910 (size before relaxing)
 .debug_str     0x00011c1c      0x19f C:\Users\Manue\OneDrive\Documentos\Isel\19-20\Verao\SE2\Ambiente\SE2\SE1920\Debug\libSE1920.a(lcd.o)
                               0xa91b (size before relaxing)
 .debug_str     0x00011dbb       0x47 C:\Users\Manue\OneDrive\Documentos\Isel\19-20\Verao\SE2\Ambiente\SE2\SE1920\Debug\libSE1920.a(led.o)
                               0x9fcd (size before relaxing)
 .debug_str     0x00011e02       0x15 C:\Users\Manue\OneDrive\Documentos\Isel\19-20\Verao\SE2\Ambiente\SE2\SE1920\Debug\libSE1920.a(peripherals.o)
                               0xb581 (size before relaxing)
 .debug_str     0x00011e17      0x1e7 C:\Users\Manue\OneDrive\Documentos\Isel\19-20\Verao\SE2\Ambiente\SE2\SE1920\Debug\libSE1920.a(rtc.o)
                               0xa4a6 (size before relaxing)
 .debug_str     0x00011ffe       0x99 C:\Users\Manue\OneDrive\Documentos\Isel\19-20\Verao\SE2\Ambiente\SE2\SE1920\Debug\libSE1920.a(spi.o)
                               0xa3c1 (size before relaxing)
 .debug_str     0x00012097       0x5a C:\Users\Manue\OneDrive\Documentos\Isel\19-20\Verao\SE2\Ambiente\SE2\SE1920\Debug\libSE1920.a(xWait.o)
                               0xde66 (size before relaxing)
 .debug_str     0x000120f1      0x39e C:\Users\Manue\OneDrive\Documentos\Isel\19-20\Verao\SE2\Ambiente\SE2\SE1920\Debug\libSE1920.a(i2c.o)
                               0xabac (size before relaxing)
 .debug_str     0x0001248f      0x4b6 C:\Users\Manue\OneDrive\Documentos\Isel\19-20\Verao\SE2\Ambiente\SE2\FreeRTOS-Kernel\Debug\libFreeRTOS-Kernel.a(heap_4.o)
                               0xdf71 (size before relaxing)
 .debug_str     0x00012945      0x699 C:\Users\Manue\OneDrive\Documentos\Isel\19-20\Verao\SE2\Ambiente\SE2\FreeRTOS-Kernel\Debug\libFreeRTOS-Kernel.a(port.o)
                               0xe239 (size before relaxing)
 .debug_str     0x00012fde      0x858 C:\Users\Manue\OneDrive\Documentos\Isel\19-20\Verao\SE2\Ambiente\SE2\FreeRTOS-Kernel\Debug\libFreeRTOS-Kernel.a(queue.o)
                               0xeccc (size before relaxing)
 .debug_str     0x00013836     0x1bbf C:\Users\Manue\OneDrive\Documentos\Isel\19-20\Verao\SE2\Ambiente\SE2\FreeRTOS-Kernel\Debug\libFreeRTOS-Kernel.a(tasks.o)
                               0xfacf (size before relaxing)
 .debug_str     0x000153f5       0x90 C:\Users\Manue\OneDrive\Documentos\Isel\19-20\Verao\SE2\Ambiente\SE2\FreeRTOS-Kernel\Debug\libFreeRTOS-Kernel.a(list.o)
                               0xd6a2 (size before relaxing)
 .debug_str     0x00015485      0x433 C:\Users\Manue\OneDrive\Documentos\Isel\19-20\Verao\SE2\Ambiente\SE2\CMSIS_CORE_LPC17xx\Debug\libCMSIS_CORE_LPC17xx.a(system_LPC17xx.o)
                               0xa240 (size before relaxing)

.comment        0x00000000       0x76
 .comment       0x00000000       0x76 ./src/ProjectV2/format_view.o
                                 0x77 (size before relaxing)
 .comment       0x00000076       0x77 ./src/ProjectV2/menu_normal.o
 .comment       0x00000076       0x77 ./src/ProjectV2/xInit_menu.o
 .comment       0x00000076       0x77 ./src/ProjectV2/xMenu.o
 .comment       0x00000076       0x77 ./src/ProjectV2/xViewLCDText.o
 .comment       0x00000076       0x77 ./src/ProjectTasks/button_task.o
 .comment       0x00000076       0x77 ./src/ProjectTasks/data_center_task.o
 .comment       0x00000076       0x77 ./src/ProjectTasks/local_task.o
 .comment       0x00000076       0x77 ./src/ProjectTasks/sensor_task.o
 .comment       0x00000076       0x77 ./src/ProjectTasks/view_task.o
 .comment       0x00000076       0x77 ./src/KernelUtils/KernelDebbug.o
 .comment       0x00000076       0x77 ./src/cr_startup_lpc175x_6x-FreeRTOS.o
 .comment       0x00000076       0x77 ./src/crp.o
 .comment       0x00000076       0x77 ./src/project.o
 .comment       0x00000076       0x77 C:\Users\Manue\OneDrive\Documentos\Isel\19-20\Verao\SE2\Ambiente\SE2\SE1920\Debug\libSE1920.a(BMP280.o)
 .comment       0x00000076       0x77 C:\Users\Manue\OneDrive\Documentos\Isel\19-20\Verao\SE2\Ambiente\SE2\SE1920\Debug\libSE1920.a(button.o)
 .comment       0x00000076       0x77 C:\Users\Manue\OneDrive\Documentos\Isel\19-20\Verao\SE2\Ambiente\SE2\SE1920\Debug\libSE1920.a(lcd.o)
 .comment       0x00000076       0x77 C:\Users\Manue\OneDrive\Documentos\Isel\19-20\Verao\SE2\Ambiente\SE2\SE1920\Debug\libSE1920.a(led.o)
 .comment       0x00000076       0x77 C:\Users\Manue\OneDrive\Documentos\Isel\19-20\Verao\SE2\Ambiente\SE2\SE1920\Debug\libSE1920.a(peripherals.o)
 .comment       0x00000076       0x77 C:\Users\Manue\OneDrive\Documentos\Isel\19-20\Verao\SE2\Ambiente\SE2\SE1920\Debug\libSE1920.a(rtc.o)
 .comment       0x00000076       0x77 C:\Users\Manue\OneDrive\Documentos\Isel\19-20\Verao\SE2\Ambiente\SE2\SE1920\Debug\libSE1920.a(spi.o)
 .comment       0x00000076       0x77 C:\Users\Manue\OneDrive\Documentos\Isel\19-20\Verao\SE2\Ambiente\SE2\SE1920\Debug\libSE1920.a(xWait.o)
 .comment       0x00000076       0x77 C:\Users\Manue\OneDrive\Documentos\Isel\19-20\Verao\SE2\Ambiente\SE2\SE1920\Debug\libSE1920.a(i2c.o)
 .comment       0x00000076       0x77 C:\Users\Manue\OneDrive\Documentos\Isel\19-20\Verao\SE2\Ambiente\SE2\FreeRTOS-Kernel\Debug\libFreeRTOS-Kernel.a(heap_4.o)